
===========================================================================
 report_power
============================================================================
======================= Fastest Corner ===================================

Group                  Internal  Switching    Leakage      Total
                          Power      Power      Power      Power (Watts)
----------------------------------------------------------------
Sequential             4.46e-04   2.84e-04   3.28e-07   7.31e-04  30.8%
Combinational          6.38e-04   1.00e-03   8.45e-09   1.64e-03  69.2%
Macro                  0.00e+00   0.00e+00   0.00e+00   0.00e+00   0.0%
Pad                    0.00e+00   0.00e+00   0.00e+00   0.00e+00   0.0%
----------------------------------------------------------------
Total                  1.08e-03   1.29e-03   3.36e-07   2.37e-03 100.0%
                          45.7%      54.3%       0.0%

======================= Slowest Corner ===================================

Group                  Internal  Switching    Leakage      Total
                          Power      Power      Power      Power (Watts)
----------------------------------------------------------------
Sequential             3.00e-04   1.89e-04   1.31e-06   4.91e-04  30.2%
Combinational          4.62e-04   6.67e-04   2.67e-06   1.13e-03  69.8%
Macro                  0.00e+00   0.00e+00   0.00e+00   0.00e+00   0.0%
Pad                    0.00e+00   0.00e+00   0.00e+00   0.00e+00   0.0%
----------------------------------------------------------------
Total                  7.62e-04   8.56e-04   3.98e-06   1.62e-03 100.0%
                          47.0%      52.8%       0.2%

======================= Typical Corner ===================================

Group                  Internal  Switching    Leakage      Total
                          Power      Power      Power      Power (Watts)
----------------------------------------------------------------
Sequential             3.86e-04   2.41e-04   3.27e-07   6.27e-04  30.7%
Combinational          5.64e-04   8.51e-04   6.41e-09   1.41e-03  69.3%
Macro                  0.00e+00   0.00e+00   0.00e+00   0.00e+00   0.0%
Pad                    0.00e+00   0.00e+00   0.00e+00   0.00e+00   0.0%
----------------------------------------------------------------
Total                  9.50e-04   1.09e-03   3.34e-07   2.04e-03 100.0%
                          46.5%      53.5%       0.0%

