
===========================================================================
report_checks -unconstrained
===========================================================================
======================= Fastest Corner ===================================

Startpoint: rst_n (input port clocked by clk)
Endpoint: _429_ (recovery check against rising-edge clock clk)
Path Group: asynchronous
Path Type: max
Corner: Fastest

Fanout     Cap    Slew   Delay    Time   Description
-----------------------------------------------------------------------------
                          0.00    0.00   clock clk (rise edge)
                          0.00    0.00   clock network delay (propagated)
                          2.00    2.00 ^ input external delay
                  0.01    0.01    2.01 ^ rst_n (in)
     1    0.00                           rst_n (net)
                  0.01    0.00    2.01 ^ input10/A (sky130_fd_sc_hd__buf_1)
                  0.11    0.11    2.12 ^ input10/X (sky130_fd_sc_hd__buf_1)
     2    0.01                           net10 (net)
                  0.11    0.00    2.12 ^ fanout27/A (sky130_fd_sc_hd__buf_2)
                  0.14    0.17    2.29 ^ fanout27/X (sky130_fd_sc_hd__buf_2)
     7    0.04                           net27 (net)
                  0.14    0.00    2.29 ^ fanout25/A (sky130_fd_sc_hd__clkbuf_4)
                  0.11    0.18    2.47 ^ fanout25/X (sky130_fd_sc_hd__clkbuf_4)
    10    0.05                           net25 (net)
                  0.11    0.00    2.47 ^ _429_/SET_B (sky130_fd_sc_hd__dfstp_1)
                                  2.47   data arrival time

                         10.00   10.00   clock clk (rise edge)
                          0.00   10.00   clock source latency
                  0.07    0.05   10.05 ^ clk (in)
     1    0.02                           clk (net)
                  0.07    0.00   10.05 ^ clkbuf_0_clk/A (sky130_fd_sc_hd__clkbuf_16)
                  0.08    0.13   10.17 ^ clkbuf_0_clk/X (sky130_fd_sc_hd__clkbuf_16)
     8    0.09                           clknet_0_clk (net)
                  0.08    0.00   10.17 ^ clkbuf_3_5__f_clk/A (sky130_fd_sc_hd__clkbuf_16)
                  0.03    0.09   10.26 ^ clkbuf_3_5__f_clk/X (sky130_fd_sc_hd__clkbuf_16)
     6    0.02                           clknet_3_5__leaf_clk (net)
                  0.03    0.00   10.27 ^ _429_/CLK (sky130_fd_sc_hd__dfstp_1)
                         -0.25   10.02   clock uncertainty
                          0.00   10.02   clock reconvergence pessimism
                          0.09   10.10   library recovery time
                                 10.10   data required time
-----------------------------------------------------------------------------
                                 10.10   data required time
                                 -2.47   data arrival time
-----------------------------------------------------------------------------
                                  7.63   slack (MET)


Startpoint: _429_ (rising edge-triggered flip-flop clocked by clk)
Endpoint: tx_out (output port clocked by clk)
Path Group: clk
Path Type: max
Corner: Fastest

Fanout     Cap    Slew   Delay    Time   Description
-----------------------------------------------------------------------------
                          0.00    0.00   clock clk (rise edge)
                          0.00    0.00   clock source latency
                  0.07    0.05    0.05 ^ clk (in)
     1    0.02                           clk (net)
                  0.07    0.00    0.05 ^ clkbuf_0_clk/A (sky130_fd_sc_hd__clkbuf_16)
                  0.08    0.14    0.19 ^ clkbuf_0_clk/X (sky130_fd_sc_hd__clkbuf_16)
     8    0.09                           clknet_0_clk (net)
                  0.08    0.00    0.19 ^ clkbuf_3_5__f_clk/A (sky130_fd_sc_hd__clkbuf_16)
                  0.03    0.10    0.29 ^ clkbuf_3_5__f_clk/X (sky130_fd_sc_hd__clkbuf_16)
     6    0.02                           clknet_3_5__leaf_clk (net)
                  0.03    0.00    0.29 ^ _429_/CLK (sky130_fd_sc_hd__dfstp_1)
                  0.03    0.31    0.60 ^ _429_/Q (sky130_fd_sc_hd__dfstp_1)
     1    0.00                           net22 (net)
                  0.03    0.00    0.60 ^ output22/A (sky130_fd_sc_hd__buf_2)
                  0.13    0.14    0.75 ^ output22/X (sky130_fd_sc_hd__buf_2)
     1    0.03                           tx_out (net)
                  0.13    0.00    0.75 ^ tx_out (out)
                                  0.75   data arrival time

                         10.00   10.00   clock clk (rise edge)
                          0.00   10.00   clock network delay (propagated)
                         -0.25    9.75   clock uncertainty
                          0.00    9.75   clock reconvergence pessimism
                         -2.00    7.75   output external delay
                                  7.75   data required time
-----------------------------------------------------------------------------
                                  7.75   data required time
                                 -0.75   data arrival time
-----------------------------------------------------------------------------
                                  7.00   slack (MET)



======================= Slowest Corner ===================================

Startpoint: rst_n (input port clocked by clk)
Endpoint: _429_ (recovery check against rising-edge clock clk)
Path Group: asynchronous
Path Type: max
Corner: Slowest

Fanout     Cap    Slew   Delay    Time   Description
-----------------------------------------------------------------------------
                          0.00    0.00   clock clk (rise edge)
                          0.00    0.00   clock network delay (propagated)
                          2.00    2.00 ^ input external delay
                  0.03    0.02    2.02 ^ rst_n (in)
     1    0.00                           rst_n (net)
                  0.03    0.00    2.02 ^ input10/A (sky130_fd_sc_hd__buf_1)
                  0.24    0.27    2.28 ^ input10/X (sky130_fd_sc_hd__buf_1)
     2    0.01                           net10 (net)
                  0.24    0.00    2.28 ^ fanout27/A (sky130_fd_sc_hd__buf_2)
                  0.28    0.44    2.73 ^ fanout27/X (sky130_fd_sc_hd__buf_2)
     7    0.03                           net27 (net)
                  0.28    0.00    2.73 ^ fanout25/A (sky130_fd_sc_hd__clkbuf_4)
                  0.23    0.48    3.21 ^ fanout25/X (sky130_fd_sc_hd__clkbuf_4)
    10    0.04                           net25 (net)
                  0.23    0.00    3.21 ^ _429_/SET_B (sky130_fd_sc_hd__dfstp_1)
                                  3.21   data arrival time

                         10.00   10.00   clock clk (rise edge)
                          0.00   10.00   clock source latency
                  0.14    0.09   10.09 ^ clk (in)
     1    0.02                           clk (net)
                  0.15    0.00   10.09 ^ clkbuf_0_clk/A (sky130_fd_sc_hd__clkbuf_16)
                  0.16    0.32   10.41 ^ clkbuf_0_clk/X (sky130_fd_sc_hd__clkbuf_16)
     8    0.09                           clknet_0_clk (net)
                  0.16    0.00   10.41 ^ clkbuf_3_5__f_clk/A (sky130_fd_sc_hd__clkbuf_16)
                  0.06    0.24   10.66 ^ clkbuf_3_5__f_clk/X (sky130_fd_sc_hd__clkbuf_16)
     6    0.02                           clknet_3_5__leaf_clk (net)
                  0.06    0.00   10.66 ^ _429_/CLK (sky130_fd_sc_hd__dfstp_1)
                         -0.25   10.41   clock uncertainty
                          0.00   10.41   clock reconvergence pessimism
                          0.25   10.65   library recovery time
                                 10.65   data required time
-----------------------------------------------------------------------------
                                 10.65   data required time
                                 -3.21   data arrival time
-----------------------------------------------------------------------------
                                  7.44   slack (MET)


Startpoint: _423_ (rising edge-triggered flip-flop clocked by clk)
Endpoint: _414_ (rising edge-triggered flip-flop clocked by clk)
Path Group: clk
Path Type: max
Corner: Slowest

Fanout     Cap    Slew   Delay    Time   Description
-----------------------------------------------------------------------------
                          0.00    0.00   clock clk (rise edge)
                          0.00    0.00   clock source latency
                  0.14    0.10    0.10 ^ clk (in)
     1    0.02                           clk (net)
                  0.15    0.00    0.10 ^ clkbuf_0_clk/A (sky130_fd_sc_hd__clkbuf_16)
                  0.16    0.35    0.45 ^ clkbuf_0_clk/X (sky130_fd_sc_hd__clkbuf_16)
     8    0.09                           clknet_0_clk (net)
                  0.16    0.00    0.46 ^ clkbuf_3_2__f_clk/A (sky130_fd_sc_hd__clkbuf_16)
                  0.07    0.28    0.74 ^ clkbuf_3_2__f_clk/X (sky130_fd_sc_hd__clkbuf_16)
     9    0.02                           clknet_3_2__leaf_clk (net)
                  0.07    0.00    0.74 ^ _423_/CLK (sky130_fd_sc_hd__dfrtp_4)
                  0.18    1.14    1.88 v _423_/Q (sky130_fd_sc_hd__dfrtp_4)
     9    0.03                           rx_baud_cnt[6] (net)
                  0.18    0.00    1.88 v _206_/B (sky130_fd_sc_hd__or4bb_1)
                  0.24    1.31    3.18 v _206_/X (sky130_fd_sc_hd__or4bb_1)
     3    0.01                           _060_ (net)
                  0.24    0.00    3.18 v _207_/C (sky130_fd_sc_hd__nor3_1)
                  0.47    0.47    3.65 ^ _207_/Y (sky130_fd_sc_hd__nor3_1)
     2    0.01                           _061_ (net)
                  0.47    0.00    3.65 ^ max_cap23/A (sky130_fd_sc_hd__clkbuf_2)
                  0.19    0.46    4.11 ^ max_cap23/X (sky130_fd_sc_hd__clkbuf_2)
     4    0.02                           net23 (net)
                  0.19    0.00    4.11 ^ _239_/C (sky130_fd_sc_hd__nand3_4)
                  0.40    0.44    4.55 v _239_/Y (sky130_fd_sc_hd__nand3_4)
     9    0.06                           _086_ (net)
                  0.40    0.00    4.56 v _291_/S (sky130_fd_sc_hd__mux2_1)
                  0.11    0.86    5.42 v _291_/X (sky130_fd_sc_hd__mux2_1)
     1    0.00                           _121_ (net)
                  0.11    0.00    5.42 v hold16/A (sky130_fd_sc_hd__dlygate4sd3_1)
                  0.11    1.20    6.62 v hold16/X (sky130_fd_sc_hd__dlygate4sd3_1)
     1    0.00                           net47 (net)
                  0.11    0.00    6.62 v _292_/A (sky130_fd_sc_hd__clkbuf_1)
                  0.04    0.18    6.80 v _292_/X (sky130_fd_sc_hd__clkbuf_1)
     1    0.00                           _023_ (net)
                  0.04    0.00    6.80 v _414_/D (sky130_fd_sc_hd__dfrtp_1)
                                  6.80   data arrival time

                         10.00   10.00   clock clk (rise edge)
                          0.00   10.00   clock source latency
                  0.14    0.09   10.09 ^ clk (in)
     1    0.02                           clk (net)
                  0.15    0.00   10.09 ^ clkbuf_0_clk/A (sky130_fd_sc_hd__clkbuf_16)
                  0.16    0.32   10.41 ^ clkbuf_0_clk/X (sky130_fd_sc_hd__clkbuf_16)
     8    0.09                           clknet_0_clk (net)
                  0.16    0.00   10.41 ^ clkbuf_3_1__f_clk/A (sky130_fd_sc_hd__clkbuf_16)
                  0.07    0.25   10.66 ^ clkbuf_3_1__f_clk/X (sky130_fd_sc_hd__clkbuf_16)
     6    0.02                           clknet_3_1__leaf_clk (net)
                  0.07    0.00   10.66 ^ _414_/CLK (sky130_fd_sc_hd__dfrtp_1)
                         -0.25   10.41   clock uncertainty
                          0.04   10.46   clock reconvergence pessimism
                         -0.27   10.19   library setup time
                                 10.19   data required time
-----------------------------------------------------------------------------
                                 10.19   data required time
                                 -6.80   data arrival time
-----------------------------------------------------------------------------
                                  3.39   slack (MET)



======================= Typical Corner ===================================

Startpoint: rst_n (input port clocked by clk)
Endpoint: _429_ (recovery check against rising-edge clock clk)
Path Group: asynchronous
Path Type: max
Corner: Typical

Fanout     Cap    Slew   Delay    Time   Description
-----------------------------------------------------------------------------
                          0.00    0.00   clock clk (rise edge)
                          0.00    0.00   clock network delay (propagated)
                          2.00    2.00 ^ input external delay
                  0.02    0.01    2.01 ^ rst_n (in)
     1    0.00                           rst_n (net)
                  0.02    0.00    2.01 ^ input10/A (sky130_fd_sc_hd__buf_1)
                  0.15    0.15    2.16 ^ input10/X (sky130_fd_sc_hd__buf_1)
     2    0.01                           net10 (net)
                  0.15    0.00    2.16 ^ fanout27/A (sky130_fd_sc_hd__buf_2)
                  0.18    0.25    2.42 ^ fanout27/X (sky130_fd_sc_hd__buf_2)
     7    0.04                           net27 (net)
                  0.18    0.00    2.42 ^ fanout25/A (sky130_fd_sc_hd__clkbuf_4)
                  0.15    0.27    2.69 ^ fanout25/X (sky130_fd_sc_hd__clkbuf_4)
    10    0.05                           net25 (net)
                  0.15    0.00    2.69 ^ _429_/SET_B (sky130_fd_sc_hd__dfstp_1)
                                  2.69   data arrival time

                         10.00   10.00   clock clk (rise edge)
                          0.00   10.00   clock source latency
                  0.09    0.06   10.06 ^ clk (in)
     1    0.02                           clk (net)
                  0.09    0.00   10.06 ^ clkbuf_0_clk/A (sky130_fd_sc_hd__clkbuf_16)
                  0.10    0.18   10.24 ^ clkbuf_0_clk/X (sky130_fd_sc_hd__clkbuf_16)
     8    0.09                           clknet_0_clk (net)
                  0.10    0.00   10.24 ^ clkbuf_3_5__f_clk/A (sky130_fd_sc_hd__clkbuf_16)
                  0.04    0.14   10.38 ^ clkbuf_3_5__f_clk/X (sky130_fd_sc_hd__clkbuf_16)
     6    0.02                           clknet_3_5__leaf_clk (net)
                  0.04    0.00   10.38 ^ _429_/CLK (sky130_fd_sc_hd__dfstp_1)
                         -0.25   10.13   clock uncertainty
                          0.00   10.13   clock reconvergence pessimism
                          0.13   10.26   library recovery time
                                 10.26   data required time
-----------------------------------------------------------------------------
                                 10.26   data required time
                                 -2.69   data arrival time
-----------------------------------------------------------------------------
                                  7.56   slack (MET)


Startpoint: _429_ (rising edge-triggered flip-flop clocked by clk)
Endpoint: tx_out (output port clocked by clk)
Path Group: clk
Path Type: max
Corner: Typical

Fanout     Cap    Slew   Delay    Time   Description
-----------------------------------------------------------------------------
                          0.00    0.00   clock clk (rise edge)
                          0.00    0.00   clock source latency
                  0.09    0.07    0.07 ^ clk (in)
     1    0.02                           clk (net)
                  0.09    0.00    0.07 ^ clkbuf_0_clk/A (sky130_fd_sc_hd__clkbuf_16)
                  0.10    0.20    0.27 ^ clkbuf_0_clk/X (sky130_fd_sc_hd__clkbuf_16)
     8    0.09                           clknet_0_clk (net)
                  0.10    0.00    0.27 ^ clkbuf_3_5__f_clk/A (sky130_fd_sc_hd__clkbuf_16)
                  0.04    0.15    0.42 ^ clkbuf_3_5__f_clk/X (sky130_fd_sc_hd__clkbuf_16)
     6    0.02                           clknet_3_5__leaf_clk (net)
                  0.04    0.00    0.42 ^ _429_/CLK (sky130_fd_sc_hd__dfstp_1)
                  0.04    0.51    0.93 ^ _429_/Q (sky130_fd_sc_hd__dfstp_1)
     1    0.00                           net22 (net)
                  0.04    0.00    0.93 ^ output22/A (sky130_fd_sc_hd__buf_2)
                  0.17    0.21    1.14 ^ output22/X (sky130_fd_sc_hd__buf_2)
     1    0.03                           tx_out (net)
                  0.17    0.00    1.14 ^ tx_out (out)
                                  1.14   data arrival time

                         10.00   10.00   clock clk (rise edge)
                          0.00   10.00   clock network delay (propagated)
                         -0.25    9.75   clock uncertainty
                          0.00    9.75   clock reconvergence pessimism
                         -2.00    7.75   output external delay
                                  7.75   data required time
-----------------------------------------------------------------------------
                                  7.75   data required time
                                 -1.14   data arrival time
-----------------------------------------------------------------------------
                                  6.61   slack (MET)




===========================================================================
report_checks --slack_max -0.01
============================================================================
======================= Fastest Corner ===================================

No paths found.

======================= Slowest Corner ===================================

No paths found.

======================= Typical Corner ===================================

No paths found.


===========================================================================
 report_check_types -max_slew -max_cap -max_fanout -violators
============================================================================
======================= Fastest Corner ===================================


======================= Slowest Corner ===================================


======================= Typical Corner ===================================



===========================================================================
report_parasitic_annotation -report_unannotated
============================================================================
Found 0 unannotated drivers.
Found 0 partially unannotated drivers.

===========================================================================
max slew violation count 0
max fanout violation count 0
max cap violation count 0
============================================================================

===========================================================================
check_setup -verbose -unconstrained_endpoints -multiple_clock -no_clock -no_input_delay -loops -generated_clocks
===========================================================================
