
===========================================================================
 report_power
============================================================================
======================= Fastest Corner ===================================

Group                  Internal  Switching    Leakage      Total
                          Power      Power      Power      Power (Watts)
----------------------------------------------------------------
Sequential             3.54e-04   7.73e-05   2.85e-07   4.31e-04  40.2%
Combinational          3.87e-04   2.54e-04   3.46e-09   6.41e-04  59.8%
Macro                  0.00e+00   0.00e+00   0.00e+00   0.00e+00   0.0%
Pad                    0.00e+00   0.00e+00   0.00e+00   0.00e+00   0.0%
----------------------------------------------------------------
Total                  7.41e-04   3.31e-04   2.88e-07   1.07e-03 100.0%
                          69.1%      30.9%       0.0%

======================= Slowest Corner ===================================

Group                  Internal  Switching    Leakage      Total
                          Power      Power      Power      Power (Watts)
----------------------------------------------------------------
Sequential             2.38e-04   4.99e-05   1.17e-06   2.89e-04  39.5%
Combinational          2.76e-04   1.65e-04   1.51e-06   4.42e-04  60.5%
Macro                  0.00e+00   0.00e+00   0.00e+00   0.00e+00   0.0%
Pad                    0.00e+00   0.00e+00   0.00e+00   0.00e+00   0.0%
----------------------------------------------------------------
Total                  5.14e-04   2.15e-04   2.68e-06   7.31e-04 100.0%
                          70.3%      29.3%       0.4%

======================= Typical Corner ===================================

Group                  Internal  Switching    Leakage      Total
                          Power      Power      Power      Power (Watts)
----------------------------------------------------------------
Sequential             3.06e-04   6.43e-05   2.85e-07   3.70e-04  40.0%
Combinational          3.42e-04   2.13e-04   1.84e-09   5.55e-04  60.0%
Macro                  0.00e+00   0.00e+00   0.00e+00   0.00e+00   0.0%
Pad                    0.00e+00   0.00e+00   0.00e+00   0.00e+00   0.0%
----------------------------------------------------------------
Total                  6.48e-04   2.77e-04   2.87e-07   9.25e-04 100.0%
                          70.0%      30.0%       0.0%

