
===========================================================================
 report_power
============================================================================
======================= Fastest Corner ===================================

Group                  Internal  Switching    Leakage      Total
                          Power      Power      Power      Power (Watts)
----------------------------------------------------------------
Sequential             3.53e-04   7.96e-05   2.85e-07   4.33e-04  40.1%
Combinational          3.87e-04   2.61e-04   3.46e-09   6.49e-04  59.9%
Macro                  0.00e+00   0.00e+00   0.00e+00   0.00e+00   0.0%
Pad                    0.00e+00   0.00e+00   0.00e+00   0.00e+00   0.0%
----------------------------------------------------------------
Total                  7.41e-04   3.41e-04   2.88e-07   1.08e-03 100.0%
                          68.5%      31.5%       0.0%

======================= Slowest Corner ===================================

Group                  Internal  Switching    Leakage      Total
                          Power      Power      Power      Power (Watts)
----------------------------------------------------------------
Sequential             2.37e-04   5.15e-05   1.17e-06   2.90e-04  39.3%
Combinational          2.76e-04   1.70e-04   1.51e-06   4.48e-04  60.7%
Macro                  0.00e+00   0.00e+00   0.00e+00   0.00e+00   0.0%
Pad                    0.00e+00   0.00e+00   0.00e+00   0.00e+00   0.0%
----------------------------------------------------------------
Total                  5.14e-04   2.21e-04   2.68e-06   7.38e-04 100.0%
                          69.7%      30.0%       0.4%

======================= Typical Corner ===================================

Group                  Internal  Switching    Leakage      Total
                          Power      Power      Power      Power (Watts)
----------------------------------------------------------------
Sequential             3.06e-04   6.63e-05   2.85e-07   3.72e-04  39.9%
Combinational          3.42e-04   2.19e-04   1.84e-09   5.61e-04  60.1%
Macro                  0.00e+00   0.00e+00   0.00e+00   0.00e+00   0.0%
Pad                    0.00e+00   0.00e+00   0.00e+00   0.00e+00   0.0%
----------------------------------------------------------------
Total                  6.48e-04   2.85e-04   2.87e-07   9.33e-04 100.0%
                          69.4%      30.6%       0.0%

