
===========================================================================
report_checks -unconstrained
===========================================================================
======================= Fastest Corner ===================================

Startpoint: rst_n (input port clocked by clk)
Endpoint: _429_ (recovery check against rising-edge clock clk)
Path Group: asynchronous
Path Type: max
Corner: Fastest

Fanout     Cap    Slew   Delay    Time   Description
-----------------------------------------------------------------------------
                          0.00    0.00   clock clk (rise edge)
                          0.00    0.00   clock network delay (propagated)
                          2.00    2.00 ^ input external delay
                  0.01    0.01    2.01 ^ rst_n (in)
     1    0.00                           rst_n (net)
                  0.01    0.00    2.01 ^ input10/A (sky130_fd_sc_hd__buf_1)
                  0.11    0.10    2.11 ^ input10/X (sky130_fd_sc_hd__buf_1)
     2    0.01                           net10 (net)
                  0.11    0.00    2.11 ^ fanout27/A (sky130_fd_sc_hd__buf_2)
                  0.13    0.17    2.28 ^ fanout27/X (sky130_fd_sc_hd__buf_2)
     7    0.03                           net27 (net)
                  0.13    0.00    2.28 ^ fanout25/A (sky130_fd_sc_hd__clkbuf_4)
                  0.11    0.18    2.46 ^ fanout25/X (sky130_fd_sc_hd__clkbuf_4)
    10    0.05                           net25 (net)
                  0.11    0.00    2.46 ^ _429_/SET_B (sky130_fd_sc_hd__dfstp_1)
                                  2.46   data arrival time

                         10.00   10.00   clock clk (rise edge)
                          0.00   10.00   clock source latency
                  0.07    0.04   10.04 ^ clk (in)
     1    0.02                           clk (net)
                  0.07    0.00   10.04 ^ clkbuf_0_clk/A (sky130_fd_sc_hd__clkbuf_16)
                  0.08    0.12   10.17 ^ clkbuf_0_clk/X (sky130_fd_sc_hd__clkbuf_16)
     8    0.08                           clknet_0_clk (net)
                  0.08    0.00   10.17 ^ clkbuf_3_5__f_clk/A (sky130_fd_sc_hd__clkbuf_16)
                  0.03    0.09   10.26 ^ clkbuf_3_5__f_clk/X (sky130_fd_sc_hd__clkbuf_16)
     6    0.02                           clknet_3_5__leaf_clk (net)
                  0.03    0.00   10.26 ^ _429_/CLK (sky130_fd_sc_hd__dfstp_1)
                         -0.25   10.01   clock uncertainty
                          0.00   10.01   clock reconvergence pessimism
                          0.09   10.10   library recovery time
                                 10.10   data required time
-----------------------------------------------------------------------------
                                 10.10   data required time
                                 -2.46   data arrival time
-----------------------------------------------------------------------------
                                  7.64   slack (MET)


Startpoint: _429_ (rising edge-triggered flip-flop clocked by clk)
Endpoint: tx_out (output port clocked by clk)
Path Group: clk
Path Type: max
Corner: Fastest

Fanout     Cap    Slew   Delay    Time   Description
-----------------------------------------------------------------------------
                          0.00    0.00   clock clk (rise edge)
                          0.00    0.00   clock source latency
                  0.07    0.05    0.05 ^ clk (in)
     1    0.02                           clk (net)
                  0.07    0.00    0.05 ^ clkbuf_0_clk/A (sky130_fd_sc_hd__clkbuf_16)
                  0.08    0.14    0.19 ^ clkbuf_0_clk/X (sky130_fd_sc_hd__clkbuf_16)
     8    0.08                           clknet_0_clk (net)
                  0.08    0.00    0.19 ^ clkbuf_3_5__f_clk/A (sky130_fd_sc_hd__clkbuf_16)
                  0.03    0.10    0.29 ^ clkbuf_3_5__f_clk/X (sky130_fd_sc_hd__clkbuf_16)
     6    0.02                           clknet_3_5__leaf_clk (net)
                  0.03    0.00    0.29 ^ _429_/CLK (sky130_fd_sc_hd__dfstp_1)
                  0.03    0.31    0.60 ^ _429_/Q (sky130_fd_sc_hd__dfstp_1)
     1    0.00                           net22 (net)
                  0.03    0.00    0.60 ^ output22/A (sky130_fd_sc_hd__buf_2)
                  0.13    0.14    0.74 ^ output22/X (sky130_fd_sc_hd__buf_2)
     1    0.03                           tx_out (net)
                  0.13    0.00    0.74 ^ tx_out (out)
                                  0.74   data arrival time

                         10.00   10.00   clock clk (rise edge)
                          0.00   10.00   clock network delay (propagated)
                         -0.25    9.75   clock uncertainty
                          0.00    9.75   clock reconvergence pessimism
                         -2.00    7.75   output external delay
                                  7.75   data required time
-----------------------------------------------------------------------------
                                  7.75   data required time
                                 -0.74   data arrival time
-----------------------------------------------------------------------------
                                  7.01   slack (MET)



======================= Slowest Corner ===================================

Startpoint: rst_n (input port clocked by clk)
Endpoint: _429_ (recovery check against rising-edge clock clk)
Path Group: asynchronous
Path Type: max
Corner: Slowest

Fanout     Cap    Slew   Delay    Time   Description
-----------------------------------------------------------------------------
                          0.00    0.00   clock clk (rise edge)
                          0.00    0.00   clock network delay (propagated)
                          2.00    2.00 ^ input external delay
                  0.03    0.02    2.02 ^ rst_n (in)
     1    0.00                           rst_n (net)
                  0.03    0.00    2.02 ^ input10/A (sky130_fd_sc_hd__buf_1)
                  0.22    0.26    2.27 ^ input10/X (sky130_fd_sc_hd__buf_1)
     2    0.01                           net10 (net)
                  0.22    0.00    2.27 ^ fanout27/A (sky130_fd_sc_hd__buf_2)
                  0.26    0.43    2.70 ^ fanout27/X (sky130_fd_sc_hd__buf_2)
     7    0.03                           net27 (net)
                  0.26    0.00    2.70 ^ fanout25/A (sky130_fd_sc_hd__clkbuf_4)
                  0.22    0.47    3.17 ^ fanout25/X (sky130_fd_sc_hd__clkbuf_4)
    10    0.04                           net25 (net)
                  0.22    0.00    3.18 ^ _429_/SET_B (sky130_fd_sc_hd__dfstp_1)
                                  3.18   data arrival time

                         10.00   10.00   clock clk (rise edge)
                          0.00   10.00   clock source latency
                  0.14    0.09   10.09 ^ clk (in)
     1    0.02                           clk (net)
                  0.14    0.00   10.09 ^ clkbuf_0_clk/A (sky130_fd_sc_hd__clkbuf_16)
                  0.15    0.31   10.40 ^ clkbuf_0_clk/X (sky130_fd_sc_hd__clkbuf_16)
     8    0.08                           clknet_0_clk (net)
                  0.15    0.00   10.40 ^ clkbuf_3_5__f_clk/A (sky130_fd_sc_hd__clkbuf_16)
                  0.06    0.24   10.65 ^ clkbuf_3_5__f_clk/X (sky130_fd_sc_hd__clkbuf_16)
     6    0.02                           clknet_3_5__leaf_clk (net)
                  0.06    0.00   10.65 ^ _429_/CLK (sky130_fd_sc_hd__dfstp_1)
                         -0.25   10.40   clock uncertainty
                          0.00   10.40   clock reconvergence pessimism
                          0.25   10.64   library recovery time
                                 10.64   data required time
-----------------------------------------------------------------------------
                                 10.64   data required time
                                 -3.18   data arrival time
-----------------------------------------------------------------------------
                                  7.47   slack (MET)


Startpoint: _423_ (rising edge-triggered flip-flop clocked by clk)
Endpoint: _414_ (rising edge-triggered flip-flop clocked by clk)
Path Group: clk
Path Type: max
Corner: Slowest

Fanout     Cap    Slew   Delay    Time   Description
-----------------------------------------------------------------------------
                          0.00    0.00   clock clk (rise edge)
                          0.00    0.00   clock source latency
                  0.14    0.10    0.10 ^ clk (in)
     1    0.02                           clk (net)
                  0.14    0.00    0.10 ^ clkbuf_0_clk/A (sky130_fd_sc_hd__clkbuf_16)
                  0.15    0.35    0.45 ^ clkbuf_0_clk/X (sky130_fd_sc_hd__clkbuf_16)
     8    0.08                           clknet_0_clk (net)
                  0.15    0.00    0.45 ^ clkbuf_3_2__f_clk/A (sky130_fd_sc_hd__clkbuf_16)
                  0.07    0.28    0.73 ^ clkbuf_3_2__f_clk/X (sky130_fd_sc_hd__clkbuf_16)
     9    0.02                           clknet_3_2__leaf_clk (net)
                  0.07    0.00    0.73 ^ _423_/CLK (sky130_fd_sc_hd__dfrtp_4)
                  0.18    1.14    1.86 v _423_/Q (sky130_fd_sc_hd__dfrtp_4)
     9    0.03                           rx_baud_cnt[6] (net)
                  0.18    0.00    1.86 v _206_/B (sky130_fd_sc_hd__or4bb_1)
                  0.25    1.30    3.16 v _206_/X (sky130_fd_sc_hd__or4bb_1)
     3    0.01                           _060_ (net)
                  0.25    0.00    3.16 v _207_/C (sky130_fd_sc_hd__nor3_1)
                  0.45    0.46    3.62 ^ _207_/Y (sky130_fd_sc_hd__nor3_1)
     2    0.01                           _061_ (net)
                  0.45    0.00    3.62 ^ max_cap23/A (sky130_fd_sc_hd__clkbuf_2)
                  0.19    0.46    4.07 ^ max_cap23/X (sky130_fd_sc_hd__clkbuf_2)
     4    0.02                           net23 (net)
                  0.19    0.00    4.07 ^ _239_/C (sky130_fd_sc_hd__nand3_4)
                  0.39    0.43    4.50 v _239_/Y (sky130_fd_sc_hd__nand3_4)
     9    0.05                           _086_ (net)
                  0.39    0.00    4.50 v _291_/S (sky130_fd_sc_hd__mux2_1)
                  0.11    0.85    5.35 v _291_/X (sky130_fd_sc_hd__mux2_1)
     1    0.00                           _121_ (net)
                  0.11    0.00    5.35 v hold16/A (sky130_fd_sc_hd__dlygate4sd3_1)
                  0.11    1.20    6.55 v hold16/X (sky130_fd_sc_hd__dlygate4sd3_1)
     1    0.00                           net47 (net)
                  0.11    0.00    6.55 v _292_/A (sky130_fd_sc_hd__clkbuf_1)
                  0.04    0.18    6.73 v _292_/X (sky130_fd_sc_hd__clkbuf_1)
     1    0.00                           _023_ (net)
                  0.04    0.00    6.73 v _414_/D (sky130_fd_sc_hd__dfrtp_1)
                                  6.73   data arrival time

                         10.00   10.00   clock clk (rise edge)
                          0.00   10.00   clock source latency
                  0.14    0.09   10.09 ^ clk (in)
     1    0.02                           clk (net)
                  0.14    0.00   10.09 ^ clkbuf_0_clk/A (sky130_fd_sc_hd__clkbuf_16)
                  0.15    0.31   10.40 ^ clkbuf_0_clk/X (sky130_fd_sc_hd__clkbuf_16)
     8    0.08                           clknet_0_clk (net)
                  0.15    0.00   10.40 ^ clkbuf_3_1__f_clk/A (sky130_fd_sc_hd__clkbuf_16)
                  0.07    0.25   10.65 ^ clkbuf_3_1__f_clk/X (sky130_fd_sc_hd__clkbuf_16)
     6    0.02                           clknet_3_1__leaf_clk (net)
                  0.07    0.00   10.65 ^ _414_/CLK (sky130_fd_sc_hd__dfrtp_1)
                         -0.25   10.40   clock uncertainty
                          0.04   10.44   clock reconvergence pessimism
                         -0.27   10.18   library setup time
                                 10.18   data required time
-----------------------------------------------------------------------------
                                 10.18   data required time
                                 -6.73   data arrival time
-----------------------------------------------------------------------------
                                  3.45   slack (MET)



======================= Typical Corner ===================================

Startpoint: rst_n (input port clocked by clk)
Endpoint: _429_ (recovery check against rising-edge clock clk)
Path Group: asynchronous
Path Type: max
Corner: Typical

Fanout     Cap    Slew   Delay    Time   Description
-----------------------------------------------------------------------------
                          0.00    0.00   clock clk (rise edge)
                          0.00    0.00   clock network delay (propagated)
                          2.00    2.00 ^ input external delay
                  0.02    0.01    2.01 ^ rst_n (in)
     1    0.00                           rst_n (net)
                  0.02    0.00    2.01 ^ input10/A (sky130_fd_sc_hd__buf_1)
                  0.14    0.15    2.16 ^ input10/X (sky130_fd_sc_hd__buf_1)
     2    0.01                           net10 (net)
                  0.14    0.00    2.16 ^ fanout27/A (sky130_fd_sc_hd__buf_2)
                  0.17    0.24    2.40 ^ fanout27/X (sky130_fd_sc_hd__buf_2)
     7    0.03                           net27 (net)
                  0.17    0.00    2.40 ^ fanout25/A (sky130_fd_sc_hd__clkbuf_4)
                  0.15    0.27    2.67 ^ fanout25/X (sky130_fd_sc_hd__clkbuf_4)
    10    0.05                           net25 (net)
                  0.15    0.00    2.67 ^ _429_/SET_B (sky130_fd_sc_hd__dfstp_1)
                                  2.67   data arrival time

                         10.00   10.00   clock clk (rise edge)
                          0.00   10.00   clock source latency
                  0.09    0.06   10.06 ^ clk (in)
     1    0.02                           clk (net)
                  0.09    0.00   10.06 ^ clkbuf_0_clk/A (sky130_fd_sc_hd__clkbuf_16)
                  0.10    0.18   10.24 ^ clkbuf_0_clk/X (sky130_fd_sc_hd__clkbuf_16)
     8    0.08                           clknet_0_clk (net)
                  0.10    0.00   10.24 ^ clkbuf_3_5__f_clk/A (sky130_fd_sc_hd__clkbuf_16)
                  0.04    0.14   10.38 ^ clkbuf_3_5__f_clk/X (sky130_fd_sc_hd__clkbuf_16)
     6    0.02                           clknet_3_5__leaf_clk (net)
                  0.04    0.00   10.38 ^ _429_/CLK (sky130_fd_sc_hd__dfstp_1)
                         -0.25   10.13   clock uncertainty
                          0.00   10.13   clock reconvergence pessimism
                          0.13   10.25   library recovery time
                                 10.25   data required time
-----------------------------------------------------------------------------
                                 10.25   data required time
                                 -2.67   data arrival time
-----------------------------------------------------------------------------
                                  7.58   slack (MET)


Startpoint: _429_ (rising edge-triggered flip-flop clocked by clk)
Endpoint: tx_out (output port clocked by clk)
Path Group: clk
Path Type: max
Corner: Typical

Fanout     Cap    Slew   Delay    Time   Description
-----------------------------------------------------------------------------
                          0.00    0.00   clock clk (rise edge)
                          0.00    0.00   clock source latency
                  0.09    0.06    0.06 ^ clk (in)
     1    0.02                           clk (net)
                  0.09    0.00    0.06 ^ clkbuf_0_clk/A (sky130_fd_sc_hd__clkbuf_16)
                  0.10    0.20    0.26 ^ clkbuf_0_clk/X (sky130_fd_sc_hd__clkbuf_16)
     8    0.08                           clknet_0_clk (net)
                  0.10    0.00    0.26 ^ clkbuf_3_5__f_clk/A (sky130_fd_sc_hd__clkbuf_16)
                  0.04    0.15    0.42 ^ clkbuf_3_5__f_clk/X (sky130_fd_sc_hd__clkbuf_16)
     6    0.02                           clknet_3_5__leaf_clk (net)
                  0.04    0.00    0.42 ^ _429_/CLK (sky130_fd_sc_hd__dfstp_1)
                  0.04    0.51    0.93 ^ _429_/Q (sky130_fd_sc_hd__dfstp_1)
     1    0.00                           net22 (net)
                  0.04    0.00    0.93 ^ output22/A (sky130_fd_sc_hd__buf_2)
                  0.17    0.21    1.13 ^ output22/X (sky130_fd_sc_hd__buf_2)
     1    0.03                           tx_out (net)
                  0.17    0.00    1.13 ^ tx_out (out)
                                  1.13   data arrival time

                         10.00   10.00   clock clk (rise edge)
                          0.00   10.00   clock network delay (propagated)
                         -0.25    9.75   clock uncertainty
                          0.00    9.75   clock reconvergence pessimism
                         -2.00    7.75   output external delay
                                  7.75   data required time
-----------------------------------------------------------------------------
                                  7.75   data required time
                                 -1.13   data arrival time
-----------------------------------------------------------------------------
                                  6.62   slack (MET)




===========================================================================
report_checks --slack_max -0.01
============================================================================
======================= Fastest Corner ===================================

No paths found.

======================= Slowest Corner ===================================

No paths found.

======================= Typical Corner ===================================

No paths found.


===========================================================================
 report_check_types -max_slew -max_cap -max_fanout -violators
============================================================================
======================= Fastest Corner ===================================


======================= Slowest Corner ===================================


======================= Typical Corner ===================================



===========================================================================
report_parasitic_annotation -report_unannotated
============================================================================
Found 0 unannotated drivers.
Found 0 partially unannotated drivers.

===========================================================================
max slew violation count 0
max fanout violation count 0
max cap violation count 0
============================================================================

===========================================================================
check_setup -verbose -unconstrained_endpoints -multiple_clock -no_clock -no_input_delay -loops -generated_clocks
===========================================================================
