
===========================================================================
 report_power
============================================================================
======================= Fastest Corner ===================================

Group                  Internal  Switching    Leakage      Total
                          Power      Power      Power      Power (Watts)
----------------------------------------------------------------
Sequential             4.43e-04   3.02e-04   3.28e-07   7.45e-04  30.9%
Combinational          6.38e-04   1.03e-03   8.45e-09   1.67e-03  69.1%
Macro                  0.00e+00   0.00e+00   0.00e+00   0.00e+00   0.0%
Pad                    0.00e+00   0.00e+00   0.00e+00   0.00e+00   0.0%
----------------------------------------------------------------
Total                  1.08e-03   1.33e-03   3.36e-07   2.41e-03 100.0%
                          44.8%      55.2%       0.0%

======================= Slowest Corner ===================================

Group                  Internal  Switching    Leakage      Total
                          Power      Power      Power      Power (Watts)
----------------------------------------------------------------
Sequential             2.98e-04   2.01e-04   1.31e-06   5.00e-04  30.3%
Combinational          4.62e-04   6.83e-04   2.67e-06   1.15e-03  69.7%
Macro                  0.00e+00   0.00e+00   0.00e+00   0.00e+00   0.0%
Pad                    0.00e+00   0.00e+00   0.00e+00   0.00e+00   0.0%
----------------------------------------------------------------
Total                  7.60e-04   8.84e-04   3.98e-06   1.65e-03 100.0%
                          46.1%      53.6%       0.2%

======================= Typical Corner ===================================

Group                  Internal  Switching    Leakage      Total
                          Power      Power      Power      Power (Watts)
----------------------------------------------------------------
Sequential             3.84e-04   2.55e-04   3.27e-07   6.39e-04  30.8%
Combinational          5.64e-04   8.71e-04   6.41e-09   1.44e-03  69.2%
Macro                  0.00e+00   0.00e+00   0.00e+00   0.00e+00   0.0%
Pad                    0.00e+00   0.00e+00   0.00e+00   0.00e+00   0.0%
----------------------------------------------------------------
Total                  9.48e-04   1.13e-03   3.34e-07   2.07e-03 100.0%
                          45.7%      54.3%       0.0%

