Instance name,  X location,  Y location,  Voltage 
FILLER_0_32_181, 87.71, 97.92, 0.000292248
hold9, 87.71, 92.48, 0.00029025
FILLER_0_28_185, 87.71, 87.04, 0.000288699
_276_, 87.71, 81.6, 0.000318936
_445_, 87.71, 81.6, 0.000318936
hold22, 87.71, 81.6, 0.000318936
_275_, 87.71, 76.16, 0.000289215
_278_, 87.71, 76.16, 0.000289215
hold30, 87.71, 76.16, 0.000289215
FILLER_0_23_169, 87.71, 76.16, 0.000289215
_219_, 87.71, 70.72, 0.000288908
_279_, 87.71, 70.72, 0.000288908
_280_, 87.71, 70.72, 0.000288908
_446_, 87.71, 70.72, 0.000288908
FILLER_0_23_185, 87.71, 70.72, 0.000288908
_274_, 87.71, 65.28, 0.000290611
_277_, 87.71, 65.28, 0.000290611
output18, 87.71, 65.28, 0.000290611
FILLER_0_19_176, 87.71, 65.28, 0.000290611
FILLER_0_20_181, 87.71, 65.28, 0.000290611
FILLER_0_21_183, 87.71, 65.28, 0.000290611
_272_, 87.71, 59.84, 0.000260098
_444_, 87.71, 59.84, 0.000260098
hold2, 87.71, 59.84, 0.000260098
_269_, 87.71, 54.4, 0.000255968
_270_, 87.71, 54.4, 0.000255968
_271_, 87.71, 54.4, 0.000255968
_443_, 87.71, 54.4, 0.000255968
FILLER_0_15_169, 87.71, 54.4, 0.000255968
FILLER_0_16_184, 87.71, 54.4, 0.000255968
FILLER_0_14_186, 87.71, 48.96, 0.000217425
_429_, 87.71, 43.52, 0.00024815
FILLER_0_12_169, 87.71, 43.52, 0.00024815
FILLER_0_11_181, 87.71, 38.08, 0.000238424
FILLER_0_8_186, 87.71, 32.64, 0.000241963
FILLER_0_5_181, 87.71, 21.76, 0.00023527
FILLER_0_2_184, 87.71, 16.32, 0.00024361
input2, 87.71, 10.88, 0.000241539
output16, 87.71, 10.88, 0.000241539
FILLER_0_0_181, 87.71, 10.88, 0.000241539
_379_, 65.17, 97.92, 0.0002982
hold10, 65.17, 97.92, 0.0002982
FILLER_0_32_119, 65.17, 97.92, 0.0002982
FILLER_0_32_135, 65.17, 97.92, 0.0002982
FILLER_0_32_141, 65.17, 97.92, 0.0002982
_222_, 65.17, 92.48, 0.000308295
_231_, 65.17, 92.48, 0.000308295
_380_, 65.17, 92.48, 0.000308295
_381_, 65.17, 92.48, 0.000308295
_468_, 65.17, 92.48, 0.000308295
FILLER_0_29_121, 65.17, 92.48, 0.000308295
_233_, 65.17, 87.04, 0.000298469
_247_, 65.17, 87.04, 0.000298469
FILLER_0_28_141, 65.17, 87.04, 0.000298469
_224_, 65.17, 81.6, 0.000330321
_245_, 65.17, 81.6, 0.000330321
_248_, 65.17, 81.6, 0.000330321
_383_, 65.17, 81.6, 0.000330321
_390_, 65.17, 81.6, 0.000330321
_232_, 65.17, 76.16, 0.00029172
_385_, 65.17, 76.16, 0.00029172
FILLER_0_24_129, 65.17, 76.16, 0.00029172
FILLER_0_24_137, 65.17, 76.16, 0.00029172
FILLER_0_24_141, 65.17, 76.16, 0.00029172
FILLER_0_25_139, 65.17, 76.16, 0.00029172
_382_, 65.17, 70.72, 0.000291942
_384_, 65.17, 70.72, 0.000291942
FILLER_0_23_139, 65.17, 70.72, 0.000291942
_250_, 65.17, 65.28, 0.000353436
_252_, 65.17, 65.28, 0.000353436
_256_, 65.17, 65.28, 0.000353436
fanout29, 65.17, 65.28, 0.000353436
clkbuf_3_7__f_clk, 65.17, 65.28, 0.000353436
hold4, 65.17, 65.28, 0.000353436
FILLER_0_20_121, 65.17, 65.28, 0.000353436
FILLER_0_21_136, 65.17, 65.28, 0.000353436
_258_, 65.17, 59.84, 0.00026687
FILLER_0_18_141, 65.17, 59.84, 0.00026687
_257_, 65.17, 54.4, 0.000272432
_259_, 65.17, 54.4, 0.000272432
_263_, 65.17, 54.4, 0.000272432
_441_, 65.17, 54.4, 0.000272432
FILLER_0_14_135, 65.17, 48.96, 0.000203769
_295_, 65.17, 43.52, 0.000226299
_416_, 65.17, 43.52, 0.000226299
hold12, 65.17, 43.52, 0.000226299
FILLER_0_12_125, 65.17, 43.52, 0.000226299
FILLER_0_13_131, 65.17, 43.52, 0.000226299
_294_, 65.17, 38.08, 0.000271892
_296_, 65.17, 38.08, 0.000271892
_377_, 65.17, 38.08, 0.000271892
clkbuf_3_5__f_clk, 65.17, 38.08, 0.000271892
FILLER_0_9_125, 65.17, 38.08, 0.000271892
_375_, 65.17, 32.64, 0.000261865
_436_, 65.17, 32.64, 0.000261865
FILLER_0_7_121, 65.17, 32.64, 0.000261865
FILLER_0_8_130, 65.17, 32.64, 0.000261865
_374_, 65.17, 27.2, 0.000259866
FILLER_0_6_121, 65.17, 27.2, 0.000259866
FILLER_0_6_134, 65.17, 27.2, 0.000259866
_369_, 65.17, 21.76, 0.000248005
_434_, 65.17, 21.76, 0.000248005
FILLER_0_4_130, 65.17, 21.76, 0.000248005
_368_, 65.17, 16.32, 0.000254359
_409_, 65.17, 16.32, 0.000254359
fanout27, 65.17, 16.32, 0.000254359
FILLER_0_2_133, 65.17, 16.32, 0.000254359
_281_, 65.17, 10.88, 0.000241666
_282_, 65.17, 10.88, 0.000241666
_290_, 65.17, 10.88, 0.000241666
hold7, 65.17, 10.88, 0.000241666
hold8, 65.17, 10.88, 0.000241666
_463_, 42.63, 97.92, 0.000307128
input6, 42.63, 97.92, 0.000307128
hold23, 42.63, 97.92, 0.000307128
FILLER_0_32_77, 42.63, 97.92, 0.000307128
FILLER_0_32_85, 42.63, 97.92, 0.000307128
_404_, 42.63, 92.48, 0.000318934
_405_, 42.63, 92.48, 0.000318934
_408_, 42.63, 92.48, 0.000318934
hold14, 42.63, 92.48, 0.000318934
FILLER_0_30_70, 42.63, 92.48, 0.000318934
FILLER_0_30_81, 42.63, 92.48, 0.000318934
_246_, 42.63, 87.04, 0.00030843
FILLER_0_28_85, 42.63, 87.04, 0.00030843
FILLER_0_29_86, 42.63, 87.04, 0.00030843
_394_, 42.63, 81.6, 0.000311375
_464_, 42.63, 81.6, 0.000311375
FILLER_0_25_77, 42.63, 81.6, 0.000311375
FILLER_0_26_74, 42.63, 81.6, 0.000311375
FILLER_0_27_81, 42.63, 81.6, 0.000311375
_244_, 42.63, 76.16, 0.000308458
_395_, 42.63, 76.16, 0.000308458
_458_, 42.63, 76.16, 0.000308458
hold29, 42.63, 76.16, 0.000308458
FILLER_0_24_77, 42.63, 76.16, 0.000308458
_311_, 42.63, 70.72, 0.000306983
_449_, 42.63, 70.72, 0.000306983
hold39, 42.63, 70.72, 0.000306983
FILLER_0_23_81, 42.63, 70.72, 0.000306983
_308_, 42.63, 65.28, 0.000344085
_309_, 42.63, 65.28, 0.000344085
_419_, 42.63, 65.28, 0.000344085
FILLER_0_19_76, 42.63, 65.28, 0.000344085
FILLER_0_20_81, 42.63, 65.28, 0.000344085
_312_, 42.63, 59.84, 0.000286112
_315_, 42.63, 59.84, 0.000286112
_316_, 42.63, 59.84, 0.000286112
_420_, 42.63, 59.84, 0.000286112
hold5, 42.63, 59.84, 0.000286112
FILLER_0_17_71, 42.63, 59.84, 0.000286112
FILLER_0_18_75, 42.63, 59.84, 0.000286112
FILLER_0_18_85, 42.63, 59.84, 0.000286112
_208_, 42.63, 54.4, 0.000297154
_229_, 42.63, 54.4, 0.000297154
clkbuf_0_clk, 42.63, 54.4, 0.000297154
FILLER_0_16_74, 42.63, 54.4, 0.000297154
FILLER_0_17_84, 42.63, 54.4, 0.000297154
_228_, 42.63, 48.96, 0.00018035
_230_, 42.63, 48.96, 0.00018035
_239_, 42.63, 48.96, 0.00018035
_299_, 42.63, 48.96, 0.00018035
FILLER_0_13_73, 42.63, 48.96, 0.00018035
FILLER_0_14_85, 42.63, 48.96, 0.00018035
FILLER_0_15_87, 42.63, 48.96, 0.00018035
_214_, 42.63, 43.52, 0.000198183
_297_, 42.63, 43.52, 0.000198183
_298_, 42.63, 43.52, 0.000198183
_303_, 42.63, 43.52, 0.000198183
max_cap23, 42.63, 43.52, 0.000198183
hold40, 42.63, 43.52, 0.000198183
_212_, 42.63, 38.08, 0.000267482
_453_, 42.63, 38.08, 0.000267482
hold41, 42.63, 38.08, 0.000267482
FILLER_0_10_79, 42.63, 38.08, 0.000267482
_215_, 42.63, 32.64, 0.000270943
_216_, 42.63, 32.64, 0.000270943
_343_, 42.63, 32.64, 0.000270943
_350_, 42.63, 32.64, 0.000270943
FILLER_0_7_77, 42.63, 32.64, 0.000270943
FILLER_0_8_76, 42.63, 32.64, 0.000270943
_360_, 42.63, 27.2, 0.00026273
_364_, 42.63, 27.2, 0.00026273
FILLER_0_5_69, 42.63, 27.2, 0.00026273
FILLER_0_7_87, 42.63, 27.2, 0.00026273
_356_, 42.63, 21.76, 0.000247504
_357_, 42.63, 21.76, 0.000247504
_361_, 42.63, 21.76, 0.000247504
_373_, 42.63, 21.76, 0.000247504
FILLER_0_4_91, 42.63, 21.76, 0.000247504
FILLER_0_5_85, 42.63, 21.76, 0.000247504
_370_, 42.63, 16.32, 0.000250742
_371_, 42.63, 16.32, 0.000250742
_435_, 42.63, 16.32, 0.000250742
hold15, 42.63, 16.32, 0.000250742
hold31, 42.63, 16.32, 0.000250742
FILLER_0_2_77, 42.63, 16.32, 0.000250742
_372_, 42.63, 10.88, 0.000238414
fanout24, 42.63, 10.88, 0.000238414
FILLER_0_0_70, 42.63, 10.88, 0.000238414
FILLER_0_0_79, 42.63, 10.88, 0.000238414
input5, 20.09, 97.92, 0.000299224
FILLER_0_30_41, 20.09, 92.48, 0.000302308
FILLER_0_31_42, 20.09, 92.48, 0.000302308
_393_, 20.09, 87.04, 0.00031377
_457_, 20.09, 87.04, 0.00031377
_397_, 20.09, 81.6, 0.000292209
FILLER_0_25_27, 20.09, 81.6, 0.000292209
FILLER_0_26_29, 20.09, 81.6, 0.000292209
FILLER_0_26_37, 20.09, 81.6, 0.000292209
FILLER_0_26_43, 20.09, 81.6, 0.000292209
_396_, 20.09, 76.16, 0.000304306
_459_, 20.09, 76.16, 0.000304306
_417_, 20.09, 70.72, 0.000313267
FILLER_0_21_27, 20.09, 70.72, 0.000313267
_301_, 20.09, 65.28, 0.000337652
_302_, 20.09, 65.28, 0.000337652
_318_, 20.09, 65.28, 0.000337652
hold13, 20.09, 65.28, 0.000337652
_320_, 20.09, 59.84, 0.000330701
_329_, 20.09, 59.84, 0.000330701
_332_, 20.09, 59.84, 0.000330701
_333_, 20.09, 59.84, 0.000330701
FILLER_0_18_29, 20.09, 59.84, 0.000330701
_326_, 20.09, 54.4, 0.000268556
_330_, 20.09, 54.4, 0.000268556
_334_, 20.09, 54.4, 0.000268556
hold11, 20.09, 54.4, 0.000268556
FILLER_0_16_24, 20.09, 54.4, 0.000268556
FILLER_0_17_35, 20.09, 54.4, 0.000268556
_324_, 20.09, 48.96, 0.00020336
_325_, 20.09, 48.96, 0.00020336
_327_, 20.09, 48.96, 0.00020336
_337_, 20.09, 48.96, 0.00020336
FILLER_0_14_39, 20.09, 48.96, 0.00020336
_323_, 20.09, 43.52, 0.000220938
_328_, 20.09, 43.52, 0.000220938
_336_, 20.09, 43.52, 0.000220938
_339_, 20.09, 43.52, 0.000220938
FILLER_0_12_29, 20.09, 43.52, 0.000220938
_213_, 20.09, 38.08, 0.000281567
_422_, 20.09, 38.08, 0.000281567
FILLER_0_9_26, 20.09, 38.08, 0.000281567
FILLER_0_10_41, 20.09, 38.08, 0.000281567
_433_, 20.09, 32.64, 0.000276662
hold32, 20.09, 32.64, 0.000276662
FILLER_0_8_25, 20.09, 32.64, 0.000276662
FILLER_0_8_29, 20.09, 32.64, 0.000276662
FILLER_0_8_41, 20.09, 32.64, 0.000276662
_366_, 20.09, 27.2, 0.000247929
_432_, 20.09, 21.76, 0.000258806
hold24, 20.09, 21.76, 0.000258806
FILLER_0_3_30, 20.09, 21.76, 0.000258806
FILLER_0_4_29, 20.09, 21.76, 0.000258806
_358_, 20.09, 16.32, 0.000254264
_359_, 20.09, 16.32, 0.000254264
_363_, 20.09, 16.32, 0.000254264
_431_, 20.09, 16.32, 0.000254264
FILLER_0_1_25, 20.09, 16.32, 0.000254264
FILLER_0_2_29, 20.09, 16.32, 0.000254264
output14, 20.09, 10.88, 0.000257909
hold26, 20.09, 10.88, 0.000257909
PHY_62, 5.52, 97.92, 0.000309988
PHY_64, 5.52, 97.92, 0.000309988
output21, 5.52, 97.92, 0.000309988
PHY_63, 95.68, 97.92, 0.00029277
PHY_65, 95.68, 97.92, 0.00029277
input7, 95.68, 97.92, 0.00029277
FILLER_0_32_21, 12.805, 97.92, 0.000304606
_401_, 31.36, 97.92, 0.000309268
hold34, 31.36, 97.92, 0.000309268
FILLER_0_32_46, 31.36, 97.92, 0.000309268
FILLER_0_32_57, 31.36, 97.92, 0.000309268
output20, 53.9, 97.92, 0.000304068
_242_, 76.44, 97.92, 0.000306101
_465_, 76.44, 97.92, 0.000306101
input9, 76.44, 97.92, 0.000306101
FILLER_0_32_161, 76.44, 97.92, 0.000306101
PHY_58, 5.52, 92.48, 0.00030295
PHY_60, 5.52, 92.48, 0.00030295
input1, 5.52, 92.48, 0.00030295
PHY_59, 95.68, 92.48, 0.00029025
PHY_61, 95.68, 92.48, 0.00029025
FILLER_0_30_190, 95.68, 92.48, 0.00029025
_392_, 31.36, 92.48, 0.000325269
_400_, 31.36, 92.48, 0.000325269
_461_, 31.36, 92.48, 0.000325269
FILLER_0_29_53, 31.36, 92.48, 0.000325269
FILLER_0_31_66, 31.36, 92.48, 0.000325269
_406_, 53.9, 92.48, 0.00032576
_407_, 53.9, 92.48, 0.00032576
_447_, 53.9, 92.48, 0.00032576
_223_, 76.44, 92.48, 0.000300168
PHY_54, 5.52, 87.04, 0.00031377
PHY_56, 5.52, 87.04, 0.00031377
PHY_55, 95.68, 87.04, 0.000288699
PHY_57, 95.68, 87.04, 0.000288699
_402_, 31.36, 87.04, 0.000328986
_403_, 31.36, 87.04, 0.000328986
_462_, 31.36, 87.04, 0.000328986
hold36, 31.36, 87.04, 0.000328986
FILLER_0_27_51, 31.36, 87.04, 0.000328986
FILLER_0_28_61, 31.36, 87.04, 0.000328986
fanout30, 53.9, 87.04, 0.000308733
hold17, 53.9, 87.04, 0.000308733
FILLER_0_29_106, 53.9, 87.04, 0.000308733
_243_, 76.44, 87.04, 0.000302477
_467_, 76.44, 87.04, 0.000302477
hold42, 76.44, 87.04, 0.000302477
FILLER_0_27_144, 76.44, 87.04, 0.000302477
FILLER_0_27_152, 76.44, 87.04, 0.000302477
FILLER_0_29_160, 76.44, 87.04, 0.000302477
PHY_50, 5.52, 81.6, 0.000292209
PHY_52, 5.52, 81.6, 0.000292209
PHY_51, 95.68, 81.6, 0.000318936
PHY_53, 95.68, 81.6, 0.000318936
_399_, 31.36, 81.6, 0.00030803
hold37, 31.36, 81.6, 0.00030803
_450_, 53.9, 81.6, 0.000335491
hold28, 53.9, 81.6, 0.000335491
FILLER_0_25_102, 53.9, 81.6, 0.000335491
FILLER_0_26_103, 53.9, 81.6, 0.000335491
_225_, 76.44, 81.6, 0.000347172
_241_, 76.44, 81.6, 0.000347172
_249_, 76.44, 81.6, 0.000347172
_466_, 76.44, 81.6, 0.000347172
hold35, 76.44, 81.6, 0.000347172
FILLER_0_26_149, 76.44, 81.6, 0.000347172
FILLER_0_26_162, 76.44, 81.6, 0.000347172
PHY_46, 5.52, 76.16, 0.000304776
PHY_48, 5.52, 76.16, 0.000304776
input11, 5.52, 76.16, 0.000304776
PHY_47, 95.68, 76.16, 0.000293505
PHY_49, 95.68, 76.16, 0.000293505
output19, 95.68, 76.16, 0.000293505
FILLER_0_24_18, 12.805, 76.16, 0.000304541
_398_, 31.36, 76.16, 0.000318504
_460_, 31.36, 76.16, 0.000318504
FILLER_0_24_51, 31.36, 76.16, 0.000318504
FILLER_0_24_66, 31.36, 76.16, 0.000318504
_391_, 53.9, 76.16, 0.000302417
_221_, 76.44, 76.16, 0.000303808
_226_, 76.44, 76.16, 0.000303808
hold21, 76.44, 76.16, 0.000303808
hold43, 76.44, 76.16, 0.000303808
FILLER_0_24_164, 76.44, 76.16, 0.000303808
_451_, 5.52, 70.72, 0.000338624
PHY_42, 5.52, 70.72, 0.000338624
PHY_44, 5.52, 70.72, 0.000338624
PHY_43, 95.68, 70.72, 0.000288908
PHY_45, 95.68, 70.72, 0.000288908
_452_, 12.805, 70.72, 0.000330568
hold1, 12.805, 70.72, 0.000330568
_306_, 31.36, 70.72, 0.000324982
_418_, 31.36, 70.72, 0.000324982
FILLER_0_21_45, 31.36, 70.72, 0.000324982
FILLER_0_22_50, 31.36, 70.72, 0.000324982
_386_, 53.9, 70.72, 0.000309141
_387_, 53.9, 70.72, 0.000309141
_388_, 53.9, 70.72, 0.000309141
_389_, 53.9, 70.72, 0.000309141
hold38, 53.9, 70.72, 0.000309141
FILLER_0_21_101, 53.9, 70.72, 0.000309141
FILLER_0_22_97, 53.9, 70.72, 0.000309141
_220_, 76.44, 70.72, 0.000306355
_251_, 76.44, 70.72, 0.000306355
_253_, 76.44, 70.72, 0.000306355
_439_, 76.44, 70.72, 0.000306355
FILLER_0_22_154, 76.44, 70.72, 0.000306355
FILLER_0_22_164, 76.44, 70.72, 0.000306355
FILLER_0_23_157, 76.44, 70.72, 0.000306355
FILLER_0_23_165, 76.44, 70.72, 0.000306355
_421_, 5.52, 65.28, 0.000373264
PHY_38, 5.52, 65.28, 0.000373264
PHY_40, 5.52, 65.28, 0.000373264
FILLER_0_20_3, 5.52, 65.28, 0.000373264
PHY_39, 95.68, 65.28, 0.000290611
PHY_41, 95.68, 65.28, 0.000290611
FILLER_0_19_188, 95.68, 65.28, 0.000290611
_204_, 31.36, 65.28, 0.000388107
_307_, 31.36, 65.28, 0.000388107
_310_, 31.36, 65.28, 0.000388107
_319_, 31.36, 65.28, 0.000388107
clkbuf_3_3__f_clk, 31.36, 65.28, 0.000388107
FILLER_0_19_47, 31.36, 65.28, 0.000388107
_448_, 53.9, 65.28, 0.000391714
fanout31, 53.9, 65.28, 0.000391714
clkbuf_3_6__f_clk, 53.9, 65.28, 0.000391714
FILLER_0_19_93, 53.9, 65.28, 0.000391714
FILLER_0_20_97, 53.9, 65.28, 0.000391714
FILLER_0_21_109, 53.9, 65.28, 0.000391714
_254_, 76.44, 65.28, 0.000325277
_255_, 76.44, 65.28, 0.000325277
_423_, 5.52, 59.84, 0.000408175
PHY_34, 5.52, 59.84, 0.000408175
PHY_36, 5.52, 59.84, 0.000408175
PHY_35, 95.68, 59.84, 0.000260098
PHY_37, 95.68, 59.84, 0.000260098
FILLER_0_17_190, 95.68, 59.84, 0.000260098
FILLER_0_18_189, 95.68, 59.84, 0.000260098
clkbuf_3_2__f_clk, 12.805, 59.84, 0.000393734
_209_, 31.36, 59.84, 0.000316674
_300_, 31.36, 59.84, 0.000316674
_317_, 31.36, 59.84, 0.000316674
_331_, 31.36, 59.84, 0.000316674
_438_, 53.9, 59.84, 0.000292019
FILLER_0_19_107, 53.9, 59.84, 0.000292019
FILLER_0_19_113, 53.9, 59.84, 0.000292019
_218_, 76.44, 59.84, 0.000266764
_261_, 76.44, 59.84, 0.000266764
_273_, 76.44, 59.84, 0.000266764
FILLER_0_17_143, 76.44, 59.84, 0.000266764
FILLER_0_18_163, 76.44, 59.84, 0.000266764
FILLER_0_19_161, 76.44, 59.84, 0.000266764
_424_, 5.52, 54.4, 0.000303456
PHY_30, 5.52, 54.4, 0.000303456
PHY_32, 5.52, 54.4, 0.000303456
PHY_31, 95.68, 54.4, 0.000255969
PHY_33, 95.68, 54.4, 0.000255969
FILLER_0_15_14, 12.805, 54.4, 0.000286006
_211_, 31.36, 54.4, 0.000282987
_227_, 31.36, 54.4, 0.000282987
_313_, 31.36, 54.4, 0.000282987
_314_, 31.36, 54.4, 0.000282987
FILLER_0_15_50, 31.36, 54.4, 0.000282987
FILLER_0_16_50, 31.36, 54.4, 0.000282987
_440_, 53.9, 54.4, 0.000303253
_455_, 53.9, 54.4, 0.000303253
fanout28, 53.9, 54.4, 0.000303253
FILLER_0_15_95, 53.9, 54.4, 0.000303253
FILLER_0_16_116, 53.9, 54.4, 0.000303253
FILLER_0_17_113, 53.9, 54.4, 0.000303253
_260_, 76.44, 54.4, 0.000271826
_262_, 76.44, 54.4, 0.000271826
_264_, 76.44, 54.4, 0.000271826
_268_, 76.44, 54.4, 0.000271826
hold6, 76.44, 54.4, 0.000271826
FILLER_0_15_145, 76.44, 54.4, 0.000271826
FILLER_0_16_157, 76.44, 54.4, 0.000271826
FILLER_0_16_165, 76.44, 54.4, 0.000271826
PHY_26, 5.52, 48.96, 0.000209488
PHY_28, 5.52, 48.96, 0.000209488
input4, 5.52, 48.96, 0.000209488
FILLER_0_15_6, 5.52, 48.96, 0.000209488
PHY_27, 95.68, 48.96, 0.000217425
PHY_29, 95.68, 48.96, 0.000217425
_335_, 12.805, 48.96, 0.000209082
_206_, 31.36, 48.96, 0.000194441
_210_, 31.36, 48.96, 0.000194441
_304_, 31.36, 48.96, 0.000194441
_305_, 31.36, 48.96, 0.000194441
FILLER_0_14_55, 31.36, 48.96, 0.000194441
FILLER_0_14_66, 31.36, 48.96, 0.000194441
_238_, 53.9, 48.96, 0.000192628
_240_, 53.9, 48.96, 0.000192628
FILLER_0_13_104, 53.9, 48.96, 0.000192628
FILLER_0_14_93, 53.9, 48.96, 0.000192628
FILLER_0_15_107, 53.9, 48.96, 0.000192628
_265_, 76.44, 48.96, 0.000217004
_266_, 76.44, 48.96, 0.000217004
_442_, 76.44, 48.96, 0.000217004
FILLER_0_15_165, 76.44, 48.96, 0.000217004
_425_, 5.52, 43.52, 0.000240564
PHY_22, 5.52, 43.52, 0.000240564
PHY_24, 5.52, 43.52, 0.000240564
PHY_23, 95.68, 43.52, 0.000262582
PHY_25, 95.68, 43.52, 0.000262582
output22, 95.68, 43.52, 0.000262582
_205_, 31.36, 43.52, 0.000213489
_234_, 31.36, 43.52, 0.000213489
_322_, 31.36, 43.52, 0.000213489
_338_, 31.36, 43.52, 0.000213489
FILLER_0_11_44, 31.36, 43.52, 0.000213489
FILLER_0_12_46, 31.36, 43.52, 0.000213489
FILLER_0_13_65, 31.36, 43.52, 0.000213489
_352_, 53.9, 43.52, 0.000220034
_456_, 53.9, 43.52, 0.000220034
fanout26, 53.9, 43.52, 0.000220034
FILLER_0_12_99, 53.9, 43.52, 0.000220034
_267_, 76.44, 43.52, 0.000237285
FILLER_0_12_161, 76.44, 43.52, 0.000237285
FILLER_0_13_160, 76.44, 43.52, 0.000237285
PHY_18, 5.52, 38.08, 0.00029214
PHY_20, 5.52, 38.08, 0.00029214
output15, 5.52, 38.08, 0.00029214
PHY_19, 95.68, 38.08, 0.000238424
PHY_21, 95.68, 38.08, 0.000238424
hold33, 12.805, 38.08, 0.000287708
FILLER_0_10_9, 12.805, 38.08, 0.000287708
FILLER_0_10_23, 12.805, 38.08, 0.000287708
_207_, 31.36, 38.08, 0.000324983
_321_, 31.36, 38.08, 0.000324983
_340_, 31.36, 38.08, 0.000324983
clkbuf_3_0__f_clk, 31.36, 38.08, 0.000324983
FILLER_0_9_49, 31.36, 38.08, 0.000324983
_237_, 53.9, 38.08, 0.000280693
_341_, 53.9, 38.08, 0.000280693
_344_, 53.9, 38.08, 0.000280693
_376_, 53.9, 38.08, 0.000280693
_378_, 53.9, 38.08, 0.000280693
_437_, 53.9, 38.08, 0.000280693
FILLER_0_9_93, 53.9, 38.08, 0.000280693
FILLER_0_9_99, 53.9, 38.08, 0.000280693
FILLER_0_10_93, 53.9, 38.08, 0.000280693
hold18, 76.44, 38.08, 0.000255685
FILLER_0_11_163, 76.44, 38.08, 0.000255685
_412_, 5.52, 32.64, 0.000296636
PHY_14, 5.52, 32.64, 0.000296636
PHY_16, 5.52, 32.64, 0.000296636
PHY_15, 95.68, 32.64, 0.000241963
PHY_17, 95.68, 32.64, 0.000241963
_287_, 12.805, 32.64, 0.000287432
_288_, 12.805, 32.64, 0.000287432
FILLER_0_7_14, 12.805, 32.64, 0.000287432
_349_, 31.36, 32.64, 0.000310331
_365_, 31.36, 32.64, 0.000310331
clkbuf_3_1__f_clk, 31.36, 32.64, 0.000310331
FILLER_0_7_53, 31.36, 32.64, 0.000310331
FILLER_0_8_65, 31.36, 32.64, 0.000310331
_342_, 53.9, 32.64, 0.000294812
_346_, 53.9, 32.64, 0.000294812
_347_, 53.9, 32.64, 0.000294812
_426_, 53.9, 32.64, 0.000294812
hold3, 53.9, 32.64, 0.000294812
FILLER_0_9_109, 53.9, 32.64, 0.000294812
_293_, 76.44, 32.64, 0.00026012
_415_, 76.44, 32.64, 0.00026012
FILLER_0_9_157, 76.44, 32.64, 0.00026012
FILLER_0_9_165, 76.44, 32.64, 0.00026012
PHY_10, 5.52, 27.2, 0.000247929
PHY_12, 5.52, 27.2, 0.000247929
FILLER_0_7_3, 5.52, 27.2, 0.000247929
PHY_11, 95.68, 27.2, 0.000238999
PHY_13, 95.68, 27.2, 0.000238999
input8, 95.68, 27.2, 0.000238999
FILLER_0_6_189, 95.68, 27.2, 0.000238999
FILLER_0_5_15, 12.805, 27.2, 0.000247929
_217_, 31.36, 27.2, 0.000273621
_351_, 31.36, 27.2, 0.000273621
_454_, 31.36, 27.2, 0.000273621
FILLER_0_5_48, 31.36, 27.2, 0.000273621
FILLER_0_7_61, 31.36, 27.2, 0.000273621
_236_, 53.9, 27.2, 0.000307606
_345_, 53.9, 27.2, 0.000307606
_348_, 53.9, 27.2, 0.000307606
clkbuf_3_4__f_clk, 53.9, 27.2, 0.000307606
FILLER_0_5_95, 53.9, 27.2, 0.000307606
FILLER_0_7_113, 53.9, 27.2, 0.000307606
PHY_6, 5.52, 21.76, 0.000269762
PHY_8, 5.52, 21.76, 0.000269762
FILLER_0_4_3, 5.52, 21.76, 0.000269762
PHY_7, 95.68, 21.76, 0.00023527
PHY_9, 95.68, 21.76, 0.00023527
FILLER_0_4_189, 95.68, 21.76, 0.00023527
_411_, 12.805, 21.76, 0.000269762
hold25, 12.805, 21.76, 0.000269762
_362_, 31.36, 21.76, 0.000261778
_428_, 31.36, 21.76, 0.000261778
FILLER_0_3_53, 31.36, 21.76, 0.000261778
FILLER_0_4_54, 31.36, 21.76, 0.000261778
_235_, 53.9, 21.76, 0.000261895
_353_, 53.9, 21.76, 0.000261895
_367_, 53.9, 21.76, 0.000261895
_427_, 53.9, 21.76, 0.000261895
FILLER_0_3_105, 53.9, 21.76, 0.000261895
FILLER_0_5_107, 53.9, 21.76, 0.000261895
hold19, 76.44, 21.76, 0.000242141
FILLER_0_5_157, 76.44, 21.76, 0.000242141
FILLER_0_5_165, 76.44, 21.76, 0.000242141
PHY_2, 5.52, 16.32, 0.000257548
PHY_4, 5.52, 16.32, 0.000257548
input3, 5.52, 16.32, 0.000257548
FILLER_0_2_6, 5.52, 16.32, 0.000257548
PHY_3, 95.68, 16.32, 0.00024361
PHY_5, 95.68, 16.32, 0.00024361
_284_, 12.805, 16.32, 0.000257042
_285_, 12.805, 16.32, 0.000257042
_286_, 12.805, 16.32, 0.000257042
_292_, 31.36, 16.32, 0.000261421
_414_, 31.36, 16.32, 0.000261421
hold16, 31.36, 16.32, 0.000261421
FILLER_0_1_48, 31.36, 16.32, 0.000261421
_354_, 53.9, 16.32, 0.000259255
_355_, 53.9, 16.32, 0.000259255
_430_, 53.9, 16.32, 0.000259255
FILLER_0_2_94, 53.9, 16.32, 0.000259255
FILLER_0_3_113, 53.9, 16.32, 0.000259255
_289_, 76.44, 16.32, 0.000258265
_413_, 76.44, 16.32, 0.000258265
hold20, 76.44, 16.32, 0.000258265
_410_, 5.52, 10.88, 0.000287808
PHY_0, 5.52, 10.88, 0.000287808
output13, 5.52, 10.88, 0.000287808
PHY_1, 95.68, 10.88, 0.000241539
_283_, 12.805, 10.88, 0.000274134
hold27, 12.805, 10.88, 0.000274134
_291_, 31.36, 10.88, 0.000252318
output17, 31.36, 10.88, 0.000252318
FILLER_0_0_57, 31.36, 10.88, 0.000252318
FILLER_0_1_68, 31.36, 10.88, 0.000252318
input10, 53.9, 10.88, 0.000241944
fanout25, 53.9, 10.88, 0.000241944
FILLER_0_0_97, 53.9, 10.88, 0.000241944
FILLER_0_0_104, 53.9, 10.88, 0.000241944
FILLER_0_0_113, 53.9, 10.88, 0.000241944
output12, 76.44, 10.88, 0.000245104
FILLER_0_1_163, 76.44, 10.88, 0.000245104

