Instance name,  X location,  Y location,  Voltage 
FILLER_0_32_161, 84.41, 100.64, 1.79979
_223_, 84.41, 95.2, 1.79977
hold9, 84.41, 95.2, 1.79977
FILLER_0_32_181, 84.41, 95.2, 1.79977
hold42, 84.41, 89.76, 1.79979
FILLER_0_29_160, 84.41, 89.76, 1.79979
_241_, 84.41, 84.32, 1.79978
FILLER_0_26_162, 84.41, 84.32, 1.79978
_275_, 84.41, 78.88, 1.79976
_276_, 84.41, 78.88, 1.79976
_445_, 84.41, 78.88, 1.79976
hold22, 84.41, 78.88, 1.79976
FILLER_0_24_164, 84.41, 78.88, 1.79976
_251_, 84.41, 73.44, 1.7998
_278_, 84.41, 73.44, 1.7998
_279_, 84.41, 73.44, 1.7998
_280_, 84.41, 73.44, 1.7998
FILLER_0_22_164, 84.41, 73.44, 1.7998
FILLER_0_23_165, 84.41, 73.44, 1.7998
FILLER_0_23_169, 84.41, 73.44, 1.7998
_219_, 84.41, 68, 1.79979
_277_, 84.41, 68, 1.79979
_446_, 84.41, 68, 1.79979
FILLER_0_21_183, 84.41, 68, 1.79979
_273_, 84.41, 62.56, 1.79977
_274_, 84.41, 62.56, 1.79977
_444_, 84.41, 62.56, 1.79977
hold2, 84.41, 62.56, 1.79977
FILLER_0_18_163, 84.41, 62.56, 1.79977
FILLER_0_19_161, 84.41, 62.56, 1.79977
FILLER_0_19_176, 84.41, 62.56, 1.79977
FILLER_0_20_181, 84.41, 62.56, 1.79977
_268_, 84.41, 57.12, 1.79976
_270_, 84.41, 57.12, 1.79976
_272_, 84.41, 57.12, 1.79976
FILLER_0_16_165, 84.41, 57.12, 1.79976
_266_, 84.41, 51.68, 1.79976
_269_, 84.41, 51.68, 1.79976
_271_, 84.41, 51.68, 1.79976
_443_, 84.41, 51.68, 1.79976
FILLER_0_15_165, 84.41, 51.68, 1.79976
FILLER_0_15_169, 84.41, 51.68, 1.79976
FILLER_0_12_161, 84.41, 46.24, 1.79975
FILLER_0_12_169, 84.41, 46.24, 1.79975
FILLER_0_13_160, 84.41, 46.24, 1.79975
_429_, 84.41, 40.8, 1.79971
FILLER_0_11_163, 84.41, 40.8, 1.79971
FILLER_0_11_181, 84.41, 40.8, 1.79971
FILLER_0_9_165, 84.41, 35.36, 1.79971
FILLER_0_5_165, 84.41, 24.48, 1.79971
FILLER_0_5_181, 84.41, 24.48, 1.79971
FILLER_0_0_181, 84.41, 13.6, 1.79969
FILLER_0_1_163, 84.41, 13.6, 1.79969
output20, 61.87, 100.64, 1.79978
FILLER_0_32_119, 61.87, 100.64, 1.79978
_379_, 61.87, 95.2, 1.79976
_381_, 61.87, 95.2, 1.79976
_447_, 61.87, 95.2, 1.79976
hold10, 61.87, 95.2, 1.79976
_233_, 61.87, 89.76, 1.79977
_380_, 61.87, 89.76, 1.79977
fanout30, 61.87, 89.76, 1.79977
hold17, 61.87, 89.76, 1.79977
FILLER_0_29_121, 61.87, 89.76, 1.79977
_247_, 61.87, 84.32, 1.79977
_224_, 61.87, 78.88, 1.79976
_232_, 61.87, 78.88, 1.79976
_245_, 61.87, 78.88, 1.79976
_383_, 61.87, 78.88, 1.79976
_390_, 61.87, 78.88, 1.79976
_391_, 61.87, 78.88, 1.79976
_385_, 61.87, 73.44, 1.79979
_386_, 61.87, 73.44, 1.79979
_388_, 61.87, 73.44, 1.79979
_389_, 61.87, 73.44, 1.79979
FILLER_0_24_129, 61.87, 73.44, 1.79979
_382_, 61.87, 68, 1.79979
_448_, 61.87, 68, 1.79979
FILLER_0_20_121, 61.87, 68, 1.79979
fanout29, 61.87, 62.56, 1.79972
clkbuf_3_7__f_clk, 61.87, 62.56, 1.79972
hold4, 61.87, 62.56, 1.79972
FILLER_0_19_113, 61.87, 62.56, 1.79972
_258_, 61.87, 57.12, 1.7997
_440_, 61.87, 57.12, 1.7997
FILLER_0_16_116, 61.87, 57.12, 1.7997
FILLER_0_17_113, 61.87, 57.12, 1.7997
_259_, 61.87, 51.68, 1.79975
_441_, 61.87, 51.68, 1.79975
fanout26, 61.87, 46.24, 1.79974
FILLER_0_13_131, 61.87, 46.24, 1.79974
_295_, 61.87, 40.8, 1.7997
_377_, 61.87, 40.8, 1.7997
_378_, 61.87, 40.8, 1.7997
_437_, 61.87, 40.8, 1.7997
FILLER_0_12_125, 61.87, 40.8, 1.7997
clkbuf_3_5__f_clk, 61.87, 35.36, 1.79967
FILLER_0_9_125, 61.87, 35.36, 1.79967
_375_, 61.87, 29.92, 1.79968
_436_, 61.87, 29.92, 1.79968
FILLER_0_6_121, 61.87, 29.92, 1.79968
FILLER_0_7_113, 61.87, 29.92, 1.79968
FILLER_0_7_121, 61.87, 29.92, 1.79968
FILLER_0_8_130, 61.87, 29.92, 1.79968
_374_, 61.87, 24.48, 1.79967
_427_, 61.87, 24.48, 1.79967
FILLER_0_6_134, 61.87, 24.48, 1.79967
_369_, 61.87, 19.04, 1.79969
_434_, 61.87, 19.04, 1.79969
fanout27, 61.87, 19.04, 1.79969
FILLER_0_3_113, 61.87, 19.04, 1.79969
FILLER_0_4_130, 61.87, 19.04, 1.79969
_281_, 61.87, 13.6, 1.79968
_368_, 61.87, 13.6, 1.79968
_409_, 61.87, 13.6, 1.79968
fanout25, 61.87, 13.6, 1.79968
hold7, 61.87, 13.6, 1.79968
FILLER_0_0_113, 61.87, 13.6, 1.79968
FILLER_0_2_133, 61.87, 13.6, 1.79968
hold34, 39.33, 100.64, 1.79976
_463_, 39.33, 95.2, 1.79974
input6, 39.33, 95.2, 1.79974
FILLER_0_30_70, 39.33, 95.2, 1.79974
FILLER_0_31_66, 39.33, 95.2, 1.79974
FILLER_0_32_77, 39.33, 95.2, 1.79974
FILLER_0_32_85, 39.33, 95.2, 1.79974
_402_, 39.33, 89.76, 1.79972
_403_, 39.33, 89.76, 1.79972
_404_, 39.33, 89.76, 1.79972
_405_, 39.33, 89.76, 1.79972
_462_, 39.33, 89.76, 1.79972
hold14, 39.33, 89.76, 1.79972
FILLER_0_30_81, 39.33, 89.76, 1.79972
FILLER_0_27_81, 39.33, 84.32, 1.79976
FILLER_0_28_85, 39.33, 84.32, 1.79976
_244_, 39.33, 78.88, 1.79973
hold29, 39.33, 78.88, 1.79973
FILLER_0_24_66, 39.33, 78.88, 1.79973
FILLER_0_25_77, 39.33, 78.88, 1.79973
FILLER_0_26_74, 39.33, 78.88, 1.79973
_395_, 39.33, 73.44, 1.79975
_458_, 39.33, 73.44, 1.79975
FILLER_0_23_81, 39.33, 73.44, 1.79975
FILLER_0_24_77, 39.33, 73.44, 1.79975
_204_, 39.33, 68, 1.7997
_308_, 39.33, 68, 1.7997
_310_, 39.33, 68, 1.7997
_311_, 39.33, 68, 1.7997
_419_, 39.33, 68, 1.7997
hold39, 39.33, 68, 1.7997
_309_, 39.33, 62.56, 1.7997
_315_, 39.33, 62.56, 1.7997
hold5, 39.33, 62.56, 1.7997
FILLER_0_19_76, 39.33, 62.56, 1.7997
FILLER_0_20_81, 39.33, 62.56, 1.7997
_208_, 39.33, 57.12, 1.79968
_211_, 39.33, 57.12, 1.79968
_312_, 39.33, 57.12, 1.79968
_314_, 39.33, 57.12, 1.79968
_316_, 39.33, 57.12, 1.79968
FILLER_0_17_71, 39.33, 57.12, 1.79968
FILLER_0_17_84, 39.33, 57.12, 1.79968
FILLER_0_18_75, 39.33, 57.12, 1.79968
FILLER_0_18_85, 39.33, 57.12, 1.79968
_229_, 39.33, 51.68, 1.79973
_299_, 39.33, 51.68, 1.79973
_304_, 39.33, 51.68, 1.79973
FILLER_0_14_66, 39.33, 51.68, 1.79973
FILLER_0_16_74, 39.33, 51.68, 1.79973
_228_, 39.33, 46.24, 1.79972
_239_, 39.33, 46.24, 1.79972
FILLER_0_13_65, 39.33, 46.24, 1.79972
FILLER_0_13_73, 39.33, 46.24, 1.79972
FILLER_0_14_85, 39.33, 46.24, 1.79972
_212_, 39.33, 40.8, 1.79965
_214_, 39.33, 40.8, 1.79965
_303_, 39.33, 40.8, 1.79965
_340_, 39.33, 40.8, 1.79965
_453_, 39.33, 40.8, 1.79965
max_cap23, 39.33, 40.8, 1.79965
_215_, 39.33, 35.36, 1.79965
_349_, 39.33, 35.36, 1.79965
hold41, 39.33, 35.36, 1.79965
FILLER_0_8_65, 39.33, 35.36, 1.79965
FILLER_0_10_79, 39.33, 35.36, 1.79965
_216_, 39.33, 29.92, 1.79966
_350_, 39.33, 29.92, 1.79966
_351_, 39.33, 29.92, 1.79966
_364_, 39.33, 29.92, 1.79966
FILLER_0_7_77, 39.33, 29.92, 1.79966
FILLER_0_8_76, 39.33, 29.92, 1.79966
_360_, 39.33, 24.48, 1.79966
FILLER_0_5_69, 39.33, 24.48, 1.79966
FILLER_0_5_85, 39.33, 24.48, 1.79966
_356_, 39.33, 19.04, 1.79967
_357_, 39.33, 19.04, 1.79967
_361_, 39.33, 19.04, 1.79967
_370_, 39.33, 19.04, 1.79967
hold15, 39.33, 19.04, 1.79967
_371_, 39.33, 13.6, 1.79967
_372_, 39.33, 13.6, 1.79967
_435_, 39.33, 13.6, 1.79967
output17, 39.33, 13.6, 1.79967
FILLER_0_0_70, 39.33, 13.6, 1.79967
FILLER_0_0_79, 39.33, 13.6, 1.79967
FILLER_0_1_68, 39.33, 13.6, 1.79967
FILLER_0_2_77, 39.33, 13.6, 1.79967
FILLER_0_32_21, 16.79, 100.64, 1.79976
input5, 16.79, 95.2, 1.79974
_459_, 16.79, 78.88, 1.79972
FILLER_0_24_18, 16.79, 78.88, 1.79972
FILLER_0_25_27, 16.79, 78.88, 1.79972
FILLER_0_26_29, 16.79, 78.88, 1.79972
_452_, 16.79, 73.44, 1.79974
hold1, 16.79, 73.44, 1.79974
_301_, 16.79, 68, 1.79968
_302_, 16.79, 68, 1.79968
_417_, 16.79, 68, 1.79968
FILLER_0_21_27, 16.79, 68, 1.79968
_320_, 16.79, 62.56, 1.79965
clkbuf_3_2__f_clk, 16.79, 62.56, 1.79965
hold13, 16.79, 62.56, 1.79965
_332_, 16.79, 57.12, 1.79969
_333_, 16.79, 57.12, 1.79969
FILLER_0_16_24, 16.79, 57.12, 1.79969
FILLER_0_17_35, 16.79, 57.12, 1.79969
FILLER_0_18_29, 16.79, 57.12, 1.79969
_325_, 16.79, 51.68, 1.79969
_326_, 16.79, 51.68, 1.79969
_334_, 16.79, 51.68, 1.79969
_335_, 16.79, 51.68, 1.79969
hold11, 16.79, 51.68, 1.79969
FILLER_0_15_14, 16.79, 51.68, 1.79969
_324_, 16.79, 46.24, 1.79969
_327_, 16.79, 46.24, 1.79969
_337_, 16.79, 46.24, 1.79969
_339_, 16.79, 46.24, 1.79969
_328_, 16.79, 40.8, 1.79965
hold33, 16.79, 40.8, 1.79965
FILLER_0_10_23, 16.79, 40.8, 1.79965
FILLER_0_12_29, 16.79, 40.8, 1.79965
_287_, 16.79, 35.36, 1.79964
_422_, 16.79, 35.36, 1.79964
FILLER_0_9_26, 16.79, 35.36, 1.79964
_433_, 16.79, 29.92, 1.79965
hold32, 16.79, 29.92, 1.79965
FILLER_0_7_14, 16.79, 29.92, 1.79965
FILLER_0_8_25, 16.79, 29.92, 1.79965
FILLER_0_8_29, 16.79, 29.92, 1.79965
_366_, 16.79, 24.48, 1.79968
hold25, 16.79, 24.48, 1.79968
FILLER_0_5_15, 16.79, 24.48, 1.79968
_285_, 16.79, 19.04, 1.79965
_286_, 16.79, 19.04, 1.79965
_432_, 16.79, 19.04, 1.79965
FILLER_0_3_30, 16.79, 19.04, 1.79965
FILLER_0_4_29, 16.79, 19.04, 1.79965
_283_, 16.79, 13.6, 1.79965
_359_, 16.79, 13.6, 1.79965
_431_, 16.79, 13.6, 1.79965
output14, 16.79, 13.6, 1.79965
hold26, 16.79, 13.6, 1.79965
FILLER_0_1_25, 16.79, 13.6, 1.79965
FILLER_0_2_29, 16.79, 13.6, 1.79965
PHY_64, 5.52, 100.64, 1.79976
PHY_65, 95.68, 100.64, 1.79979
input7, 95.68, 100.64, 1.79979
FILLER_0_32_46, 28.06, 100.64, 1.79976
hold23, 50.6, 100.64, 1.79977
FILLER_0_32_135, 73.14, 100.64, 1.79979
FILLER_0_32_141, 73.14, 100.64, 1.79979
PHY_60, 5.52, 95.2, 1.79973
PHY_62, 5.52, 95.2, 1.79973
input1, 5.52, 95.2, 1.79973
output21, 5.52, 95.2, 1.79973
PHY_61, 95.68, 95.2, 1.79977
PHY_63, 95.68, 95.2, 1.79977
FILLER_0_30_190, 95.68, 95.2, 1.79977
_400_, 28.06, 95.2, 1.79974
_401_, 28.06, 95.2, 1.79974
FILLER_0_30_41, 28.06, 95.2, 1.79974
FILLER_0_31_42, 28.06, 95.2, 1.79974
FILLER_0_32_57, 28.06, 95.2, 1.79974
_408_, 50.6, 95.2, 1.79974
_222_, 73.14, 95.2, 1.79974
_231_, 73.14, 95.2, 1.79974
_242_, 73.14, 95.2, 1.79974
_465_, 73.14, 95.2, 1.79974
_468_, 73.14, 95.2, 1.79974
input9, 73.14, 95.2, 1.79974
PHY_56, 5.52, 89.76, 1.79972
PHY_58, 5.52, 89.76, 1.79972
PHY_57, 95.68, 89.76, 1.79979
PHY_59, 95.68, 89.76, 1.79979
FILLER_0_28_185, 95.68, 89.76, 1.79979
_392_, 28.06, 89.76, 1.79969
_393_, 28.06, 89.76, 1.79969
_457_, 28.06, 89.76, 1.79969
_461_, 28.06, 89.76, 1.79969
hold36, 28.06, 89.76, 1.79969
FILLER_0_29_53, 28.06, 89.76, 1.79969
_246_, 50.6, 89.76, 1.79973
_406_, 50.6, 89.76, 1.79973
_407_, 50.6, 89.76, 1.79973
FILLER_0_29_86, 50.6, 89.76, 1.79973
FILLER_0_29_106, 50.6, 89.76, 1.79973
FILLER_0_28_141, 73.14, 89.76, 1.79978
PHY_52, 5.52, 84.32, 1.79975
PHY_54, 5.52, 84.32, 1.79975
PHY_53, 95.68, 84.32, 1.79978
PHY_55, 95.68, 84.32, 1.79978
_397_, 28.06, 84.32, 1.79975
FILLER_0_26_37, 28.06, 84.32, 1.79975
FILLER_0_26_43, 28.06, 84.32, 1.79975
FILLER_0_27_51, 28.06, 84.32, 1.79975
FILLER_0_28_61, 28.06, 84.32, 1.79975
_394_, 50.6, 84.32, 1.79975
_464_, 50.6, 84.32, 1.79975
hold28, 50.6, 84.32, 1.79975
_243_, 73.14, 84.32, 1.79976
_248_, 73.14, 84.32, 1.79976
_467_, 73.14, 84.32, 1.79976
hold35, 73.14, 84.32, 1.79976
FILLER_0_27_144, 73.14, 84.32, 1.79976
FILLER_0_27_152, 73.14, 84.32, 1.79976
PHY_48, 5.52, 78.88, 1.79972
PHY_50, 5.52, 78.88, 1.79972
PHY_49, 95.68, 78.88, 1.79976
PHY_51, 95.68, 78.88, 1.79976
output19, 95.68, 78.88, 1.79976
hold30, 95.68, 78.88, 1.79976
_396_, 28.06, 78.88, 1.79971
_399_, 28.06, 78.88, 1.79971
_460_, 28.06, 78.88, 1.79971
hold37, 28.06, 78.88, 1.79971
_450_, 50.6, 78.88, 1.79974
FILLER_0_25_102, 50.6, 78.88, 1.79974
FILLER_0_26_103, 50.6, 78.88, 1.79974
_225_, 73.14, 78.88, 1.79974
_249_, 73.14, 78.88, 1.79974
_466_, 73.14, 78.88, 1.79974
FILLER_0_24_137, 73.14, 78.88, 1.79974
FILLER_0_24_141, 73.14, 78.88, 1.79974
FILLER_0_25_139, 73.14, 78.88, 1.79974
FILLER_0_26_149, 73.14, 78.88, 1.79974
PHY_44, 5.52, 73.44, 1.79974
PHY_46, 5.52, 73.44, 1.79974
input11, 5.52, 73.44, 1.79974
PHY_45, 95.68, 73.44, 1.7998
PHY_47, 95.68, 73.44, 1.7998
FILLER_0_23_185, 95.68, 73.44, 1.7998
_398_, 28.06, 73.44, 1.79974
FILLER_0_24_51, 28.06, 73.44, 1.79974
_449_, 50.6, 73.44, 1.79976
FILLER_0_22_97, 50.6, 73.44, 1.79976
_221_, 73.14, 73.44, 1.79978
_226_, 73.14, 73.44, 1.79978
_384_, 73.14, 73.44, 1.79978
hold21, 73.14, 73.44, 1.79978
hold43, 73.14, 73.44, 1.79978
FILLER_0_23_139, 73.14, 73.44, 1.79978
FILLER_0_23_157, 73.14, 73.44, 1.79978
_451_, 5.52, 68, 1.79967
PHY_40, 5.52, 68, 1.79967
PHY_42, 5.52, 68, 1.79967
PHY_41, 95.68, 68, 1.79978
PHY_43, 95.68, 68, 1.79978
output18, 95.68, 68, 1.79978
_306_, 28.06, 68, 1.79963
_307_, 28.06, 68, 1.79963
_318_, 28.06, 68, 1.79963
_418_, 28.06, 68, 1.79963
clkbuf_3_3__f_clk, 28.06, 68, 1.79963
FILLER_0_21_45, 28.06, 68, 1.79963
FILLER_0_22_50, 28.06, 68, 1.79963
_387_, 50.6, 68, 1.79974
hold38, 50.6, 68, 1.79974
FILLER_0_20_97, 50.6, 68, 1.79974
FILLER_0_21_101, 50.6, 68, 1.79974
FILLER_0_21_109, 50.6, 68, 1.79974
_220_, 73.14, 68, 1.79977
_250_, 73.14, 68, 1.79977
_252_, 73.14, 68, 1.79977
_253_, 73.14, 68, 1.79977
_256_, 73.14, 68, 1.79977
_439_, 73.14, 68, 1.79977
FILLER_0_21_136, 73.14, 68, 1.79977
FILLER_0_22_154, 73.14, 68, 1.79977
_421_, 5.52, 62.56, 1.79962
PHY_36, 5.52, 62.56, 1.79962
PHY_38, 5.52, 62.56, 1.79962
FILLER_0_20_3, 5.52, 62.56, 1.79962
PHY_37, 95.68, 62.56, 1.79977
PHY_39, 95.68, 62.56, 1.79977
FILLER_0_18_189, 95.68, 62.56, 1.79977
FILLER_0_19_188, 95.68, 62.56, 1.79977
_317_, 28.06, 62.56, 1.79966
_319_, 28.06, 62.56, 1.79966
_329_, 28.06, 62.56, 1.79966
FILLER_0_19_47, 28.06, 62.56, 1.79966
_420_, 50.6, 62.56, 1.79966
fanout31, 50.6, 62.56, 1.79966
clkbuf_3_6__f_clk, 50.6, 62.56, 1.79966
FILLER_0_19_93, 50.6, 62.56, 1.79966
FILLER_0_19_107, 50.6, 62.56, 1.79966
_254_, 73.14, 62.56, 1.79974
_255_, 73.14, 62.56, 1.79974
_261_, 73.14, 62.56, 1.79974
FILLER_0_18_141, 73.14, 62.56, 1.79974
_423_, 5.52, 57.12, 1.79967
PHY_32, 5.52, 57.12, 1.79967
PHY_34, 5.52, 57.12, 1.79967
PHY_33, 95.68, 57.12, 1.79976
PHY_35, 95.68, 57.12, 1.79976
FILLER_0_16_184, 95.68, 57.12, 1.79976
FILLER_0_17_190, 95.68, 57.12, 1.79976
_209_, 28.06, 57.12, 1.79968
_300_, 28.06, 57.12, 1.79968
_313_, 28.06, 57.12, 1.79968
_330_, 28.06, 57.12, 1.79968
_331_, 28.06, 57.12, 1.79968
_438_, 50.6, 57.12, 1.7996
_455_, 50.6, 57.12, 1.7996
clkbuf_0_clk, 50.6, 57.12, 1.7996
_218_, 73.14, 57.12, 1.79972
_257_, 73.14, 57.12, 1.79972
_262_, 73.14, 57.12, 1.79972
_263_, 73.14, 57.12, 1.79972
hold6, 73.14, 57.12, 1.79972
FILLER_0_17_143, 73.14, 57.12, 1.79972
_424_, 5.52, 51.68, 1.79966
PHY_28, 5.52, 51.68, 1.79966
PHY_30, 5.52, 51.68, 1.79966
input4, 5.52, 51.68, 1.79966
FILLER_0_15_6, 5.52, 51.68, 1.79966
PHY_29, 95.68, 51.68, 1.79976
PHY_31, 95.68, 51.68, 1.79976
FILLER_0_14_186, 95.68, 51.68, 1.79976
_210_, 28.06, 51.68, 1.79971
_227_, 28.06, 51.68, 1.79971
_305_, 28.06, 51.68, 1.79971
FILLER_0_14_39, 28.06, 51.68, 1.79971
FILLER_0_15_50, 28.06, 51.68, 1.79971
FILLER_0_16_50, 28.06, 51.68, 1.79971
_230_, 50.6, 51.68, 1.79974
_240_, 50.6, 51.68, 1.79974
fanout28, 50.6, 51.68, 1.79974
FILLER_0_14_93, 50.6, 51.68, 1.79974
FILLER_0_15_87, 50.6, 51.68, 1.79974
FILLER_0_15_95, 50.6, 51.68, 1.79974
FILLER_0_15_107, 50.6, 51.68, 1.79974
_260_, 73.14, 51.68, 1.79976
_264_, 73.14, 51.68, 1.79976
_265_, 73.14, 51.68, 1.79976
FILLER_0_14_135, 73.14, 51.68, 1.79976
FILLER_0_15_145, 73.14, 51.68, 1.79976
FILLER_0_16_157, 73.14, 51.68, 1.79976
_425_, 5.52, 46.24, 1.79968
PHY_24, 5.52, 46.24, 1.79968
PHY_26, 5.52, 46.24, 1.79968
PHY_25, 95.68, 46.24, 1.79975
PHY_27, 95.68, 46.24, 1.79975
_206_, 28.06, 46.24, 1.7997
_323_, 28.06, 46.24, 1.7997
_336_, 28.06, 46.24, 1.7997
_338_, 28.06, 46.24, 1.7997
FILLER_0_12_46, 28.06, 46.24, 1.7997
FILLER_0_14_55, 28.06, 46.24, 1.7997
_238_, 50.6, 46.24, 1.79973
_297_, 50.6, 46.24, 1.79973
_298_, 50.6, 46.24, 1.79973
hold40, 50.6, 46.24, 1.79973
FILLER_0_13_104, 50.6, 46.24, 1.79973
_267_, 73.14, 46.24, 1.79973
_416_, 73.14, 46.24, 1.79973
_442_, 73.14, 46.24, 1.79973
hold12, 73.14, 46.24, 1.79973
PHY_20, 5.52, 40.8, 1.79965
PHY_22, 5.52, 40.8, 1.79965
PHY_21, 95.68, 40.8, 1.79969
PHY_23, 95.68, 40.8, 1.79969
output22, 95.68, 40.8, 1.79969
_205_, 28.06, 40.8, 1.79961
_207_, 28.06, 40.8, 1.79961
_213_, 28.06, 40.8, 1.79961
_234_, 28.06, 40.8, 1.79961
_321_, 28.06, 40.8, 1.79961
_322_, 28.06, 40.8, 1.79961
clkbuf_3_0__f_clk, 28.06, 40.8, 1.79961
FILLER_0_10_41, 28.06, 40.8, 1.79961
FILLER_0_11_44, 28.06, 40.8, 1.79961
_237_, 50.6, 40.8, 1.79967
_352_, 50.6, 40.8, 1.79967
_456_, 50.6, 40.8, 1.79967
FILLER_0_10_93, 50.6, 40.8, 1.79967
FILLER_0_12_99, 50.6, 40.8, 1.79967
_294_, 73.14, 40.8, 1.7997
_296_, 73.14, 40.8, 1.7997
PHY_16, 5.52, 35.36, 1.79963
PHY_18, 5.52, 35.36, 1.79963
output15, 5.52, 35.36, 1.79963
FILLER_0_10_9, 5.52, 35.36, 1.79963
PHY_17, 95.68, 35.36, 1.79971
PHY_19, 95.68, 35.36, 1.79971
FILLER_0_8_186, 95.68, 35.36, 1.79971
clkbuf_3_1__f_clk, 28.06, 35.36, 1.79961
FILLER_0_8_41, 28.06, 35.36, 1.79961
FILLER_0_9_49, 28.06, 35.36, 1.79961
_341_, 50.6, 35.36, 1.79965
_342_, 50.6, 35.36, 1.79965
_343_, 50.6, 35.36, 1.79965
_344_, 50.6, 35.36, 1.79965
_376_, 50.6, 35.36, 1.79965
FILLER_0_9_93, 50.6, 35.36, 1.79965
FILLER_0_9_99, 50.6, 35.36, 1.79965
FILLER_0_9_109, 50.6, 35.36, 1.79965
_415_, 73.14, 35.36, 1.79968
hold18, 73.14, 35.36, 1.79968
FILLER_0_9_157, 73.14, 35.36, 1.79968
_288_, 5.52, 29.92, 1.79963
_412_, 5.52, 29.92, 1.79963
PHY_12, 5.52, 29.92, 1.79963
PHY_14, 5.52, 29.92, 1.79963
FILLER_0_7_3, 5.52, 29.92, 1.79963
PHY_13, 95.68, 29.92, 1.79972
PHY_15, 95.68, 29.92, 1.79972
FILLER_0_6_189, 95.68, 29.92, 1.79972
_217_, 28.06, 29.92, 1.79963
_365_, 28.06, 29.92, 1.79963
_454_, 28.06, 29.92, 1.79963
FILLER_0_7_53, 28.06, 29.92, 1.79963
FILLER_0_7_61, 28.06, 29.92, 1.79963
_236_, 50.6, 29.92, 1.79964
_346_, 50.6, 29.92, 1.79964
_347_, 50.6, 29.92, 1.79964
_426_, 50.6, 29.92, 1.79964
hold3, 50.6, 29.92, 1.79964
FILLER_0_7_87, 50.6, 29.92, 1.79964
_293_, 73.14, 29.92, 1.7997
PHY_8, 5.52, 24.48, 1.79968
PHY_10, 5.52, 24.48, 1.79968
PHY_9, 95.68, 24.48, 1.79971
PHY_11, 95.68, 24.48, 1.79971
input8, 95.68, 24.48, 1.79971
FILLER_0_4_189, 95.68, 24.48, 1.79971
hold24, 28.06, 24.48, 1.79967
FILLER_0_5_48, 28.06, 24.48, 1.79967
_235_, 50.6, 24.48, 1.79962
_345_, 50.6, 24.48, 1.79962
_348_, 50.6, 24.48, 1.79962
_373_, 50.6, 24.48, 1.79962
clkbuf_3_4__f_clk, 50.6, 24.48, 1.79962
FILLER_0_4_91, 50.6, 24.48, 1.79962
FILLER_0_5_95, 50.6, 24.48, 1.79962
FILLER_0_5_107, 50.6, 24.48, 1.79962
FILLER_0_5_157, 73.14, 24.48, 1.79969
_411_, 5.52, 19.04, 1.79963
PHY_4, 5.52, 19.04, 1.79963
PHY_6, 5.52, 19.04, 1.79963
FILLER_0_4_3, 5.52, 19.04, 1.79963
PHY_5, 95.68, 19.04, 1.79971
PHY_7, 95.68, 19.04, 1.79971
FILLER_0_2_184, 95.68, 19.04, 1.79971
_358_, 28.06, 19.04, 1.79964
_362_, 28.06, 19.04, 1.79964
_363_, 28.06, 19.04, 1.79964
_414_, 28.06, 19.04, 1.79964
_428_, 28.06, 19.04, 1.79964
hold16, 28.06, 19.04, 1.79964
FILLER_0_3_53, 28.06, 19.04, 1.79964
FILLER_0_4_54, 28.06, 19.04, 1.79964
_353_, 50.6, 19.04, 1.79967
_367_, 50.6, 19.04, 1.79967
_430_, 50.6, 19.04, 1.79967
hold31, 50.6, 19.04, 1.79967
FILLER_0_2_94, 50.6, 19.04, 1.79967
FILLER_0_3_105, 50.6, 19.04, 1.79967
_289_, 73.14, 19.04, 1.7997
hold19, 73.14, 19.04, 1.7997
_284_, 5.52, 13.6, 1.79962
_410_, 5.52, 13.6, 1.79962
PHY_0, 5.52, 13.6, 1.79962
PHY_2, 5.52, 13.6, 1.79962
input3, 5.52, 13.6, 1.79962
output13, 5.52, 13.6, 1.79962
hold27, 5.52, 13.6, 1.79962
FILLER_0_2_6, 5.52, 13.6, 1.79962
PHY_1, 95.68, 13.6, 1.79969
PHY_3, 95.68, 13.6, 1.79969
input2, 95.68, 13.6, 1.79969
output16, 95.68, 13.6, 1.79969
_291_, 28.06, 13.6, 1.79965
_292_, 28.06, 13.6, 1.79965
FILLER_0_0_57, 28.06, 13.6, 1.79965
FILLER_0_1_48, 28.06, 13.6, 1.79965
_354_, 50.6, 13.6, 1.79967
_355_, 50.6, 13.6, 1.79967
input10, 50.6, 13.6, 1.79967
fanout24, 50.6, 13.6, 1.79967
FILLER_0_0_97, 50.6, 13.6, 1.79967
FILLER_0_0_104, 50.6, 13.6, 1.79967
_282_, 73.14, 13.6, 1.79967
_290_, 73.14, 13.6, 1.79967
_413_, 73.14, 13.6, 1.79967
output12, 73.14, 13.6, 1.79967
hold8, 73.14, 13.6, 1.79967
hold20, 73.14, 13.6, 1.79967

