
===========================================================================
 report_power
============================================================================
======================= Fastest Corner ===================================

Group                  Internal  Switching    Leakage      Total
                          Power      Power      Power      Power (Watts)
----------------------------------------------------------------
Sequential             4.49e-04   2.64e-04   3.28e-07   7.13e-04  30.6%
Combinational          6.38e-04   9.77e-04   8.45e-09   1.61e-03  69.4%
Macro                  0.00e+00   0.00e+00   0.00e+00   0.00e+00   0.0%
Pad                    0.00e+00   0.00e+00   0.00e+00   0.00e+00   0.0%
----------------------------------------------------------------
Total                  1.09e-03   1.24e-03   3.36e-07   2.33e-03 100.0%
                          46.7%      53.3%       0.0%

======================= Slowest Corner ===================================

Group                  Internal  Switching    Leakage      Total
                          Power      Power      Power      Power (Watts)
----------------------------------------------------------------
Sequential             3.02e-04   1.75e-04   1.31e-06   4.79e-04  30.1%
Combinational          4.62e-04   6.48e-04   2.67e-06   1.11e-03  69.9%
Macro                  0.00e+00   0.00e+00   0.00e+00   0.00e+00   0.0%
Pad                    0.00e+00   0.00e+00   0.00e+00   0.00e+00   0.0%
----------------------------------------------------------------
Total                  7.64e-04   8.23e-04   3.98e-06   1.59e-03 100.0%
                          48.0%      51.7%       0.2%

======================= Typical Corner ===================================

Group                  Internal  Switching    Leakage      Total
                          Power      Power      Power      Power (Watts)
----------------------------------------------------------------
Sequential             3.88e-04   2.23e-04   3.27e-07   6.12e-04  30.5%
Combinational          5.64e-04   8.27e-04   6.41e-09   1.39e-03  69.5%
Macro                  0.00e+00   0.00e+00   0.00e+00   0.00e+00   0.0%
Pad                    0.00e+00   0.00e+00   0.00e+00   0.00e+00   0.0%
----------------------------------------------------------------
Total                  9.53e-04   1.05e-03   3.34e-07   2.00e-03 100.0%
                          47.6%      52.4%       0.0%

