
===========================================================================
report_checks -unconstrained
===========================================================================
======================= Fastest Corner ===================================

Startpoint: rstn (input port clocked by clk)
Endpoint: _395_ (recovery check against rising-edge clock clk)
Path Group: asynchronous
Path Type: max
Corner: Fastest

Fanout     Cap    Slew   Delay    Time   Description
-----------------------------------------------------------------------------
                          0.00    0.00   clock clk (rise edge)
                          0.00    0.00   clock network delay (propagated)
                          2.00    2.00 ^ input external delay
                  0.02    0.01    2.01 ^ rstn (in)
     1    0.00                           rstn (net)
                  0.02    0.00    2.01 ^ input100/A (sky130_fd_sc_hd__clkbuf_2)
                  0.12    0.13    2.14 ^ input100/X (sky130_fd_sc_hd__clkbuf_2)
     2    0.03                           net100 (net)
                  0.12    0.00    2.14 ^ fanout205/A (sky130_fd_sc_hd__buf_4)
                  0.16    0.19    2.34 ^ fanout205/X (sky130_fd_sc_hd__buf_4)
    10    0.08                           net205 (net)
                  0.16    0.00    2.34 ^ fanout204/A (sky130_fd_sc_hd__clkbuf_8)
                  0.12    0.19    2.52 ^ fanout204/X (sky130_fd_sc_hd__clkbuf_8)
    10    0.09                           net204 (net)
                  0.12    0.00    2.53 ^ fanout203/A (sky130_fd_sc_hd__buf_4)
                  0.11    0.16    2.69 ^ fanout203/X (sky130_fd_sc_hd__buf_4)
    10    0.05                           net203 (net)
                  0.11    0.00    2.69 ^ _395_/RESET_B (sky130_fd_sc_hd__dfrtp_4)
                                  2.69   data arrival time

                         10.00   10.00   clock clk (rise edge)
                          0.00   10.00   clock source latency
                  0.15    0.10   10.10 ^ clk (in)
     1    0.04                           clk (net)
                  0.15    0.00   10.10 ^ clkbuf_0_clk/A (sky130_fd_sc_hd__clkbuf_16)
                  0.11    0.16   10.26 ^ clkbuf_0_clk/X (sky130_fd_sc_hd__clkbuf_16)
     8    0.12                           clknet_0_clk (net)
                  0.11    0.00   10.27 ^ clkbuf_3_1__f_clk/A (sky130_fd_sc_hd__clkbuf_16)
                  0.04    0.11   10.37 ^ clkbuf_3_1__f_clk/X (sky130_fd_sc_hd__clkbuf_16)
     9    0.03                           clknet_3_1__leaf_clk (net)
                  0.04    0.00   10.37 ^ _395_/CLK (sky130_fd_sc_hd__dfrtp_4)
                         -0.25   10.12   clock uncertainty
                          0.00   10.12   clock reconvergence pessimism
                          0.11   10.23   library recovery time
                                 10.23   data required time
-----------------------------------------------------------------------------
                                 10.23   data required time
                                 -2.69   data arrival time
-----------------------------------------------------------------------------
                                  7.54   slack (MET)


Startpoint: clk (clock source 'clk')
Endpoint: pclk (output port clocked by clk)
Path Group: clk
Path Type: max
Corner: Fastest

Fanout     Cap    Slew   Delay    Time   Description
-----------------------------------------------------------------------------
                          5.00    5.00   clock clk (fall edge)
                          0.00    5.00   clock source latency
                  0.07    0.05    5.05 v clk (in)
     1    0.04                           clk (net)
                  0.07    0.00    5.05 v clkbuf_0_clk/A (sky130_fd_sc_hd__clkbuf_16)
                  0.07    0.16    5.21 v clkbuf_0_clk/X (sky130_fd_sc_hd__clkbuf_16)
     8    0.11                           clknet_0_clk (net)
                  0.07    0.00    5.21 v clkbuf_3_7__f_clk/A (sky130_fd_sc_hd__clkbuf_16)
                  0.04    0.14    5.35 v clkbuf_3_7__f_clk/X (sky130_fd_sc_hd__clkbuf_16)
     9    0.06                           clknet_3_7__leaf_clk (net)
                  0.04    0.00    5.35 v _456_/A (sky130_fd_sc_hd__buf_2)
                  0.02    0.08    5.43 v _456_/X (sky130_fd_sc_hd__buf_2)
     1    0.00                           net166 (net)
                  0.02    0.00    5.43 v output166/A (sky130_fd_sc_hd__buf_1)
                  0.14    0.15    5.58 v output166/X (sky130_fd_sc_hd__buf_1)
     1    0.03                           pclk (net)
                  0.14    0.00    5.58 v pclk (out)
                                  5.58   data arrival time

                         10.00   10.00   clock clk (rise edge)
                          0.00   10.00   clock network delay (propagated)
                         -0.25    9.75   clock uncertainty
                          0.00    9.75   clock reconvergence pessimism
                         -2.00    7.75   output external delay
                                  7.75   data required time
-----------------------------------------------------------------------------
                                  7.75   data required time
                                 -5.58   data arrival time
-----------------------------------------------------------------------------
                                  2.17   slack (MET)



======================= Slowest Corner ===================================

Startpoint: rstn (input port clocked by clk)
Endpoint: _395_ (recovery check against rising-edge clock clk)
Path Group: asynchronous
Path Type: max
Corner: Slowest

Fanout     Cap    Slew   Delay    Time   Description
-----------------------------------------------------------------------------
                          0.00    0.00   clock clk (rise edge)
                          0.00    0.00   clock network delay (propagated)
                          2.00    2.00 ^ input external delay
                  0.04    0.02    2.02 ^ rstn (in)
     1    0.00                           rstn (net)
                  0.04    0.00    2.02 ^ input100/A (sky130_fd_sc_hd__clkbuf_2)
                  0.25    0.32    2.34 ^ input100/X (sky130_fd_sc_hd__clkbuf_2)
     2    0.03                           net100 (net)
                  0.25    0.00    2.34 ^ fanout205/A (sky130_fd_sc_hd__buf_4)
                  0.33    0.50    2.85 ^ fanout205/X (sky130_fd_sc_hd__buf_4)
    10    0.07                           net205 (net)
                  0.33    0.00    2.85 ^ fanout204/A (sky130_fd_sc_hd__clkbuf_8)
                  0.24    0.50    3.35 ^ fanout204/X (sky130_fd_sc_hd__clkbuf_8)
    10    0.09                           net204 (net)
                  0.24    0.00    3.35 ^ fanout203/A (sky130_fd_sc_hd__buf_4)
                  0.23    0.43    3.77 ^ fanout203/X (sky130_fd_sc_hd__buf_4)
    10    0.05                           net203 (net)
                  0.23    0.00    3.78 ^ _395_/RESET_B (sky130_fd_sc_hd__dfrtp_4)
                                  3.78   data arrival time

                         10.00   10.00   clock clk (rise edge)
                          0.00   10.00   clock source latency
                  0.32    0.21   10.21 ^ clk (in)
     1    0.04                           clk (net)
                  0.32    0.00   10.21 ^ clkbuf_0_clk/A (sky130_fd_sc_hd__clkbuf_16)
                  0.21    0.43   10.64 ^ clkbuf_0_clk/X (sky130_fd_sc_hd__clkbuf_16)
     8    0.12                           clknet_0_clk (net)
                  0.21    0.00   10.64 ^ clkbuf_3_1__f_clk/A (sky130_fd_sc_hd__clkbuf_16)
                  0.08    0.29   10.93 ^ clkbuf_3_1__f_clk/X (sky130_fd_sc_hd__clkbuf_16)
     9    0.03                           clknet_3_1__leaf_clk (net)
                  0.08    0.00   10.93 ^ _395_/CLK (sky130_fd_sc_hd__dfrtp_4)
                         -0.25   10.68   clock uncertainty
                          0.00   10.68   clock reconvergence pessimism
                          0.37   11.05   library recovery time
                                 11.05   data required time
-----------------------------------------------------------------------------
                                 11.05   data required time
                                 -3.78   data arrival time
-----------------------------------------------------------------------------
                                  7.28   slack (MET)


Startpoint: clk (clock source 'clk')
Endpoint: pclk (output port clocked by clk)
Path Group: clk
Path Type: max
Corner: Slowest

Fanout     Cap    Slew   Delay    Time   Description
-----------------------------------------------------------------------------
                          5.00    5.00   clock clk (fall edge)
                          0.00    5.00   clock source latency
                  0.19    0.14    5.14 v clk (in)
     1    0.04                           clk (net)
                  0.19    0.00    5.14 v clkbuf_0_clk/A (sky130_fd_sc_hd__clkbuf_16)
                  0.14    0.42    5.56 v clkbuf_0_clk/X (sky130_fd_sc_hd__clkbuf_16)
     8    0.11                           clknet_0_clk (net)
                  0.14    0.00    5.56 v clkbuf_3_7__f_clk/A (sky130_fd_sc_hd__clkbuf_16)
                  0.09    0.35    5.91 v clkbuf_3_7__f_clk/X (sky130_fd_sc_hd__clkbuf_16)
     9    0.06                           clknet_3_7__leaf_clk (net)
                  0.09    0.00    5.91 v _456_/A (sky130_fd_sc_hd__buf_2)
                  0.04    0.24    6.16 v _456_/X (sky130_fd_sc_hd__buf_2)
     1    0.00                           net166 (net)
                  0.04    0.00    6.16 v output166/A (sky130_fd_sc_hd__buf_1)
                  0.39    0.42    6.58 v output166/X (sky130_fd_sc_hd__buf_1)
     1    0.03                           pclk (net)
                  0.39    0.00    6.58 v pclk (out)
                                  6.58   data arrival time

                         10.00   10.00   clock clk (rise edge)
                          0.00   10.00   clock network delay (propagated)
                         -0.25    9.75   clock uncertainty
                          0.00    9.75   clock reconvergence pessimism
                         -2.00    7.75   output external delay
                                  7.75   data required time
-----------------------------------------------------------------------------
                                  7.75   data required time
                                 -6.58   data arrival time
-----------------------------------------------------------------------------
                                  1.17   slack (MET)



======================= Typical Corner ===================================

Startpoint: rstn (input port clocked by clk)
Endpoint: _395_ (recovery check against rising-edge clock clk)
Path Group: asynchronous
Path Type: max
Corner: Typical

Fanout     Cap    Slew   Delay    Time   Description
-----------------------------------------------------------------------------
                          0.00    0.00   clock clk (rise edge)
                          0.00    0.00   clock network delay (propagated)
                          2.00    2.00 ^ input external delay
                  0.02    0.01    2.01 ^ rstn (in)
     1    0.00                           rstn (net)
                  0.02    0.00    2.01 ^ input100/A (sky130_fd_sc_hd__clkbuf_2)
                  0.16    0.19    2.20 ^ input100/X (sky130_fd_sc_hd__clkbuf_2)
     2    0.03                           net100 (net)
                  0.16    0.00    2.20 ^ fanout205/A (sky130_fd_sc_hd__buf_4)
                  0.22    0.28    2.49 ^ fanout205/X (sky130_fd_sc_hd__buf_4)
    10    0.08                           net205 (net)
                  0.22    0.00    2.49 ^ fanout204/A (sky130_fd_sc_hd__clkbuf_8)
                  0.16    0.29    2.77 ^ fanout204/X (sky130_fd_sc_hd__clkbuf_8)
    10    0.09                           net204 (net)
                  0.16    0.00    2.77 ^ fanout203/A (sky130_fd_sc_hd__buf_4)
                  0.15    0.24    3.01 ^ fanout203/X (sky130_fd_sc_hd__buf_4)
    10    0.05                           net203 (net)
                  0.15    0.00    3.02 ^ _395_/RESET_B (sky130_fd_sc_hd__dfrtp_4)
                                  3.02   data arrival time

                         10.00   10.00   clock clk (rise edge)
                          0.00   10.00   clock source latency
                  0.21    0.14   10.14 ^ clk (in)
     1    0.04                           clk (net)
                  0.21    0.00   10.14 ^ clkbuf_0_clk/A (sky130_fd_sc_hd__clkbuf_16)
                  0.14    0.24   10.38 ^ clkbuf_0_clk/X (sky130_fd_sc_hd__clkbuf_16)
     8    0.12                           clknet_0_clk (net)
                  0.14    0.00   10.38 ^ clkbuf_3_1__f_clk/A (sky130_fd_sc_hd__clkbuf_16)
                  0.05    0.16   10.54 ^ clkbuf_3_1__f_clk/X (sky130_fd_sc_hd__clkbuf_16)
     9    0.03                           clknet_3_1__leaf_clk (net)
                  0.05    0.00   10.54 ^ _395_/CLK (sky130_fd_sc_hd__dfrtp_4)
                         -0.25   10.29   clock uncertainty
                          0.00   10.29   clock reconvergence pessimism
                          0.19   10.48   library recovery time
                                 10.48   data required time
-----------------------------------------------------------------------------
                                 10.48   data required time
                                 -3.02   data arrival time
-----------------------------------------------------------------------------
                                  7.46   slack (MET)


Startpoint: clk (clock source 'clk')
Endpoint: pclk (output port clocked by clk)
Path Group: clk
Path Type: max
Corner: Typical

Fanout     Cap    Slew   Delay    Time   Description
-----------------------------------------------------------------------------
                          5.00    5.00   clock clk (fall edge)
                          0.00    5.00   clock source latency
                  0.10    0.07    5.07 v clk (in)
     1    0.04                           clk (net)
                  0.10    0.00    5.07 v clkbuf_0_clk/A (sky130_fd_sc_hd__clkbuf_16)
                  0.09    0.24    5.31 v clkbuf_0_clk/X (sky130_fd_sc_hd__clkbuf_16)
     8    0.11                           clknet_0_clk (net)
                  0.09    0.00    5.31 v clkbuf_3_7__f_clk/A (sky130_fd_sc_hd__clkbuf_16)
                  0.06    0.20    5.51 v clkbuf_3_7__f_clk/X (sky130_fd_sc_hd__clkbuf_16)
     9    0.06                           clknet_3_7__leaf_clk (net)
                  0.06    0.00    5.51 v _456_/A (sky130_fd_sc_hd__buf_2)
                  0.02    0.12    5.64 v _456_/X (sky130_fd_sc_hd__buf_2)
     1    0.00                           net166 (net)
                  0.02    0.00    5.64 v output166/A (sky130_fd_sc_hd__buf_1)
                  0.20    0.22    5.86 v output166/X (sky130_fd_sc_hd__buf_1)
     1    0.03                           pclk (net)
                  0.20    0.00    5.86 v pclk (out)
                                  5.86   data arrival time

                         10.00   10.00   clock clk (rise edge)
                          0.00   10.00   clock network delay (propagated)
                         -0.25    9.75   clock uncertainty
                          0.00    9.75   clock reconvergence pessimism
                         -2.00    7.75   output external delay
                                  7.75   data required time
-----------------------------------------------------------------------------
                                  7.75   data required time
                                 -5.86   data arrival time
-----------------------------------------------------------------------------
                                  1.89   slack (MET)




===========================================================================
report_checks --slack_max -0.01
============================================================================
======================= Fastest Corner ===================================

No paths found.

======================= Slowest Corner ===================================

No paths found.

======================= Typical Corner ===================================

No paths found.


===========================================================================
 report_check_types -max_slew -max_cap -max_fanout -violators
============================================================================
======================= Fastest Corner ===================================

max fanout

Pin                                   Limit Fanout  Slack
---------------------------------------------------------
clkbuf_3_4__f_clk/X                      10     14     -4 (VIOLATED)
_335_/X                                  10     11        (VIOLATED)


======================= Slowest Corner ===================================

max fanout

Pin                                   Limit Fanout  Slack
---------------------------------------------------------
clkbuf_3_4__f_clk/X                      10     14     -4 (VIOLATED)
_335_/X                                  10     11        (VIOLATED)


======================= Typical Corner ===================================

max fanout

Pin                                   Limit Fanout  Slack
---------------------------------------------------------
clkbuf_3_4__f_clk/X                      10     14     -4 (VIOLATED)
_335_/X                                  10     11        (VIOLATED)



===========================================================================
report_parasitic_annotation -report_unannotated
============================================================================
Found 0 unannotated drivers.
Found 0 partially unannotated drivers.

===========================================================================
max slew violation count 0
max fanout violation count 2
max cap violation count 0
============================================================================

===========================================================================
check_setup -verbose -unconstrained_endpoints -multiple_clock -no_clock -no_input_delay -loops -generated_clocks
===========================================================================
