
===========================================================================
report_checks -unconstrained
===========================================================================
======================= Fastest Corner ===================================

Startpoint: rst_n (input port clocked by clk)
Endpoint: _429_ (recovery check against rising-edge clock clk)
Path Group: asynchronous
Path Type: max
Corner: Fastest

Fanout     Cap    Slew   Delay    Time   Description
-----------------------------------------------------------------------------
                          0.00    0.00   clock clk (rise edge)
                          0.00    0.00   clock network delay (propagated)
                          2.00    2.00 ^ input external delay
                  0.02    0.01    2.01 ^ rst_n (in)
     1    0.00                           rst_n (net)
                  0.02    0.00    2.01 ^ input10/A (sky130_fd_sc_hd__buf_1)
                  0.12    0.11    2.12 ^ input10/X (sky130_fd_sc_hd__buf_1)
     2    0.01                           net10 (net)
                  0.12    0.00    2.12 ^ fanout27/A (sky130_fd_sc_hd__buf_2)
                  0.14    0.17    2.30 ^ fanout27/X (sky130_fd_sc_hd__buf_2)
     7    0.04                           net27 (net)
                  0.14    0.00    2.30 ^ fanout25/A (sky130_fd_sc_hd__clkbuf_4)
                  0.12    0.19    2.48 ^ fanout25/X (sky130_fd_sc_hd__clkbuf_4)
    10    0.05                           net25 (net)
                  0.12    0.00    2.49 ^ _429_/SET_B (sky130_fd_sc_hd__dfstp_1)
                                  2.49   data arrival time

                         10.00   10.00   clock clk (rise edge)
                          0.00   10.00   clock source latency
                  0.07    0.05   10.05 ^ clk (in)
     1    0.02                           clk (net)
                  0.07    0.00   10.05 ^ clkbuf_0_clk/A (sky130_fd_sc_hd__clkbuf_16)
                  0.08    0.13   10.17 ^ clkbuf_0_clk/X (sky130_fd_sc_hd__clkbuf_16)
     8    0.09                           clknet_0_clk (net)
                  0.08    0.00   10.18 ^ clkbuf_3_5__f_clk/A (sky130_fd_sc_hd__clkbuf_16)
                  0.03    0.09   10.27 ^ clkbuf_3_5__f_clk/X (sky130_fd_sc_hd__clkbuf_16)
     6    0.02                           clknet_3_5__leaf_clk (net)
                  0.03    0.00   10.27 ^ _429_/CLK (sky130_fd_sc_hd__dfstp_1)
                         -0.25   10.02   clock uncertainty
                          0.00   10.02   clock reconvergence pessimism
                          0.09   10.11   library recovery time
                                 10.11   data required time
-----------------------------------------------------------------------------
                                 10.11   data required time
                                 -2.49   data arrival time
-----------------------------------------------------------------------------
                                  7.62   slack (MET)


Startpoint: _429_ (rising edge-triggered flip-flop clocked by clk)
Endpoint: tx_out (output port clocked by clk)
Path Group: clk
Path Type: max
Corner: Fastest

Fanout     Cap    Slew   Delay    Time   Description
-----------------------------------------------------------------------------
                          0.00    0.00   clock clk (rise edge)
                          0.00    0.00   clock source latency
                  0.07    0.05    0.05 ^ clk (in)
     1    0.02                           clk (net)
                  0.07    0.00    0.05 ^ clkbuf_0_clk/A (sky130_fd_sc_hd__clkbuf_16)
                  0.08    0.14    0.19 ^ clkbuf_0_clk/X (sky130_fd_sc_hd__clkbuf_16)
     8    0.09                           clknet_0_clk (net)
                  0.08    0.01    0.20 ^ clkbuf_3_5__f_clk/A (sky130_fd_sc_hd__clkbuf_16)
                  0.03    0.10    0.30 ^ clkbuf_3_5__f_clk/X (sky130_fd_sc_hd__clkbuf_16)
     6    0.02                           clknet_3_5__leaf_clk (net)
                  0.03    0.00    0.30 ^ _429_/CLK (sky130_fd_sc_hd__dfstp_1)
                  0.03    0.31    0.61 ^ _429_/Q (sky130_fd_sc_hd__dfstp_1)
     1    0.00                           net22 (net)
                  0.03    0.00    0.61 ^ output22/A (sky130_fd_sc_hd__buf_2)
                  0.13    0.14    0.75 ^ output22/X (sky130_fd_sc_hd__buf_2)
     1    0.03                           tx_out (net)
                  0.13    0.00    0.76 ^ tx_out (out)
                                  0.76   data arrival time

                         10.00   10.00   clock clk (rise edge)
                          0.00   10.00   clock network delay (propagated)
                         -0.25    9.75   clock uncertainty
                          0.00    9.75   clock reconvergence pessimism
                         -2.00    7.75   output external delay
                                  7.75   data required time
-----------------------------------------------------------------------------
                                  7.75   data required time
                                 -0.76   data arrival time
-----------------------------------------------------------------------------
                                  6.99   slack (MET)



======================= Slowest Corner ===================================

Startpoint: rst_n (input port clocked by clk)
Endpoint: _429_ (recovery check against rising-edge clock clk)
Path Group: asynchronous
Path Type: max
Corner: Slowest

Fanout     Cap    Slew   Delay    Time   Description
-----------------------------------------------------------------------------
                          0.00    0.00   clock clk (rise edge)
                          0.00    0.00   clock network delay (propagated)
                          2.00    2.00 ^ input external delay
                  0.03    0.02    2.02 ^ rst_n (in)
     1    0.00                           rst_n (net)
                  0.03    0.00    2.02 ^ input10/A (sky130_fd_sc_hd__buf_1)
                  0.26    0.28    2.30 ^ input10/X (sky130_fd_sc_hd__buf_1)
     2    0.01                           net10 (net)
                  0.26    0.00    2.30 ^ fanout27/A (sky130_fd_sc_hd__buf_2)
                  0.29    0.46    2.76 ^ fanout27/X (sky130_fd_sc_hd__buf_2)
     7    0.04                           net27 (net)
                  0.29    0.00    2.76 ^ fanout25/A (sky130_fd_sc_hd__clkbuf_4)
                  0.23    0.49    3.24 ^ fanout25/X (sky130_fd_sc_hd__clkbuf_4)
    10    0.05                           net25 (net)
                  0.23    0.00    3.25 ^ _429_/SET_B (sky130_fd_sc_hd__dfstp_1)
                                  3.25   data arrival time

                         10.00   10.00   clock clk (rise edge)
                          0.00   10.00   clock source latency
                  0.15    0.10   10.10 ^ clk (in)
     1    0.02                           clk (net)
                  0.15    0.00   10.10 ^ clkbuf_0_clk/A (sky130_fd_sc_hd__clkbuf_16)
                  0.16    0.32   10.42 ^ clkbuf_0_clk/X (sky130_fd_sc_hd__clkbuf_16)
     8    0.09                           clknet_0_clk (net)
                  0.16    0.00   10.42 ^ clkbuf_3_5__f_clk/A (sky130_fd_sc_hd__clkbuf_16)
                  0.07    0.25   10.67 ^ clkbuf_3_5__f_clk/X (sky130_fd_sc_hd__clkbuf_16)
     6    0.02                           clknet_3_5__leaf_clk (net)
                  0.07    0.00   10.67 ^ _429_/CLK (sky130_fd_sc_hd__dfstp_1)
                         -0.25   10.42   clock uncertainty
                          0.00   10.42   clock reconvergence pessimism
                          0.25   10.67   library recovery time
                                 10.67   data required time
-----------------------------------------------------------------------------
                                 10.67   data required time
                                 -3.25   data arrival time
-----------------------------------------------------------------------------
                                  7.42   slack (MET)


Startpoint: _423_ (rising edge-triggered flip-flop clocked by clk)
Endpoint: _414_ (rising edge-triggered flip-flop clocked by clk)
Path Group: clk
Path Type: max
Corner: Slowest

Fanout     Cap    Slew   Delay    Time   Description
-----------------------------------------------------------------------------
                          0.00    0.00   clock clk (rise edge)
                          0.00    0.00   clock source latency
                  0.15    0.11    0.11 ^ clk (in)
     1    0.02                           clk (net)
                  0.15    0.00    0.11 ^ clkbuf_0_clk/A (sky130_fd_sc_hd__clkbuf_16)
                  0.16    0.35    0.46 ^ clkbuf_0_clk/X (sky130_fd_sc_hd__clkbuf_16)
     8    0.09                           clknet_0_clk (net)
                  0.16    0.00    0.47 ^ clkbuf_3_2__f_clk/A (sky130_fd_sc_hd__clkbuf_16)
                  0.07    0.28    0.75 ^ clkbuf_3_2__f_clk/X (sky130_fd_sc_hd__clkbuf_16)
     9    0.03                           clknet_3_2__leaf_clk (net)
                  0.07    0.00    0.75 ^ _423_/CLK (sky130_fd_sc_hd__dfrtp_4)
                  0.18    1.14    1.89 v _423_/Q (sky130_fd_sc_hd__dfrtp_4)
     9    0.03                           rx_baud_cnt[6] (net)
                  0.18    0.00    1.89 v _206_/B (sky130_fd_sc_hd__or4bb_1)
                  0.25    1.31    3.21 v _206_/X (sky130_fd_sc_hd__or4bb_1)
     3    0.01                           _060_ (net)
                  0.25    0.00    3.21 v _207_/C (sky130_fd_sc_hd__nor3_1)
                  0.46    0.48    3.69 ^ _207_/Y (sky130_fd_sc_hd__nor3_1)
     2    0.01                           _061_ (net)
                  0.46    0.00    3.69 ^ max_cap23/A (sky130_fd_sc_hd__clkbuf_2)
                  0.19    0.47    4.15 ^ max_cap23/X (sky130_fd_sc_hd__clkbuf_2)
     4    0.02                           net23 (net)
                  0.19    0.00    4.16 ^ _239_/C (sky130_fd_sc_hd__nand3_4)
                  0.42    0.45    4.61 v _239_/Y (sky130_fd_sc_hd__nand3_4)
     9    0.06                           _086_ (net)
                  0.42    0.00    4.61 v _291_/S (sky130_fd_sc_hd__mux2_1)
                  0.11    0.87    5.48 v _291_/X (sky130_fd_sc_hd__mux2_1)
     1    0.00                           _121_ (net)
                  0.11    0.00    5.48 v hold16/A (sky130_fd_sc_hd__dlygate4sd3_1)
                  0.11    1.20    6.68 v hold16/X (sky130_fd_sc_hd__dlygate4sd3_1)
     1    0.00                           net47 (net)
                  0.11    0.00    6.68 v _292_/A (sky130_fd_sc_hd__clkbuf_1)
                  0.04    0.18    6.86 v _292_/X (sky130_fd_sc_hd__clkbuf_1)
     1    0.00                           _023_ (net)
                  0.04    0.00    6.86 v _414_/D (sky130_fd_sc_hd__dfrtp_1)
                                  6.86   data arrival time

                         10.00   10.00   clock clk (rise edge)
                          0.00   10.00   clock source latency
                  0.15    0.10   10.10 ^ clk (in)
     1    0.02                           clk (net)
                  0.15    0.00   10.10 ^ clkbuf_0_clk/A (sky130_fd_sc_hd__clkbuf_16)
                  0.16    0.32   10.42 ^ clkbuf_0_clk/X (sky130_fd_sc_hd__clkbuf_16)
     8    0.09                           clknet_0_clk (net)
                  0.16    0.01   10.42 ^ clkbuf_3_1__f_clk/A (sky130_fd_sc_hd__clkbuf_16)
                  0.07    0.25   10.67 ^ clkbuf_3_1__f_clk/X (sky130_fd_sc_hd__clkbuf_16)
     6    0.02                           clknet_3_1__leaf_clk (net)
                  0.07    0.00   10.67 ^ _414_/CLK (sky130_fd_sc_hd__dfrtp_1)
                         -0.25   10.42   clock uncertainty
                          0.04   10.47   clock reconvergence pessimism
                         -0.27   10.20   library setup time
                                 10.20   data required time
-----------------------------------------------------------------------------
                                 10.20   data required time
                                 -6.86   data arrival time
-----------------------------------------------------------------------------
                                  3.34   slack (MET)



======================= Typical Corner ===================================

Startpoint: rst_n (input port clocked by clk)
Endpoint: _429_ (recovery check against rising-edge clock clk)
Path Group: asynchronous
Path Type: max
Corner: Typical

Fanout     Cap    Slew   Delay    Time   Description
-----------------------------------------------------------------------------
                          0.00    0.00   clock clk (rise edge)
                          0.00    0.00   clock network delay (propagated)
                          2.00    2.00 ^ input external delay
                  0.02    0.01    2.01 ^ rst_n (in)
     1    0.00                           rst_n (net)
                  0.02    0.00    2.01 ^ input10/A (sky130_fd_sc_hd__buf_1)
                  0.16    0.16    2.17 ^ input10/X (sky130_fd_sc_hd__buf_1)
     2    0.01                           net10 (net)
                  0.16    0.00    2.17 ^ fanout27/A (sky130_fd_sc_hd__buf_2)
                  0.19    0.26    2.43 ^ fanout27/X (sky130_fd_sc_hd__buf_2)
     7    0.04                           net27 (net)
                  0.19    0.00    2.43 ^ fanout25/A (sky130_fd_sc_hd__clkbuf_4)
                  0.15    0.28    2.71 ^ fanout25/X (sky130_fd_sc_hd__clkbuf_4)
    10    0.05                           net25 (net)
                  0.15    0.00    2.72 ^ _429_/SET_B (sky130_fd_sc_hd__dfstp_1)
                                  2.72   data arrival time

                         10.00   10.00   clock clk (rise edge)
                          0.00   10.00   clock source latency
                  0.10    0.06   10.06 ^ clk (in)
     1    0.02                           clk (net)
                  0.10    0.00   10.06 ^ clkbuf_0_clk/A (sky130_fd_sc_hd__clkbuf_16)
                  0.10    0.18   10.25 ^ clkbuf_0_clk/X (sky130_fd_sc_hd__clkbuf_16)
     8    0.09                           clknet_0_clk (net)
                  0.10    0.00   10.25 ^ clkbuf_3_5__f_clk/A (sky130_fd_sc_hd__clkbuf_16)
                  0.04    0.14   10.39 ^ clkbuf_3_5__f_clk/X (sky130_fd_sc_hd__clkbuf_16)
     6    0.02                           clknet_3_5__leaf_clk (net)
                  0.04    0.00   10.39 ^ _429_/CLK (sky130_fd_sc_hd__dfstp_1)
                         -0.25   10.14   clock uncertainty
                          0.00   10.14   clock reconvergence pessimism
                          0.13   10.27   library recovery time
                                 10.27   data required time
-----------------------------------------------------------------------------
                                 10.27   data required time
                                 -2.72   data arrival time
-----------------------------------------------------------------------------
                                  7.55   slack (MET)


Startpoint: _429_ (rising edge-triggered flip-flop clocked by clk)
Endpoint: tx_out (output port clocked by clk)
Path Group: clk
Path Type: max
Corner: Typical

Fanout     Cap    Slew   Delay    Time   Description
-----------------------------------------------------------------------------
                          0.00    0.00   clock clk (rise edge)
                          0.00    0.00   clock source latency
                  0.10    0.07    0.07 ^ clk (in)
     1    0.02                           clk (net)
                  0.10    0.00    0.07 ^ clkbuf_0_clk/A (sky130_fd_sc_hd__clkbuf_16)
                  0.10    0.20    0.27 ^ clkbuf_0_clk/X (sky130_fd_sc_hd__clkbuf_16)
     8    0.09                           clknet_0_clk (net)
                  0.10    0.01    0.28 ^ clkbuf_3_5__f_clk/A (sky130_fd_sc_hd__clkbuf_16)
                  0.04    0.15    0.43 ^ clkbuf_3_5__f_clk/X (sky130_fd_sc_hd__clkbuf_16)
     6    0.02                           clknet_3_5__leaf_clk (net)
                  0.04    0.00    0.43 ^ _429_/CLK (sky130_fd_sc_hd__dfstp_1)
                  0.04    0.51    0.94 ^ _429_/Q (sky130_fd_sc_hd__dfstp_1)
     1    0.00                           net22 (net)
                  0.04    0.00    0.94 ^ output22/A (sky130_fd_sc_hd__buf_2)
                  0.17    0.21    1.15 ^ output22/X (sky130_fd_sc_hd__buf_2)
     1    0.03                           tx_out (net)
                  0.17    0.00    1.15 ^ tx_out (out)
                                  1.15   data arrival time

                         10.00   10.00   clock clk (rise edge)
                          0.00   10.00   clock network delay (propagated)
                         -0.25    9.75   clock uncertainty
                          0.00    9.75   clock reconvergence pessimism
                         -2.00    7.75   output external delay
                                  7.75   data required time
-----------------------------------------------------------------------------
                                  7.75   data required time
                                 -1.15   data arrival time
-----------------------------------------------------------------------------
                                  6.60   slack (MET)




===========================================================================
report_checks --slack_max -0.01
============================================================================
======================= Fastest Corner ===================================

No paths found.

======================= Slowest Corner ===================================

No paths found.

======================= Typical Corner ===================================

No paths found.


===========================================================================
 report_check_types -max_slew -max_cap -max_fanout -violators
============================================================================
======================= Fastest Corner ===================================


======================= Slowest Corner ===================================


======================= Typical Corner ===================================



===========================================================================
report_parasitic_annotation -report_unannotated
============================================================================
Found 0 unannotated drivers.
Found 0 partially unannotated drivers.

===========================================================================
max slew violation count 0
max fanout violation count 0
max cap violation count 0
============================================================================

===========================================================================
check_setup -verbose -unconstrained_endpoints -multiple_clock -no_clock -no_input_delay -loops -generated_clocks
===========================================================================
