
===========================================================================
report_checks -unconstrained
===========================================================================
======================= Typical Corner ===================================

Startpoint: rstn (input port clocked by clk)
Endpoint: _395_ (recovery check against rising-edge clock clk)
Path Group: asynchronous
Path Type: max

Fanout     Cap    Slew   Delay    Time   Description
-----------------------------------------------------------------------------
                          0.00    0.00   clock clk (rise edge)
                          0.00    0.00   clock network delay (propagated)
                          2.00    2.00 ^ input external delay
                  0.02    0.01    2.01 ^ rstn (in)
     1    0.00                           rstn (net)
                  0.02    0.00    2.01 ^ input100/A (sky130_fd_sc_hd__clkbuf_2)
                  0.17    0.20    2.21 ^ input100/X (sky130_fd_sc_hd__clkbuf_2)
     2    0.03                           net100 (net)
                  0.17    0.00    2.21 ^ fanout205/A (sky130_fd_sc_hd__buf_4)
                  0.23    0.29    2.51 ^ fanout205/X (sky130_fd_sc_hd__buf_4)
    10    0.08                           net205 (net)
                  0.23    0.00    2.51 ^ fanout204/A (sky130_fd_sc_hd__clkbuf_8)
                  0.17    0.29    2.80 ^ fanout204/X (sky130_fd_sc_hd__clkbuf_8)
    10    0.10                           net204 (net)
                  0.17    0.00    2.80 ^ fanout203/A (sky130_fd_sc_hd__buf_4)
                  0.16    0.25    3.05 ^ fanout203/X (sky130_fd_sc_hd__buf_4)
    10    0.06                           net203 (net)
                  0.16    0.00    3.05 ^ _395_/RESET_B (sky130_fd_sc_hd__dfrtp_4)
                                  3.05   data arrival time

                         10.00   10.00   clock clk (rise edge)
                          0.00   10.00   clock source latency
                  0.22    0.14   10.14 ^ clk (in)
     1    0.05                           clk (net)
                  0.22    0.00   10.14 ^ clkbuf_0_clk/A (sky130_fd_sc_hd__clkbuf_16)
                  0.14    0.25   10.39 ^ clkbuf_0_clk/X (sky130_fd_sc_hd__clkbuf_16)
     8    0.13                           clknet_0_clk (net)
                  0.14    0.00   10.39 ^ clkbuf_3_1__f_clk/A (sky130_fd_sc_hd__clkbuf_16)
                  0.05    0.16   10.55 ^ clkbuf_3_1__f_clk/X (sky130_fd_sc_hd__clkbuf_16)
     9    0.03                           clknet_3_1__leaf_clk (net)
                  0.05    0.00   10.56 ^ _395_/CLK (sky130_fd_sc_hd__dfrtp_4)
                         -0.25   10.31   clock uncertainty
                          0.00   10.31   clock reconvergence pessimism
                          0.18   10.49   library recovery time
                                 10.49   data required time
-----------------------------------------------------------------------------
                                 10.49   data required time
                                 -3.05   data arrival time
-----------------------------------------------------------------------------
                                  7.44   slack (MET)


Startpoint: clk (clock source 'clk')
Endpoint: pclk (output port clocked by clk)
Path Group: clk
Path Type: max

Fanout     Cap    Slew   Delay    Time   Description
-----------------------------------------------------------------------------
                          5.00    5.00   clock clk (fall edge)
                          0.00    5.00   clock source latency
                  0.10    0.08    5.08 v clk (in)
     1    0.05                           clk (net)
                  0.10    0.00    5.08 v clkbuf_0_clk/A (sky130_fd_sc_hd__clkbuf_16)
                  0.09    0.24    5.32 v clkbuf_0_clk/X (sky130_fd_sc_hd__clkbuf_16)
     8    0.12                           clknet_0_clk (net)
                  0.09    0.00    5.32 v clkbuf_3_7__f_clk/A (sky130_fd_sc_hd__clkbuf_16)
                  0.06    0.20    5.52 v clkbuf_3_7__f_clk/X (sky130_fd_sc_hd__clkbuf_16)
     9    0.07                           clknet_3_7__leaf_clk (net)
                  0.06    0.00    5.52 v _456_/A (sky130_fd_sc_hd__buf_2)
                  0.02    0.13    5.65 v _456_/X (sky130_fd_sc_hd__buf_2)
     1    0.00                           net166 (net)
                  0.02    0.00    5.65 v output166/A (sky130_fd_sc_hd__buf_1)
                  0.20    0.22    5.87 v output166/X (sky130_fd_sc_hd__buf_1)
     1    0.03                           pclk (net)
                  0.20    0.00    5.87 v pclk (out)
                                  5.87   data arrival time

                         10.00   10.00   clock clk (rise edge)
                          0.00   10.00   clock network delay (propagated)
                         -0.25    9.75   clock uncertainty
                          0.00    9.75   clock reconvergence pessimism
                         -2.00    7.75   output external delay
                                  7.75   data required time
-----------------------------------------------------------------------------
                                  7.75   data required time
                                 -5.87   data arrival time
-----------------------------------------------------------------------------
                                  1.88   slack (MET)




===========================================================================
report_checks --slack_max -0.01
============================================================================
======================= Typical Corner ===================================

No paths found.


===========================================================================
 report_check_types -max_slew -max_cap -max_fanout -violators
============================================================================
======================= Typical Corner ===================================

max fanout

Pin                                   Limit Fanout  Slack
---------------------------------------------------------
clkbuf_3_4__f_clk/X                      10     14     -4 (VIOLATED)
_335_/X                                  10     11        (VIOLATED)



===========================================================================
report_parasitic_annotation -report_unannotated
============================================================================
Found 0 unannotated drivers.
Found 0 partially unannotated drivers.

===========================================================================
max slew violation count 0
max fanout violation count 2
max cap violation count 0
============================================================================

===========================================================================
check_setup -verbose -unconstrained_endpoints -multiple_clock -no_clock -no_input_delay -loops -generated_clocks
===========================================================================
