Instance name,  X location,  Y location,  Voltage 
input35, 175.44, 285.6, 1.79766
input76, 175.44, 285.6, 1.79766
FILLER_0_100_357, 175.44, 285.6, 1.79766
FILLER_0_101_357, 175.44, 285.6, 1.79766
FILLER_0_101_365, 175.44, 285.6, 1.79766
FILLER_0_101_377, 175.44, 285.6, 1.79766
_412_, 175.44, 274.72, 1.79789
_428_, 175.44, 274.72, 1.79789
FILLER_0_96_357, 175.44, 274.72, 1.79789
FILLER_0_96_365, 175.44, 274.72, 1.79789
FILLER_0_97_361, 175.44, 274.72, 1.79789
FILLER_0_98_377, 175.44, 274.72, 1.79789
_298_, 175.44, 269.28, 1.79799
_299_, 175.44, 269.28, 1.79799
hold5, 175.44, 269.28, 1.79799
FILLER_0_94_357, 175.44, 269.28, 1.79799
FILLER_0_92_357, 175.44, 263.84, 1.79803
FILLER_0_90_357, 175.44, 258.4, 1.79805
FILLER_0_88_357, 175.44, 252.96, 1.79807
FILLER_0_86_357, 175.44, 247.52, 1.79809
FILLER_0_84_357, 175.44, 242.08, 1.7981
FILLER_0_82_357, 175.44, 236.64, 1.79804
FILLER_0_80_357, 175.44, 231.2, 1.79814
FILLER_0_82_377, 175.44, 231.2, 1.79814
FILLER_0_78_357, 175.44, 225.76, 1.79815
FILLER_0_76_357, 175.44, 220.32, 1.79805
FILLER_0_74_357, 175.44, 214.88, 1.79816
FILLER_0_72_356, 175.44, 209.44, 1.79815
FILLER_0_70_357, 175.44, 204, 1.79818
FILLER_0_71_383, 175.44, 204, 1.79818
FILLER_0_68_357, 175.44, 198.56, 1.79823
FILLER_0_66_357, 175.44, 193.12, 1.79816
FILLER_0_62_357, 175.44, 182.24, 1.79824
FILLER_0_60_357, 175.44, 176.8, 1.79822
FILLER_0_54_356, 175.44, 160.48, 1.79782
_326_, 175.44, 155.04, 1.79755
_329_, 175.44, 155.04, 1.79755
_344_, 175.44, 155.04, 1.79755
_434_, 175.44, 155.04, 1.79755
FILLER_0_53_358, 175.44, 155.04, 1.79755
FILLER_0_53_374, 175.44, 155.04, 1.79755
_345_, 175.44, 149.6, 1.79744
_427_, 175.44, 149.6, 1.79744
FILLER_0_51_361, 175.44, 149.6, 1.79744
_330_, 175.44, 144.16, 1.79737
_425_, 175.44, 144.16, 1.79737
FILLER_0_48_358, 175.44, 144.16, 1.79737
FILLER_0_44_357, 175.44, 133.28, 1.79752
FILLER_0_42_357, 175.44, 127.84, 1.79759
FILLER_0_40_357, 175.44, 122.4, 1.79754
FILLER_0_38_357, 175.44, 116.96, 1.79741
FILLER_0_36_357, 175.44, 111.52, 1.79748
FILLER_0_38_377, 175.44, 111.52, 1.79748
FILLER_0_34_357, 175.44, 106.08, 1.79742
FILLER_0_30_356, 175.44, 95.2, 1.79739
FILLER_0_28_357, 175.44, 89.76, 1.79729
FILLER_0_26_357, 175.44, 84.32, 1.79737
FILLER_0_24_357, 175.44, 78.88, 1.79735
FILLER_0_22_357, 175.44, 73.44, 1.79733
FILLER_0_20_357, 175.44, 68, 1.79728
FILLER_0_18_357, 175.44, 62.56, 1.79722
FILLER_0_16_357, 175.44, 57.12, 1.79724
FILLER_0_14_357, 175.44, 51.68, 1.79723
FILLER_0_12_357, 175.44, 46.24, 1.79719
FILLER_0_10_357, 175.44, 40.8, 1.79717
FILLER_0_8_357, 175.44, 35.36, 1.79715
FILLER_0_6_357, 175.44, 29.92, 1.79711
FILLER_0_2_356, 175.44, 19.04, 1.79694
_426_, 175.44, 13.6, 1.79667
output175, 175.44, 13.6, 1.79667
output195, 175.44, 13.6, 1.79667
FILLER_0_0_359, 175.44, 13.6, 1.79667
FILLER_0_0_371, 175.44, 13.6, 1.79667
FILLER_0_0_380, 175.44, 13.6, 1.79667
FILLER_0_1_373, 175.44, 13.6, 1.79667
FILLER_0_1_381, 175.44, 13.6, 1.79667
output159, 21.84, 285.6, 1.79832
output179, 21.84, 285.6, 1.79832
FILLER_0_101_37, 21.84, 285.6, 1.79832
FILLER_0_99_45, 21.84, 280.16, 1.79845
FILLER_0_97_45, 21.84, 274.72, 1.79848
FILLER_0_87_45, 21.84, 247.52, 1.79865
FILLER_0_81_45, 21.84, 231.2, 1.79876
FILLER_0_73_49, 21.84, 209.44, 1.79896
FILLER_0_67_45, 21.84, 193.12, 1.79907
FILLER_0_65_45, 21.84, 187.68, 1.79924
FILLER_0_61_45, 21.84, 176.8, 1.79925
FILLER_0_59_45, 21.84, 171.36, 1.79911
_349_, 21.84, 155.04, 1.79869
FILLER_0_53_47, 21.84, 155.04, 1.79869
FILLER_0_41_45, 21.84, 122.4, 1.79823
FILLER_0_31_45, 21.84, 95.2, 1.79792
FILLER_0_27_49, 21.84, 84.32, 1.79781
FILLER_0_11_45, 21.84, 40.8, 1.79742
FILLER_0_12_41, 21.84, 40.8, 1.79742
FILLER_0_12_49, 21.84, 40.8, 1.79742
output152, 21.84, 13.6, 1.79706
FILLER_0_0_29, 21.84, 13.6, 1.79706
FILLER_0_0_42, 21.84, 13.6, 1.79706
PHY_200, 5.52, 285.6, 1.7983
PHY_202, 5.52, 285.6, 1.7983
output107, 5.52, 285.6, 1.7983
PHY_201, 294.4, 285.6, 1.79627
PHY_203, 294.4, 285.6, 1.79627
input40, 294.4, 285.6, 1.79627
input59, 294.4, 285.6, 1.79627
output170, 294.4, 285.6, 1.79627
input65, 13.68, 285.6, 1.7983
input82, 13.68, 285.6, 1.7983
output198, 13.68, 285.6, 1.7983
FILLER_0_101_20, 13.68, 285.6, 1.7983
input60, 34.64, 285.6, 1.79815
output131, 34.64, 285.6, 1.79815
FILLER_0_101_51, 34.64, 285.6, 1.79815
FILLER_0_101_76, 34.64, 285.6, 1.79815
input44, 47.44, 285.6, 1.79799
output199, 47.44, 285.6, 1.79799
FILLER_0_101_85, 47.44, 285.6, 1.79799
FILLER_0_101_100, 47.44, 285.6, 1.79799
input12, 60.24, 285.6, 1.79785
output145, 60.24, 285.6, 1.79785
output160, 60.24, 285.6, 1.79785
FILLER_0_101_113, 60.24, 285.6, 1.79785
output116, 73.04, 285.6, 1.79777
output129, 73.04, 285.6, 1.79777
FILLER_0_100_133, 73.04, 285.6, 1.79777
FILLER_0_101_135, 73.04, 285.6, 1.79777
FILLER_0_101_149, 73.04, 285.6, 1.79777
input9, 85.84, 285.6, 1.7977
input23, 85.84, 285.6, 1.7977
FILLER_0_101_163, 85.84, 285.6, 1.7977
FILLER_0_101_175, 85.84, 285.6, 1.7977
FILLER_0_101_188, 85.84, 285.6, 1.7977
output104, 98.64, 285.6, 1.79763
output133, 98.64, 285.6, 1.79763
FILLER_0_100_189, 98.64, 285.6, 1.79763
FILLER_0_101_203, 98.64, 285.6, 1.79763
input39, 111.44, 285.6, 1.79758
output128, 111.44, 285.6, 1.79758
FILLER_0_101_231, 111.44, 285.6, 1.79758
input29, 124.24, 285.6, 1.79754
output101, 124.24, 285.6, 1.79754
output115, 124.24, 285.6, 1.79754
FILLER_0_100_245, 124.24, 285.6, 1.79754
FILLER_0_101_249, 124.24, 285.6, 1.79754
FILLER_0_101_259, 124.24, 285.6, 1.79754
output180, 137.04, 285.6, 1.79752
output185, 137.04, 285.6, 1.79752
FILLER_0_101_272, 137.04, 285.6, 1.79752
FILLER_0_101_289, 137.04, 285.6, 1.79752
_195_, 149.84, 285.6, 1.79754
input68, 149.84, 285.6, 1.79754
output148, 149.84, 285.6, 1.79754
FILLER_0_100_305, 149.84, 285.6, 1.79754
FILLER_0_101_303, 149.84, 285.6, 1.79754
FILLER_0_101_314, 149.84, 285.6, 1.79754
FILLER_0_101_322, 149.84, 285.6, 1.79754
input58, 162.64, 285.6, 1.7976
input63, 162.64, 285.6, 1.7976
FILLER_0_101_337, 162.64, 285.6, 1.7976
FILLER_0_101_349, 162.64, 285.6, 1.7976
input13, 188.657, 285.6, 1.79738
input85, 188.657, 285.6, 1.79738
output146, 188.657, 285.6, 1.79738
FILLER_0_101_385, 188.657, 285.6, 1.79738
FILLER_0_101_401, 188.657, 285.6, 1.79738
FILLER_0_101_412, 188.657, 285.6, 1.79738
input33, 201.875, 285.6, 1.79714
output184, 201.875, 285.6, 1.79714
FILLER_0_100_413, 201.875, 285.6, 1.79714
FILLER_0_101_429, 201.875, 285.6, 1.79714
FILLER_0_101_440, 201.875, 285.6, 1.79714
output196, 215.093, 285.6, 1.79693
output197, 215.093, 285.6, 1.79693
FILLER_0_101_464, 215.093, 285.6, 1.79693
input54, 228.311, 285.6, 1.79677
output113, 228.311, 285.6, 1.79677
FILLER_0_101_477, 228.311, 285.6, 1.79677
FILLER_0_101_492, 228.311, 285.6, 1.79677
input36, 241.528, 285.6, 1.79661
input43, 241.528, 285.6, 1.79661
output187, 241.528, 285.6, 1.79661
FILLER_0_101_505, 241.528, 285.6, 1.79661
FILLER_0_101_524, 241.528, 285.6, 1.79661
input32, 254.746, 285.6, 1.79649
output124, 254.746, 285.6, 1.79649
FILLER_0_101_538, 254.746, 285.6, 1.79649
FILLER_0_101_546, 254.746, 285.6, 1.79649
FILLER_0_101_555, 254.746, 285.6, 1.79649
input61, 267.964, 285.6, 1.79637
output166, 267.964, 285.6, 1.79637
FILLER_0_101_566, 267.964, 285.6, 1.79637
FILLER_0_101_574, 267.964, 285.6, 1.79637
FILLER_0_101_580, 267.964, 285.6, 1.79637
input1, 281.182, 285.6, 1.7963
input38, 281.182, 285.6, 1.7963
input95, 281.182, 285.6, 1.7963
output106, 281.182, 285.6, 1.7963
output172, 281.182, 285.6, 1.7963
FILLER_0_101_595, 281.182, 285.6, 1.7963
PHY_196, 5.52, 280.16, 1.79843
PHY_198, 5.52, 280.16, 1.79843
input22, 5.52, 280.16, 1.79843
input90, 5.52, 280.16, 1.79843
output103, 5.52, 280.16, 1.79843
PHY_197, 294.4, 280.16, 1.7976
PHY_199, 294.4, 280.16, 1.7976
input24, 294.4, 280.16, 1.7976
FILLER_0_99_617, 294.4, 280.16, 1.7976
FILLER_0_99_53, 34.64, 280.16, 1.79833
FILLER_0_100_77, 34.64, 280.16, 1.79833
FILLER_0_99_105, 47.44, 280.16, 1.79822
_257_, 60.24, 280.16, 1.79811
_258_, 60.24, 280.16, 1.79811
_393_, 60.24, 280.16, 1.79811
FILLER_0_98_109, 60.24, 280.16, 1.79811
_231_, 73.04, 280.16, 1.79803
_232_, 73.04, 280.16, 1.79803
hold4, 73.04, 280.16, 1.79803
FILLER_0_98_133, 73.04, 280.16, 1.79803
FILLER_0_99_161, 85.84, 280.16, 1.79797
FILLER_0_98_189, 98.64, 280.16, 1.7979
FILLER_0_99_217, 111.44, 280.16, 1.79783
FILLER_0_98_245, 124.24, 280.16, 1.79777
_363_, 137.04, 280.16, 1.7977
_364_, 137.04, 280.16, 1.7977
_431_, 137.04, 280.16, 1.7977
_443_, 137.04, 280.16, 1.7977
hold3, 137.04, 280.16, 1.7977
FILLER_0_100_297, 137.04, 280.16, 1.7977
_196_, 149.84, 280.16, 1.79771
_338_, 149.84, 280.16, 1.79771
_339_, 149.84, 280.16, 1.79771
_362_, 149.84, 280.16, 1.79771
_442_, 149.84, 280.16, 1.79771
FILLER_0_98_301, 149.84, 280.16, 1.79771
FILLER_0_100_314, 149.84, 280.16, 1.79771
FILLER_0_99_333, 162.64, 280.16, 1.79777
_331_, 188.657, 280.16, 1.79776
_332_, 188.657, 280.16, 1.79776
hold11, 188.657, 280.16, 1.79776
FILLER_0_99_388, 188.657, 280.16, 1.79776
FILLER_0_98_415, 201.875, 280.16, 1.79772
FILLER_0_99_434, 201.875, 280.16, 1.79772
_333_, 215.093, 280.16, 1.79767
_334_, 215.093, 280.16, 1.79767
hold1, 215.093, 280.16, 1.79767
FILLER_0_100_469, 215.093, 280.16, 1.79767
_346_, 228.311, 280.16, 1.79765
_347_, 228.311, 280.16, 1.79765
FILLER_0_98_470, 228.311, 280.16, 1.79765
FILLER_0_100_525, 241.528, 280.16, 1.79763
FILLER_0_99_553, 254.746, 280.16, 1.79762
_456_, 267.964, 280.16, 1.79761
FILLER_0_100_581, 267.964, 280.16, 1.79761
FILLER_0_100_613, 281.182, 280.16, 1.79761
PHY_192, 5.52, 274.72, 1.79844
PHY_194, 5.52, 274.72, 1.79844
output143, 5.52, 274.72, 1.79844
PHY_193, 294.4, 274.72, 1.79769
PHY_195, 294.4, 274.72, 1.79769
output122, 294.4, 274.72, 1.79769
FILLER_0_97_617, 294.4, 274.72, 1.79769
FILLER_0_97_53, 34.64, 274.72, 1.79839
FILLER_0_98_77, 34.64, 274.72, 1.79839
FILLER_0_97_105, 47.44, 274.72, 1.79831
_263_, 60.24, 274.72, 1.79823
_264_, 60.24, 274.72, 1.79823
_396_, 60.24, 274.72, 1.79823
FILLER_0_96_109, 60.24, 274.72, 1.79823
hold9, 73.04, 274.72, 1.79818
FILLER_0_96_137, 73.04, 274.72, 1.79818
FILLER_0_97_165, 85.84, 274.72, 1.79814
FILLER_0_96_189, 98.64, 274.72, 1.79811
FILLER_0_97_217, 111.44, 274.72, 1.79807
FILLER_0_96_245, 124.24, 274.72, 1.79803
FILLER_0_98_265, 124.24, 274.72, 1.79803
FILLER_0_97_273, 137.04, 274.72, 1.79799
FILLER_0_98_293, 137.04, 274.72, 1.79799
_361_, 149.84, 274.72, 1.79796
FILLER_0_96_301, 149.84, 274.72, 1.79796
FILLER_0_97_329, 162.64, 274.72, 1.79792
FILLER_0_98_355, 162.64, 274.72, 1.79792
FILLER_0_97_388, 188.657, 274.72, 1.79784
_429_, 201.875, 274.72, 1.79778
FILLER_0_96_415, 201.875, 274.72, 1.79778
FILLER_0_97_441, 201.875, 274.72, 1.79778
FILLER_0_98_433, 201.875, 274.72, 1.79778
_435_, 228.311, 274.72, 1.79772
FILLER_0_97_497, 228.311, 274.72, 1.79772
FILLER_0_98_489, 228.311, 274.72, 1.79772
FILLER_0_98_525, 241.528, 274.72, 1.79771
FILLER_0_97_553, 254.746, 274.72, 1.79771
FILLER_0_98_581, 267.964, 274.72, 1.7977
FILLER_0_97_609, 281.182, 274.72, 1.7977
PHY_188, 5.52, 269.28, 1.79854
PHY_190, 5.52, 269.28, 1.79854
input27, 5.52, 269.28, 1.79854
PHY_189, 294.4, 269.28, 1.79796
PHY_191, 294.4, 269.28, 1.79796
input74, 294.4, 269.28, 1.79796
FILLER_0_95_617, 294.4, 269.28, 1.79796
FILLER_0_96_77, 34.64, 269.28, 1.7985
FILLER_0_95_105, 47.44, 269.28, 1.79845
FILLER_0_94_133, 73.04, 269.28, 1.79836
FILLER_0_95_161, 85.84, 269.28, 1.79831
FILLER_0_94_189, 98.64, 269.28, 1.79827
FILLER_0_95_217, 111.44, 269.28, 1.79822
FILLER_0_94_245, 124.24, 269.28, 1.79817
FILLER_0_95_273, 137.04, 269.28, 1.79813
FILLER_0_94_301, 149.84, 269.28, 1.79808
FILLER_0_95_329, 162.64, 269.28, 1.79804
FILLER_0_95_385, 188.657, 269.28, 1.79799
FILLER_0_94_413, 201.875, 269.28, 1.79798
FILLER_0_95_441, 201.875, 269.28, 1.79798
FILLER_0_96_469, 215.093, 269.28, 1.79798
FILLER_0_95_497, 228.311, 269.28, 1.79798
FILLER_0_96_525, 241.528, 269.28, 1.79798
FILLER_0_95_553, 254.746, 269.28, 1.79797
FILLER_0_96_581, 267.964, 269.28, 1.79797
FILLER_0_95_609, 281.182, 269.28, 1.79797
FILLER_0_96_613, 281.182, 269.28, 1.79797
PHY_184, 5.52, 263.84, 1.79857
PHY_186, 5.52, 263.84, 1.79857
PHY_185, 294.4, 263.84, 1.79797
PHY_187, 294.4, 263.84, 1.79797
output127, 294.4, 263.84, 1.79797
FILLER_0_93_617, 294.4, 263.84, 1.79797
FILLER_0_93_51, 34.64, 263.84, 1.79853
FILLER_0_94_77, 34.64, 263.84, 1.79853
FILLER_0_93_105, 47.44, 263.84, 1.79848
FILLER_0_92_133, 73.04, 263.84, 1.79839
FILLER_0_93_161, 85.84, 263.84, 1.79834
FILLER_0_92_189, 98.64, 263.84, 1.7983
FILLER_0_93_217, 111.44, 263.84, 1.79825
FILLER_0_92_245, 124.24, 263.84, 1.79821
FILLER_0_93_273, 137.04, 263.84, 1.79816
FILLER_0_92_301, 149.84, 263.84, 1.79812
FILLER_0_93_329, 162.64, 263.84, 1.79807
FILLER_0_93_385, 188.657, 263.84, 1.79802
FILLER_0_92_413, 201.875, 263.84, 1.79801
FILLER_0_93_441, 201.875, 263.84, 1.79801
FILLER_0_94_469, 215.093, 263.84, 1.79801
FILLER_0_93_497, 228.311, 263.84, 1.798
FILLER_0_94_525, 241.528, 263.84, 1.79799
FILLER_0_93_553, 254.746, 263.84, 1.79799
FILLER_0_94_581, 267.964, 263.84, 1.79798
FILLER_0_93_609, 281.182, 263.84, 1.79797
PHY_180, 5.52, 258.4, 1.79855
PHY_182, 5.52, 258.4, 1.79855
output202, 5.52, 258.4, 1.79855
PHY_181, 294.4, 258.4, 1.79802
PHY_183, 294.4, 258.4, 1.79802
input19, 294.4, 258.4, 1.79802
FILLER_0_91_617, 294.4, 258.4, 1.79802
FILLER_0_92_21, 13.68, 258.4, 1.79856
FILLER_0_91_51, 34.64, 258.4, 1.79854
FILLER_0_92_77, 34.64, 258.4, 1.79854
FILLER_0_91_105, 47.44, 258.4, 1.79849
FILLER_0_90_133, 73.04, 258.4, 1.7984
FILLER_0_91_161, 85.84, 258.4, 1.79836
FILLER_0_90_189, 98.64, 258.4, 1.79832
FILLER_0_91_217, 111.44, 258.4, 1.79827
FILLER_0_90_245, 124.24, 258.4, 1.79823
FILLER_0_91_273, 137.04, 258.4, 1.79818
FILLER_0_90_301, 149.84, 258.4, 1.79814
FILLER_0_91_329, 162.64, 258.4, 1.79809
FILLER_0_91_385, 188.657, 258.4, 1.79805
FILLER_0_90_413, 201.875, 258.4, 1.79804
FILLER_0_91_441, 201.875, 258.4, 1.79804
FILLER_0_92_469, 215.093, 258.4, 1.79804
FILLER_0_91_497, 228.311, 258.4, 1.79804
FILLER_0_92_525, 241.528, 258.4, 1.79804
FILLER_0_91_553, 254.746, 258.4, 1.79803
FILLER_0_92_581, 267.964, 258.4, 1.79803
FILLER_0_91_609, 281.182, 258.4, 1.79803
FILLER_0_92_613, 281.182, 258.4, 1.79803
PHY_176, 5.52, 252.96, 1.79862
PHY_178, 5.52, 252.96, 1.79862
output132, 5.52, 252.96, 1.79862
PHY_177, 294.4, 252.96, 1.79807
PHY_179, 294.4, 252.96, 1.79807
FILLER_0_89_617, 294.4, 252.96, 1.79807
FILLER_0_90_21, 13.68, 252.96, 1.79862
FILLER_0_89_51, 34.64, 252.96, 1.79858
FILLER_0_90_77, 34.64, 252.96, 1.79858
FILLER_0_89_105, 47.44, 252.96, 1.79853
FILLER_0_88_133, 73.04, 252.96, 1.79844
FILLER_0_89_161, 85.84, 252.96, 1.7984
FILLER_0_88_189, 98.64, 252.96, 1.79835
FILLER_0_89_217, 111.44, 252.96, 1.7983
FILLER_0_88_245, 124.24, 252.96, 1.79826
FILLER_0_89_273, 137.04, 252.96, 1.79821
FILLER_0_88_301, 149.84, 252.96, 1.79816
FILLER_0_89_329, 162.64, 252.96, 1.79812
FILLER_0_89_385, 188.657, 252.96, 1.79807
FILLER_0_88_413, 201.875, 252.96, 1.79807
FILLER_0_89_441, 201.875, 252.96, 1.79807
FILLER_0_90_469, 215.093, 252.96, 1.79807
FILLER_0_89_497, 228.311, 252.96, 1.79807
FILLER_0_90_525, 241.528, 252.96, 1.79807
FILLER_0_89_553, 254.746, 252.96, 1.79807
FILLER_0_90_581, 267.964, 252.96, 1.79807
FILLER_0_89_609, 281.182, 252.96, 1.79807
FILLER_0_90_613, 281.182, 252.96, 1.79807
PHY_172, 5.52, 247.52, 1.79861
PHY_174, 5.52, 247.52, 1.79861
output153, 5.52, 247.52, 1.79861
PHY_173, 294.4, 247.52, 1.79807
PHY_175, 294.4, 247.52, 1.79807
input84, 294.4, 247.52, 1.79807
FILLER_0_87_617, 294.4, 247.52, 1.79807
FILLER_0_87_53, 34.64, 247.52, 1.7986
FILLER_0_88_77, 34.64, 247.52, 1.7986
FILLER_0_87_105, 47.44, 247.52, 1.79855
FILLER_0_86_133, 73.04, 247.52, 1.79846
FILLER_0_87_161, 85.84, 247.52, 1.79841
FILLER_0_86_189, 98.64, 247.52, 1.79837
FILLER_0_87_217, 111.44, 247.52, 1.79832
FILLER_0_86_245, 124.24, 247.52, 1.79827
FILLER_0_87_273, 137.04, 247.52, 1.79823
FILLER_0_86_301, 149.84, 247.52, 1.79818
FILLER_0_87_329, 162.64, 247.52, 1.79813
FILLER_0_87_385, 188.657, 247.52, 1.79809
FILLER_0_86_413, 201.875, 247.52, 1.79808
FILLER_0_87_441, 201.875, 247.52, 1.79808
FILLER_0_88_469, 215.093, 247.52, 1.79808
FILLER_0_87_497, 228.311, 247.52, 1.79808
FILLER_0_88_525, 241.528, 247.52, 1.79808
FILLER_0_87_553, 254.746, 247.52, 1.79808
FILLER_0_88_581, 267.964, 247.52, 1.79807
FILLER_0_87_609, 281.182, 247.52, 1.79807
PHY_168, 5.52, 242.08, 1.79865
PHY_170, 5.52, 242.08, 1.79865
output189, 5.52, 242.08, 1.79865
PHY_169, 294.4, 242.08, 1.79805
PHY_171, 294.4, 242.08, 1.79805
output117, 294.4, 242.08, 1.79805
ANTENNA_2, 294.4, 242.08, 1.79805
FILLER_0_85_617, 294.4, 242.08, 1.79805
FILLER_0_86_21, 13.68, 242.08, 1.79866
FILLER_0_85_51, 34.64, 242.08, 1.79863
FILLER_0_86_77, 34.64, 242.08, 1.79863
FILLER_0_85_105, 47.44, 242.08, 1.79858
FILLER_0_84_133, 73.04, 242.08, 1.79849
FILLER_0_85_161, 85.84, 242.08, 1.79844
FILLER_0_84_189, 98.64, 242.08, 1.79839
FILLER_0_85_217, 111.44, 242.08, 1.79834
FILLER_0_84_245, 124.24, 242.08, 1.7983
FILLER_0_85_273, 137.04, 242.08, 1.79825
FILLER_0_84_301, 149.84, 242.08, 1.7982
FILLER_0_85_329, 162.64, 242.08, 1.79815
FILLER_0_85_385, 188.657, 242.08, 1.7981
FILLER_0_84_413, 201.875, 242.08, 1.79809
FILLER_0_85_441, 201.875, 242.08, 1.79809
FILLER_0_86_469, 215.093, 242.08, 1.79809
FILLER_0_85_497, 228.311, 242.08, 1.79808
FILLER_0_86_525, 241.528, 242.08, 1.79807
FILLER_0_85_553, 254.746, 242.08, 1.79807
FILLER_0_86_581, 267.964, 242.08, 1.79806
FILLER_0_85_609, 281.182, 242.08, 1.79806
PHY_164, 5.52, 236.64, 1.79872
PHY_166, 5.52, 236.64, 1.79872
output130, 5.52, 236.64, 1.79872
PHY_165, 294.4, 236.64, 1.79794
PHY_167, 294.4, 236.64, 1.79794
FILLER_0_83_617, 294.4, 236.64, 1.79794
FILLER_0_84_21, 13.68, 236.64, 1.79873
FILLER_0_83_51, 34.64, 236.64, 1.79867
FILLER_0_84_77, 34.64, 236.64, 1.79867
FILLER_0_83_105, 47.44, 236.64, 1.79862
FILLER_0_82_133, 73.04, 236.64, 1.7985
FILLER_0_83_161, 85.84, 236.64, 1.79844
FILLER_0_82_189, 98.64, 236.64, 1.79839
FILLER_0_83_217, 111.44, 236.64, 1.79833
FILLER_0_82_245, 124.24, 236.64, 1.79827
FILLER_0_83_273, 137.04, 236.64, 1.79822
FILLER_0_82_301, 149.84, 236.64, 1.79816
FILLER_0_83_329, 162.64, 236.64, 1.7981
clkbuf_3_6__f_clk, 188.657, 236.64, 1.79794
FILLER_0_83_385, 188.657, 236.64, 1.79794
FILLER_0_82_416, 201.875, 236.64, 1.79794
FILLER_0_83_441, 201.875, 236.64, 1.79794
FILLER_0_84_469, 215.093, 236.64, 1.79794
FILLER_0_83_497, 228.311, 236.64, 1.79794
FILLER_0_84_525, 241.528, 236.64, 1.79794
FILLER_0_83_553, 254.746, 236.64, 1.79794
FILLER_0_84_581, 267.964, 236.64, 1.79794
FILLER_0_83_609, 281.182, 236.64, 1.79794
FILLER_0_84_613, 281.182, 236.64, 1.79794
PHY_160, 5.52, 231.2, 1.79873
PHY_162, 5.52, 231.2, 1.79873
output137, 5.52, 231.2, 1.79873
PHY_161, 294.4, 231.2, 1.79813
PHY_163, 294.4, 231.2, 1.79813
input2, 294.4, 231.2, 1.79813
FILLER_0_81_617, 294.4, 231.2, 1.79813
FILLER_0_81_53, 34.64, 231.2, 1.79871
FILLER_0_82_77, 34.64, 231.2, 1.79871
FILLER_0_81_105, 47.44, 231.2, 1.79866
FILLER_0_80_133, 73.04, 231.2, 1.79855
FILLER_0_81_161, 85.84, 231.2, 1.7985
FILLER_0_80_189, 98.64, 231.2, 1.79844
FILLER_0_81_217, 111.44, 231.2, 1.79839
FILLER_0_80_245, 124.24, 231.2, 1.79834
FILLER_0_81_273, 137.04, 231.2, 1.79829
_235_, 149.84, 231.2, 1.79823
_236_, 149.84, 231.2, 1.79823
FILLER_0_80_305, 149.84, 231.2, 1.79823
FILLER_0_81_385, 188.657, 231.2, 1.79813
FILLER_0_80_413, 201.875, 231.2, 1.79813
FILLER_0_81_441, 201.875, 231.2, 1.79813
FILLER_0_82_469, 215.093, 231.2, 1.79813
FILLER_0_81_497, 228.311, 231.2, 1.79813
FILLER_0_82_525, 241.528, 231.2, 1.79813
FILLER_0_81_553, 254.746, 231.2, 1.79813
FILLER_0_82_581, 267.964, 231.2, 1.79813
FILLER_0_81_609, 281.182, 231.2, 1.79813
PHY_156, 5.52, 225.76, 1.79881
PHY_158, 5.52, 225.76, 1.79881
output118, 5.52, 225.76, 1.79881
PHY_157, 294.4, 225.76, 1.79813
PHY_159, 294.4, 225.76, 1.79813
input8, 294.4, 225.76, 1.79813
FILLER_0_79_617, 294.4, 225.76, 1.79813
_337_, 13.68, 225.76, 1.79881
FILLER_0_79_9, 13.68, 225.76, 1.79881
FILLER_0_79_51, 34.64, 225.76, 1.79876
FILLER_0_80_77, 34.64, 225.76, 1.79876
FILLER_0_79_105, 47.44, 225.76, 1.79871
FILLER_0_78_133, 73.04, 225.76, 1.7986
FILLER_0_79_161, 85.84, 225.76, 1.79854
FILLER_0_78_189, 98.64, 225.76, 1.79849
FILLER_0_79_217, 111.44, 225.76, 1.79843
FILLER_0_78_245, 124.24, 225.76, 1.79838
FILLER_0_79_273, 137.04, 225.76, 1.79832
FILLER_0_78_301, 149.84, 225.76, 1.79826
FILLER_0_79_329, 162.64, 225.76, 1.79821
FILLER_0_79_385, 188.657, 225.76, 1.79815
FILLER_0_78_413, 201.875, 225.76, 1.79815
FILLER_0_79_441, 201.875, 225.76, 1.79815
FILLER_0_80_469, 215.093, 225.76, 1.79815
FILLER_0_79_497, 228.311, 225.76, 1.79814
FILLER_0_80_525, 241.528, 225.76, 1.79814
FILLER_0_79_553, 254.746, 225.76, 1.79814
FILLER_0_80_581, 267.964, 225.76, 1.79814
FILLER_0_79_609, 281.182, 225.76, 1.79814
_430_, 5.52, 220.32, 1.79881
PHY_152, 5.52, 220.32, 1.79881
PHY_154, 5.52, 220.32, 1.79881
FILLER_0_77_3, 5.52, 220.32, 1.79881
PHY_153, 294.4, 220.32, 1.79736
PHY_155, 294.4, 220.32, 1.79736
output169, 294.4, 220.32, 1.79736
FILLER_0_77_617, 294.4, 220.32, 1.79736
_336_, 13.68, 220.32, 1.79883
FILLER_0_78_25, 13.68, 220.32, 1.79883
FILLER_0_78_77, 34.64, 220.32, 1.79878
FILLER_0_77_105, 47.44, 220.32, 1.79871
FILLER_0_76_133, 73.04, 220.32, 1.79858
FILLER_0_77_161, 85.84, 220.32, 1.79851
FILLER_0_76_189, 98.64, 220.32, 1.79845
FILLER_0_77_217, 111.44, 220.32, 1.79838
FILLER_0_76_245, 124.24, 220.32, 1.79831
FILLER_0_77_273, 137.04, 220.32, 1.79825
FILLER_0_76_301, 149.84, 220.32, 1.79818
FILLER_0_77_329, 162.64, 220.32, 1.79811
FILLER_0_77_385, 188.657, 220.32, 1.79788
FILLER_0_76_413, 201.875, 220.32, 1.79771
FILLER_0_77_441, 201.875, 220.32, 1.79771
clkbuf_3_7__f_clk, 215.093, 220.32, 1.79755
FILLER_0_78_469, 215.093, 220.32, 1.79755
FILLER_0_77_493, 228.311, 220.32, 1.79751
FILLER_0_77_501, 241.528, 220.32, 1.79748
FILLER_0_78_525, 241.528, 220.32, 1.79748
FILLER_0_77_553, 254.746, 220.32, 1.79745
FILLER_0_78_581, 267.964, 220.32, 1.79742
FILLER_0_77_609, 281.182, 220.32, 1.79739
PHY_148, 5.52, 214.88, 1.79887
PHY_150, 5.52, 214.88, 1.79887
input62, 5.52, 214.88, 1.79887
output178, 5.52, 214.88, 1.79887
PHY_149, 294.4, 214.88, 1.79794
PHY_151, 294.4, 214.88, 1.79794
output190, 294.4, 214.88, 1.79794
FILLER_0_75_617, 294.4, 214.88, 1.79794
_380_, 13.68, 214.88, 1.79889
FILLER_0_76_21, 13.68, 214.88, 1.79889
FILLER_0_76_77, 34.64, 214.88, 1.79884
FILLER_0_75_105, 47.44, 214.88, 1.79878
FILLER_0_74_133, 73.04, 214.88, 1.79866
FILLER_0_75_161, 85.84, 214.88, 1.7986
FILLER_0_74_189, 98.64, 214.88, 1.79854
FILLER_0_75_217, 111.44, 214.88, 1.79847
FILLER_0_74_245, 124.24, 214.88, 1.79841
FILLER_0_75_273, 137.04, 214.88, 1.79835
FILLER_0_74_301, 149.84, 214.88, 1.79829
FILLER_0_75_329, 162.64, 214.88, 1.79823
FILLER_0_75_385, 188.657, 214.88, 1.79814
FILLER_0_74_413, 201.875, 214.88, 1.79811
FILLER_0_75_441, 201.875, 214.88, 1.79811
_245_, 215.093, 214.88, 1.79808
_246_, 215.093, 214.88, 1.79808
FILLER_0_76_525, 241.528, 214.88, 1.79803
FILLER_0_75_553, 254.746, 214.88, 1.79801
FILLER_0_76_581, 267.964, 214.88, 1.79799
FILLER_0_75_609, 281.182, 214.88, 1.79796
FILLER_0_76_613, 281.182, 214.88, 1.79796
_451_, 5.52, 209.44, 1.79893
PHY_144, 5.52, 209.44, 1.79893
PHY_146, 5.52, 209.44, 1.79893
FILLER_0_74_3, 5.52, 209.44, 1.79893
PHY_145, 294.4, 209.44, 1.79779
PHY_147, 294.4, 209.44, 1.79779
output194, 294.4, 209.44, 1.79779
FILLER_0_73_617, 294.4, 209.44, 1.79779
_379_, 13.68, 209.44, 1.79894
FILLER_0_74_77, 34.64, 209.44, 1.79889
FILLER_0_73_105, 47.44, 209.44, 1.79883
FILLER_0_72_133, 73.04, 209.44, 1.79869
FILLER_0_73_161, 85.84, 209.44, 1.79862
FILLER_0_72_189, 98.64, 209.44, 1.79855
FILLER_0_73_217, 111.44, 209.44, 1.79849
FILLER_0_72_245, 124.24, 209.44, 1.79842
FILLER_0_73_273, 137.04, 209.44, 1.79835
FILLER_0_72_301, 149.84, 209.44, 1.79828
_387_, 162.64, 209.44, 1.79821
FILLER_0_73_329, 162.64, 209.44, 1.79821
FILLER_0_73_349, 162.64, 209.44, 1.79821
FILLER_0_73_385, 188.657, 209.44, 1.79809
FILLER_0_72_413, 201.875, 209.44, 1.79803
FILLER_0_73_441, 201.875, 209.44, 1.79803
_382_, 215.093, 209.44, 1.79797
FILLER_0_73_461, 215.093, 209.44, 1.79797
FILLER_0_74_469, 215.093, 209.44, 1.79797
_381_, 228.311, 209.44, 1.79791
_452_, 228.311, 209.44, 1.79791
FILLER_0_74_525, 241.528, 209.44, 1.79788
FILLER_0_73_553, 254.746, 209.44, 1.79786
FILLER_0_74_581, 267.964, 209.44, 1.79784
FILLER_0_73_609, 281.182, 209.44, 1.79781
FILLER_0_74_613, 281.182, 209.44, 1.79781
PHY_140, 5.52, 204, 1.79904
PHY_142, 5.52, 204, 1.79904
input53, 5.52, 204, 1.79904
FILLER_0_72_6, 5.52, 204, 1.79904
PHY_141, 294.4, 204, 1.79796
PHY_143, 294.4, 204, 1.79796
output135, 294.4, 204, 1.79796
FILLER_0_71_617, 294.4, 204, 1.79796
FILLER_0_72_18, 13.68, 204, 1.79904
FILLER_0_71_51, 34.64, 204, 1.79897
FILLER_0_72_77, 34.64, 204, 1.79897
FILLER_0_71_105, 47.44, 204, 1.7989
FILLER_0_70_133, 73.04, 204, 1.79875
FILLER_0_71_161, 85.84, 204, 1.79867
FILLER_0_70_189, 98.64, 204, 1.7986
FILLER_0_71_217, 111.44, 204, 1.79852
FILLER_0_70_245, 124.24, 204, 1.79845
FILLER_0_71_273, 137.04, 204, 1.79837
FILLER_0_70_301, 149.84, 204, 1.7983
_388_, 162.64, 204, 1.79822
_455_, 162.64, 204, 1.79822
FILLER_0_71_329, 162.64, 204, 1.79822
FILLER_0_72_345, 162.64, 204, 1.79822
FILLER_0_70_413, 201.875, 204, 1.79813
FILLER_0_71_441, 201.875, 204, 1.79813
FILLER_0_72_469, 215.093, 204, 1.79811
FILLER_0_71_497, 228.311, 204, 1.79808
FILLER_0_72_522, 241.528, 204, 1.79806
FILLER_0_71_553, 254.746, 204, 1.79804
FILLER_0_72_581, 267.964, 204, 1.79801
FILLER_0_71_609, 281.182, 204, 1.79799
FILLER_0_72_613, 281.182, 204, 1.79799
PHY_136, 5.52, 198.56, 1.79911
PHY_138, 5.52, 198.56, 1.79911
input17, 5.52, 198.56, 1.79911
PHY_137, 294.4, 198.56, 1.79814
PHY_139, 294.4, 198.56, 1.79814
FILLER_0_68_617, 294.4, 198.56, 1.79814
FILLER_0_69_617, 294.4, 198.56, 1.79814
FILLER_0_70_18, 13.68, 198.56, 1.79911
FILLER_0_69_51, 34.64, 198.56, 1.79903
FILLER_0_70_77, 34.64, 198.56, 1.79903
FILLER_0_69_105, 47.44, 198.56, 1.79896
_307_, 60.24, 198.56, 1.79888
FILLER_0_69_165, 85.84, 198.56, 1.79873
FILLER_0_68_189, 98.64, 198.56, 1.79866
FILLER_0_69_217, 111.44, 198.56, 1.79859
FILLER_0_68_245, 124.24, 198.56, 1.79852
FILLER_0_69_273, 137.04, 198.56, 1.79844
FILLER_0_68_301, 149.84, 198.56, 1.79837
FILLER_0_69_329, 162.64, 198.56, 1.7983
FILLER_0_69_385, 188.657, 198.56, 1.79822
FILLER_0_68_413, 201.875, 198.56, 1.7982
FILLER_0_69_441, 201.875, 198.56, 1.7982
FILLER_0_70_469, 215.093, 198.56, 1.79819
FILLER_0_69_497, 228.311, 198.56, 1.79818
FILLER_0_70_525, 241.528, 198.56, 1.79817
FILLER_0_69_553, 254.746, 198.56, 1.79816
FILLER_0_70_581, 267.964, 198.56, 1.79815
_319_, 281.182, 198.56, 1.79814
_320_, 281.182, 198.56, 1.79814
FILLER_0_68_589, 281.182, 198.56, 1.79814
FILLER_0_69_609, 281.182, 198.56, 1.79814
FILLER_0_70_613, 281.182, 198.56, 1.79814
PHY_132, 5.52, 193.12, 1.79904
PHY_134, 5.52, 193.12, 1.79904
output150, 5.52, 193.12, 1.79904
PHY_133, 294.4, 193.12, 1.79768
PHY_135, 294.4, 193.12, 1.79768
output157, 294.4, 193.12, 1.79768
FILLER_0_67_617, 294.4, 193.12, 1.79768
FILLER_0_67_53, 34.64, 193.12, 1.79888
FILLER_0_68_77, 34.64, 193.12, 1.79888
clkbuf_3_2__f_clk, 47.44, 193.12, 1.79868
FILLER_0_67_105, 47.44, 193.12, 1.79868
FILLER_0_68_97, 47.44, 193.12, 1.79868
_306_, 60.24, 193.12, 1.79859
_416_, 60.24, 193.12, 1.79859
FILLER_0_68_130, 60.24, 193.12, 1.79859
FILLER_0_66_133, 73.04, 193.12, 1.79853
FILLER_0_67_157, 73.04, 193.12, 1.79853
FILLER_0_67_165, 85.84, 193.12, 1.79847
FILLER_0_66_189, 98.64, 193.12, 1.79841
FILLER_0_67_217, 111.44, 193.12, 1.79835
FILLER_0_66_245, 124.24, 193.12, 1.7983
_437_, 137.04, 193.12, 1.79824
FILLER_0_67_273, 137.04, 193.12, 1.79824
FILLER_0_67_281, 137.04, 193.12, 1.79824
_350_, 149.84, 193.12, 1.79821
FILLER_0_66_300, 149.84, 193.12, 1.79821
FILLER_0_67_332, 162.64, 193.12, 1.79818
FILLER_0_67_385, 188.657, 193.12, 1.7981
FILLER_0_66_413, 201.875, 193.12, 1.79805
FILLER_0_67_441, 201.875, 193.12, 1.79805
FILLER_0_68_469, 215.093, 193.12, 1.79799
FILLER_0_67_497, 228.311, 193.12, 1.79793
FILLER_0_68_525, 241.528, 193.12, 1.79788
FILLER_0_67_553, 254.746, 193.12, 1.79782
FILLER_0_68_581, 267.964, 193.12, 1.79776
_422_, 281.182, 193.12, 1.79771
hold2, 281.182, 193.12, 1.79771
FILLER_0_67_585, 281.182, 193.12, 1.79771
PHY_128, 5.52, 187.68, 1.79921
PHY_130, 5.52, 187.68, 1.79921
output174, 5.52, 187.68, 1.79921
PHY_129, 294.4, 187.68, 1.7978
PHY_131, 294.4, 187.68, 1.7978
output102, 294.4, 187.68, 1.7978
hold7, 294.4, 187.68, 1.7978
FILLER_0_65_53, 34.64, 187.68, 1.79915
FILLER_0_66_77, 34.64, 187.68, 1.79915
FILLER_0_65_105, 47.44, 187.68, 1.79907
FILLER_0_64_133, 73.04, 187.68, 1.7989
FILLER_0_65_161, 85.84, 187.68, 1.79881
FILLER_0_64_189, 98.64, 187.68, 1.79872
FILLER_0_65_217, 111.44, 187.68, 1.79864
FILLER_0_64_245, 124.24, 187.68, 1.79855
_351_, 137.04, 187.68, 1.79847
FILLER_0_65_273, 137.04, 187.68, 1.79847
FILLER_0_66_289, 137.04, 187.68, 1.79847
FILLER_0_64_301, 149.84, 187.68, 1.79839
FILLER_0_64_309, 149.84, 187.68, 1.79839
FILLER_0_65_329, 162.64, 187.68, 1.7983
FILLER_0_65_385, 188.657, 187.68, 1.79817
FILLER_0_64_413, 201.875, 187.68, 1.79812
FILLER_0_65_441, 201.875, 187.68, 1.79812
FILLER_0_66_469, 215.093, 187.68, 1.79807
FILLER_0_65_497, 228.311, 187.68, 1.79802
FILLER_0_66_525, 241.528, 187.68, 1.79797
FILLER_0_65_553, 254.746, 187.68, 1.79792
FILLER_0_66_581, 267.964, 187.68, 1.79787
_277_, 281.182, 187.68, 1.79781
_278_, 281.182, 187.68, 1.79781
_402_, 281.182, 187.68, 1.79781
FILLER_0_65_597, 281.182, 187.68, 1.79781
PHY_124, 5.52, 182.24, 1.7993
PHY_126, 5.52, 182.24, 1.7993
input21, 5.52, 182.24, 1.7993
PHY_125, 294.4, 182.24, 1.79824
PHY_127, 294.4, 182.24, 1.79824
input52, 294.4, 182.24, 1.79824
FILLER_0_63_617, 294.4, 182.24, 1.79824
FILLER_0_64_19, 13.68, 182.24, 1.7993
FILLER_0_63_51, 34.64, 182.24, 1.79915
FILLER_0_64_77, 34.64, 182.24, 1.79915
FILLER_0_63_105, 47.44, 182.24, 1.79901
FILLER_0_62_133, 73.04, 182.24, 1.79871
clkbuf_3_3__f_clk, 85.84, 182.24, 1.79857
FILLER_0_63_161, 85.84, 182.24, 1.79857
FILLER_0_63_181, 85.84, 182.24, 1.79857
FILLER_0_62_189, 98.64, 182.24, 1.79852
FILLER_0_63_218, 111.44, 182.24, 1.79847
FILLER_0_62_245, 124.24, 182.24, 1.79842
FILLER_0_63_273, 137.04, 182.24, 1.79838
_204_, 149.84, 182.24, 1.79833
_205_, 149.84, 182.24, 1.79833
FILLER_0_62_301, 149.84, 182.24, 1.79833
FILLER_0_64_319, 149.84, 182.24, 1.79833
FILLER_0_63_329, 162.64, 182.24, 1.79828
FILLER_0_63_385, 188.657, 182.24, 1.79824
FILLER_0_62_413, 201.875, 182.24, 1.79824
FILLER_0_63_441, 201.875, 182.24, 1.79824
FILLER_0_64_469, 215.093, 182.24, 1.79824
FILLER_0_63_497, 228.311, 182.24, 1.79824
FILLER_0_64_525, 241.528, 182.24, 1.79824
FILLER_0_63_553, 254.746, 182.24, 1.79824
FILLER_0_64_581, 267.964, 182.24, 1.79824
FILLER_0_63_609, 281.182, 182.24, 1.79824
FILLER_0_64_613, 281.182, 182.24, 1.79824
PHY_120, 5.52, 176.8, 1.79922
PHY_122, 5.52, 176.8, 1.79922
output173, 5.52, 176.8, 1.79922
PHY_121, 294.4, 176.8, 1.79819
PHY_123, 294.4, 176.8, 1.79819
input14, 294.4, 176.8, 1.79819
FILLER_0_61_617, 294.4, 176.8, 1.79819
FILLER_0_61_53, 34.64, 176.8, 1.79917
FILLER_0_62_77, 34.64, 176.8, 1.79917
FILLER_0_61_105, 47.44, 176.8, 1.79908
FILLER_0_60_133, 73.04, 176.8, 1.79891
FILLER_0_61_161, 85.84, 176.8, 1.79882
FILLER_0_60_189, 98.64, 176.8, 1.79873
FILLER_0_61_217, 111.44, 176.8, 1.79865
FILLER_0_60_245, 124.24, 176.8, 1.79856
FILLER_0_61_273, 137.04, 176.8, 1.79848
FILLER_0_60_301, 149.84, 176.8, 1.79839
FILLER_0_61_329, 162.64, 176.8, 1.7983
FILLER_0_61_385, 188.657, 176.8, 1.79821
FILLER_0_60_413, 201.875, 176.8, 1.79821
FILLER_0_61_441, 201.875, 176.8, 1.79821
FILLER_0_62_469, 215.093, 176.8, 1.79821
FILLER_0_61_497, 228.311, 176.8, 1.7982
FILLER_0_62_525, 241.528, 176.8, 1.7982
FILLER_0_61_553, 254.746, 176.8, 1.7982
FILLER_0_62_581, 267.964, 176.8, 1.7982
FILLER_0_61_609, 281.182, 176.8, 1.79819
FILLER_0_62_613, 281.182, 176.8, 1.79819
PHY_116, 5.52, 171.36, 1.79908
PHY_118, 5.52, 171.36, 1.79908
output181, 5.52, 171.36, 1.79908
PHY_117, 294.4, 171.36, 1.79809
PHY_119, 294.4, 171.36, 1.79809
input41, 294.4, 171.36, 1.79809
FILLER_0_59_617, 294.4, 171.36, 1.79809
FILLER_0_59_53, 34.64, 171.36, 1.79902
FILLER_0_60_77, 34.64, 171.36, 1.79902
FILLER_0_59_105, 47.44, 171.36, 1.79892
FILLER_0_58_133, 73.04, 171.36, 1.79873
FILLER_0_59_161, 85.84, 171.36, 1.79863
FILLER_0_58_189, 98.64, 171.36, 1.79854
FILLER_0_59_217, 111.44, 171.36, 1.79844
FILLER_0_58_245, 124.24, 171.36, 1.79835
_220_, 137.04, 171.36, 1.79825
_419_, 137.04, 171.36, 1.79825
FILLER_0_58_273, 137.04, 171.36, 1.79825
FILLER_0_58_281, 137.04, 171.36, 1.79825
FILLER_0_59_273, 137.04, 171.36, 1.79825
_312_, 149.84, 171.36, 1.79819
FILLER_0_59_329, 162.64, 171.36, 1.79815
FILLER_0_59_385, 188.657, 171.36, 1.7981
FILLER_0_58_413, 201.875, 171.36, 1.7981
FILLER_0_59_441, 201.875, 171.36, 1.7981
FILLER_0_60_469, 215.093, 171.36, 1.7981
FILLER_0_59_497, 228.311, 171.36, 1.79809
FILLER_0_60_525, 241.528, 171.36, 1.79809
FILLER_0_59_553, 254.746, 171.36, 1.79809
FILLER_0_60_581, 267.964, 171.36, 1.79809
FILLER_0_59_609, 281.182, 171.36, 1.79809
PHY_112, 5.52, 165.92, 1.79901
PHY_114, 5.52, 165.92, 1.79901
PHY_113, 294.4, 165.92, 1.79801
PHY_115, 294.4, 165.92, 1.79801
input20, 294.4, 165.92, 1.79801
FILLER_0_57_617, 294.4, 165.92, 1.79801
FILLER_0_57_51, 34.64, 165.92, 1.79893
FILLER_0_58_77, 34.64, 165.92, 1.79893
FILLER_0_57_105, 47.44, 165.92, 1.79884
FILLER_0_56_133, 73.04, 165.92, 1.79867
FILLER_0_57_161, 85.84, 165.92, 1.79858
FILLER_0_56_189, 98.64, 165.92, 1.7985
FILLER_0_57_217, 111.44, 165.92, 1.79841
_221_, 124.24, 165.92, 1.79833
FILLER_0_56_245, 124.24, 165.92, 1.79833
FILLER_0_57_261, 124.24, 165.92, 1.79833
FILLER_0_58_265, 124.24, 165.92, 1.79833
_313_, 137.04, 165.92, 1.79824
FILLER_0_57_274, 137.04, 165.92, 1.79824
FILLER_0_57_293, 137.04, 165.92, 1.79824
_352_, 149.84, 165.92, 1.79816
FILLER_0_56_302, 149.84, 165.92, 1.79816
FILLER_0_58_354, 162.64, 165.92, 1.79809
FILLER_0_57_385, 188.657, 165.92, 1.79802
FILLER_0_56_413, 201.875, 165.92, 1.79802
FILLER_0_57_441, 201.875, 165.92, 1.79802
FILLER_0_58_469, 215.093, 165.92, 1.79802
FILLER_0_57_497, 228.311, 165.92, 1.79802
FILLER_0_58_525, 241.528, 165.92, 1.79802
FILLER_0_57_553, 254.746, 165.92, 1.79801
FILLER_0_58_581, 267.964, 165.92, 1.79801
FILLER_0_57_609, 281.182, 165.92, 1.79801
PHY_108, 5.52, 160.48, 1.79886
PHY_110, 5.52, 160.48, 1.79886
output110, 5.52, 160.48, 1.79886
PHY_109, 294.4, 160.48, 1.79738
PHY_111, 294.4, 160.48, 1.79738
output134, 294.4, 160.48, 1.79738
FILLER_0_55_617, 294.4, 160.48, 1.79738
FILLER_0_56_21, 13.68, 160.48, 1.79886
FILLER_0_55_51, 34.64, 160.48, 1.79875
FILLER_0_56_77, 34.64, 160.48, 1.79875
FILLER_0_55_105, 47.44, 160.48, 1.79864
FILLER_0_54_133, 73.04, 160.48, 1.79841
_208_, 85.84, 160.48, 1.7983
_209_, 85.84, 160.48, 1.7983
FILLER_0_55_161, 85.84, 160.48, 1.7983
FILLER_0_55_169, 85.84, 160.48, 1.7983
FILLER_0_55_218, 111.44, 160.48, 1.79808
FILLER_0_54_245, 124.24, 160.48, 1.79797
_311_, 137.04, 160.48, 1.79786
_354_, 137.04, 160.48, 1.79786
_355_, 137.04, 160.48, 1.79786
_439_, 137.04, 160.48, 1.79786
FILLER_0_54_280, 137.04, 160.48, 1.79786
FILLER_0_55_273, 137.04, 160.48, 1.79786
FILLER_0_55_281, 137.04, 160.48, 1.79786
FILLER_0_55_289, 137.04, 160.48, 1.79786
FILLER_0_56_289, 137.04, 160.48, 1.79786
_294_, 149.84, 160.48, 1.79781
_295_, 149.84, 160.48, 1.79781
_414_, 149.84, 160.48, 1.79781
fanout204, 149.84, 160.48, 1.79781
fanout205, 149.84, 160.48, 1.79781
FILLER_0_55_331, 162.64, 160.48, 1.79782
FILLER_0_56_354, 162.64, 160.48, 1.79782
_317_, 188.657, 160.48, 1.79776
FILLER_0_55_385, 188.657, 160.48, 1.79776
FILLER_0_55_441, 201.875, 160.48, 1.7977
FILLER_0_56_469, 215.093, 160.48, 1.79764
FILLER_0_55_497, 228.311, 160.48, 1.79758
FILLER_0_56_525, 241.528, 160.48, 1.79752
_255_, 254.746, 160.48, 1.79746
_392_, 254.746, 160.48, 1.79746
FILLER_0_55_529, 254.746, 160.48, 1.79746
FILLER_0_56_581, 267.964, 160.48, 1.79743
FILLER_0_55_609, 281.182, 160.48, 1.79741
FILLER_0_56_613, 281.182, 160.48, 1.79741
PHY_104, 5.52, 155.04, 1.79869
PHY_106, 5.52, 155.04, 1.79869
input11, 5.52, 155.04, 1.79869
input70, 5.52, 155.04, 1.79869
FILLER_0_53_6, 5.52, 155.04, 1.79869
PHY_105, 294.4, 155.04, 1.79727
PHY_107, 294.4, 155.04, 1.79727
fanout209, 294.4, 155.04, 1.79727
FILLER_0_53_617, 294.4, 155.04, 1.79727
_207_, 13.68, 155.04, 1.79869
_342_, 13.68, 155.04, 1.79869
FILLER_0_54_18, 13.68, 155.04, 1.79869
FILLER_0_54_77, 34.64, 155.04, 1.79853
FILLER_0_52_80, 47.44, 155.04, 1.79836
FILLER_0_53_105, 47.44, 155.04, 1.79836
FILLER_0_52_133, 73.04, 155.04, 1.79802
_260_, 85.84, 155.04, 1.79786
FILLER_0_52_165, 85.84, 155.04, 1.79786
FILLER_0_53_161, 85.84, 155.04, 1.79786
FILLER_0_52_193, 98.64, 155.04, 1.79769
FILLER_0_53_217, 111.44, 155.04, 1.79753
_262_, 124.24, 155.04, 1.79736
_267_, 124.24, 155.04, 1.79736
_268_, 124.24, 155.04, 1.79736
_293_, 124.24, 155.04, 1.79736
_395_, 124.24, 155.04, 1.79736
FILLER_0_52_245, 124.24, 155.04, 1.79736
FILLER_0_53_249, 124.24, 155.04, 1.79736
FILLER_0_54_265, 124.24, 155.04, 1.79736
_252_, 137.04, 155.04, 1.79729
_301_, 137.04, 155.04, 1.79729
_310_, 137.04, 155.04, 1.79729
_410_, 137.04, 155.04, 1.79729
_418_, 137.04, 155.04, 1.79729
_413_, 149.84, 155.04, 1.79733
_438_, 149.84, 155.04, 1.79733
_302_, 162.64, 155.04, 1.79743
fanout203, 162.64, 155.04, 1.79743
_421_, 188.657, 155.04, 1.79742
_424_, 188.657, 155.04, 1.79742
FILLER_0_54_411, 188.657, 155.04, 1.79742
_282_, 201.875, 155.04, 1.79737
fanout208, 201.875, 155.04, 1.79737
FILLER_0_53_437, 201.875, 155.04, 1.79737
_201_, 215.093, 155.04, 1.79733
FILLER_0_52_452, 215.093, 155.04, 1.79733
FILLER_0_53_445, 215.093, 155.04, 1.79733
FILLER_0_54_457, 215.093, 155.04, 1.79733
FILLER_0_54_466, 215.093, 155.04, 1.79733
fanout207, 228.311, 155.04, 1.79732
FILLER_0_53_497, 228.311, 155.04, 1.79732
FILLER_0_54_525, 241.528, 155.04, 1.7973
_256_, 254.746, 155.04, 1.79729
FILLER_0_53_529, 254.746, 155.04, 1.79729
FILLER_0_53_552, 254.746, 155.04, 1.79729
FILLER_0_54_578, 267.964, 155.04, 1.79729
FILLER_0_53_609, 281.182, 155.04, 1.79728
FILLER_0_54_613, 281.182, 155.04, 1.79728
_433_, 5.52, 149.6, 1.79848
_436_, 5.52, 149.6, 1.79848
PHY_100, 5.52, 149.6, 1.79848
PHY_102, 5.52, 149.6, 1.79848
PHY_101, 294.4, 149.6, 1.79654
PHY_103, 294.4, 149.6, 1.79654
input4, 294.4, 149.6, 1.79654
fanout210, 294.4, 149.6, 1.79654
_203_, 13.68, 149.6, 1.79852
_343_, 13.68, 149.6, 1.79852
_348_, 13.68, 149.6, 1.79852
FILLER_0_51_52, 34.64, 149.6, 1.79841
FILLER_0_51_105, 47.44, 149.6, 1.79825
FILLER_0_50_133, 73.04, 149.6, 1.79795
_259_, 85.84, 149.6, 1.7978
_394_, 85.84, 149.6, 1.7978
FILLER_0_51_161, 85.84, 149.6, 1.7978
FILLER_0_52_185, 85.84, 149.6, 1.7978
FILLER_0_50_189, 98.64, 149.6, 1.79768
FILLER_0_51_214, 98.64, 149.6, 1.79768
FILLER_0_51_237, 111.44, 149.6, 1.79756
_184_, 124.24, 149.6, 1.79745
_261_, 124.24, 149.6, 1.79745
_398_, 124.24, 149.6, 1.79745
FILLER_0_50_245, 124.24, 149.6, 1.79745
_215_, 137.04, 149.6, 1.79737
_300_, 137.04, 149.6, 1.79737
_389_, 137.04, 149.6, 1.79737
FILLER_0_50_282, 137.04, 149.6, 1.79737
FILLER_0_51_281, 137.04, 149.6, 1.79737
_303_, 149.84, 149.6, 1.79735
_359_, 149.84, 149.6, 1.79735
_441_, 149.84, 149.6, 1.79735
_297_, 162.64, 149.6, 1.79739
_353_, 162.64, 149.6, 1.79739
_360_, 162.64, 149.6, 1.79739
_315_, 188.657, 149.6, 1.79716
_316_, 188.657, 149.6, 1.79716
_318_, 188.657, 149.6, 1.79716
_404_, 188.657, 149.6, 1.79716
_281_, 201.875, 149.6, 1.79694
FILLER_0_50_413, 201.875, 149.6, 1.79694
_249_, 215.093, 149.6, 1.79673
_253_, 215.093, 149.6, 1.79673
_271_, 215.093, 149.6, 1.79673
_357_, 215.093, 149.6, 1.79673
_390_, 215.093, 149.6, 1.79673
FILLER_0_50_442, 215.093, 149.6, 1.79673
FILLER_0_51_444, 215.093, 149.6, 1.79673
FILLER_0_51_458, 215.093, 149.6, 1.79673
FILLER_0_52_460, 215.093, 149.6, 1.79673
_177_, 228.311, 149.6, 1.79662
_180_, 228.311, 149.6, 1.79662
_181_, 228.311, 149.6, 1.79662
_244_, 228.311, 149.6, 1.79662
_250_, 228.311, 149.6, 1.79662
_254_, 241.528, 149.6, 1.7966
FILLER_0_52_525, 241.528, 149.6, 1.7966
FILLER_0_51_553, 254.746, 149.6, 1.79658
_213_, 267.964, 149.6, 1.79656
FILLER_0_52_581, 267.964, 149.6, 1.79656
_377_, 281.182, 149.6, 1.79655
_378_, 281.182, 149.6, 1.79655
FILLER_0_51_602, 281.182, 149.6, 1.79655
FILLER_0_51_608, 281.182, 149.6, 1.79655
FILLER_0_52_601, 281.182, 149.6, 1.79655
PHY_96, 5.52, 144.16, 1.7985
PHY_98, 5.52, 144.16, 1.7985
input69, 5.52, 144.16, 1.7985
ANTENNA_1, 5.52, 144.16, 1.7985
FILLER_0_49_6, 5.52, 144.16, 1.7985
PHY_97, 294.4, 144.16, 1.79665
PHY_99, 294.4, 144.16, 1.79665
input100, 294.4, 144.16, 1.79665
FILLER_0_49_617, 294.4, 144.16, 1.79665
_198_, 13.68, 144.16, 1.7985
_202_, 13.68, 144.16, 1.7985
_206_, 13.68, 144.16, 1.7985
FILLER_0_50_23, 13.68, 144.16, 1.7985
FILLER_0_50_77, 34.64, 144.16, 1.79835
FILLER_0_49_105, 47.44, 144.16, 1.79819
FILLER_0_48_133, 73.04, 144.16, 1.79788
FILLER_0_49_161, 85.84, 144.16, 1.79773
FILLER_0_48_189, 98.64, 144.16, 1.79757
FILLER_0_49_217, 111.44, 144.16, 1.79742
_183_, 124.24, 144.16, 1.79726
_194_, 137.04, 144.16, 1.79711
_214_, 137.04, 144.16, 1.79711
_296_, 137.04, 144.16, 1.79711
clkbuf_0_clk, 137.04, 144.16, 1.79711
FILLER_0_48_277, 137.04, 144.16, 1.79711
FILLER_0_49_273, 137.04, 144.16, 1.79711
_216_, 149.84, 144.16, 1.79716
_375_, 149.84, 144.16, 1.79716
_411_, 149.84, 144.16, 1.79716
_323_, 188.657, 144.16, 1.79714
_324_, 188.657, 144.16, 1.79714
_325_, 188.657, 144.16, 1.79714
_420_, 188.657, 144.16, 1.79714
FILLER_0_49_385, 188.657, 144.16, 1.79714
_369_, 201.875, 144.16, 1.79697
_370_, 201.875, 144.16, 1.79697
_446_, 201.875, 144.16, 1.79697
FILLER_0_49_436, 201.875, 144.16, 1.79697
_243_, 215.093, 144.16, 1.79684
_356_, 215.093, 144.16, 1.79684
_358_, 215.093, 144.16, 1.79684
_391_, 215.093, 144.16, 1.79684
_178_, 228.311, 144.16, 1.79678
_179_, 228.311, 144.16, 1.79678
hold6, 228.311, 144.16, 1.79678
FILLER_0_48_471, 228.311, 144.16, 1.79678
FILLER_0_49_486, 228.311, 144.16, 1.79678
FILLER_0_49_494, 228.311, 144.16, 1.79678
_212_, 254.746, 144.16, 1.79672
FILLER_0_50_581, 267.964, 144.16, 1.79669
_450_, 281.182, 144.16, 1.79666
FILLER_0_49_609, 281.182, 144.16, 1.79666
PHY_92, 5.52, 138.72, 1.79843
PHY_94, 5.52, 138.72, 1.79843
output126, 5.52, 138.72, 1.79843
PHY_93, 294.4, 138.72, 1.79695
PHY_95, 294.4, 138.72, 1.79695
output167, 294.4, 138.72, 1.79695
FILLER_0_47_617, 294.4, 138.72, 1.79695
_197_, 13.68, 138.72, 1.79844
_190_, 34.64, 138.72, 1.79832
FILLER_0_46_53, 34.64, 138.72, 1.79832
FILLER_0_47_52, 34.64, 138.72, 1.79832
FILLER_0_48_77, 34.64, 138.72, 1.79832
FILLER_0_46_81, 47.44, 138.72, 1.79821
FILLER_0_47_105, 47.44, 138.72, 1.79821
FILLER_0_46_133, 73.04, 138.72, 1.79798
FILLER_0_47_161, 85.84, 138.72, 1.79786
FILLER_0_46_189, 98.64, 138.72, 1.79774
FILLER_0_47_217, 111.44, 138.72, 1.79763
FILLER_0_46_245, 124.24, 138.72, 1.79751
_192_, 137.04, 138.72, 1.79739
_217_, 137.04, 138.72, 1.79739
_251_, 137.04, 138.72, 1.79739
_335_, 137.04, 138.72, 1.79739
_372_, 137.04, 138.72, 1.79739
ANTENNA_3, 137.04, 138.72, 1.79739
FILLER_0_47_273, 137.04, 138.72, 1.79739
FILLER_0_47_281, 137.04, 138.72, 1.79739
FILLER_0_47_289, 137.04, 138.72, 1.79739
_193_, 149.84, 138.72, 1.79735
_200_, 149.84, 138.72, 1.79735
_226_, 149.84, 138.72, 1.79735
_371_, 149.84, 138.72, 1.79735
_447_, 149.84, 138.72, 1.79735
_449_, 149.84, 138.72, 1.79735
_376_, 162.64, 138.72, 1.79739
_290_, 188.657, 138.72, 1.79727
_408_, 188.657, 138.72, 1.79727
FILLER_0_47_385, 188.657, 138.72, 1.79727
FILLER_0_47_405, 188.657, 138.72, 1.79727
_289_, 201.875, 138.72, 1.79716
_314_, 201.875, 138.72, 1.79716
_440_, 201.875, 138.72, 1.79716
fanout206, 215.093, 138.72, 1.79712
FILLER_0_48_459, 215.093, 138.72, 1.79712
FILLER_0_47_497, 228.311, 138.72, 1.79709
FILLER_0_48_525, 241.528, 138.72, 1.79705
_275_, 254.746, 138.72, 1.79702
_276_, 254.746, 138.72, 1.79702
FILLER_0_47_553, 254.746, 138.72, 1.79702
FILLER_0_48_581, 267.964, 138.72, 1.797
FILLER_0_47_609, 281.182, 138.72, 1.79698
FILLER_0_48_613, 281.182, 138.72, 1.79698
PHY_88, 5.52, 133.28, 1.79839
PHY_90, 5.52, 133.28, 1.79839
input37, 5.52, 133.28, 1.79839
PHY_89, 294.4, 133.28, 1.7969
PHY_91, 294.4, 133.28, 1.7969
output155, 294.4, 133.28, 1.7969
FILLER_0_45_617, 294.4, 133.28, 1.7969
_189_, 34.64, 133.28, 1.79832
FILLER_0_44_53, 34.64, 133.28, 1.79832
FILLER_0_46_73, 34.64, 133.28, 1.79832
FILLER_0_44_80, 47.44, 133.28, 1.79824
FILLER_0_45_105, 47.44, 133.28, 1.79824
FILLER_0_44_133, 73.04, 133.28, 1.79808
FILLER_0_45_161, 85.84, 133.28, 1.79801
FILLER_0_44_189, 98.64, 133.28, 1.79793
_229_, 111.44, 133.28, 1.79785
_230_, 111.44, 133.28, 1.79785
FILLER_0_45_217, 111.44, 133.28, 1.79785
FILLER_0_45_225, 111.44, 133.28, 1.79785
FILLER_0_45_269, 124.24, 133.28, 1.79778
_191_, 137.04, 133.28, 1.79771
FILLER_0_45_277, 137.04, 133.28, 1.79771
FILLER_0_45_293, 137.04, 133.28, 1.79771
FILLER_0_46_289, 137.04, 133.28, 1.79771
_199_, 149.84, 133.28, 1.79764
_225_, 149.84, 133.28, 1.79764
_233_, 149.84, 133.28, 1.79764
_234_, 149.84, 133.28, 1.79764
ANTENNA_4, 149.84, 133.28, 1.79764
FILLER_0_44_301, 149.84, 133.28, 1.79764
FILLER_0_45_325, 149.84, 133.28, 1.79764
FILLER_0_45_333, 162.64, 133.28, 1.79758
_291_, 188.657, 133.28, 1.79738
FILLER_0_45_385, 188.657, 133.28, 1.79738
FILLER_0_45_405, 188.657, 133.28, 1.79738
FILLER_0_46_401, 188.657, 133.28, 1.79738
_237_, 201.875, 133.28, 1.79724
_292_, 201.875, 133.28, 1.79724
_409_, 201.875, 133.28, 1.79724
FILLER_0_44_413, 201.875, 133.28, 1.79724
FILLER_0_44_421, 201.875, 133.28, 1.79724
FILLER_0_45_437, 201.875, 133.28, 1.79724
_182_, 215.093, 133.28, 1.79715
FILLER_0_45_445, 215.093, 133.28, 1.79715
FILLER_0_46_456, 215.093, 133.28, 1.79715
FILLER_0_45_497, 228.311, 133.28, 1.79709
FILLER_0_46_525, 241.528, 133.28, 1.79703
_401_, 254.746, 133.28, 1.79698
FILLER_0_45_553, 254.746, 133.28, 1.79698
FILLER_0_46_579, 267.964, 133.28, 1.79695
FILLER_0_45_609, 281.182, 133.28, 1.79693
PHY_84, 5.52, 127.84, 1.79833
PHY_86, 5.52, 127.84, 1.79833
PHY_85, 294.4, 127.84, 1.79756
PHY_87, 294.4, 127.84, 1.79756
input42, 294.4, 127.84, 1.79756
FILLER_0_43_617, 294.4, 127.84, 1.79756
FILLER_0_43_51, 34.64, 127.84, 1.79827
FILLER_0_43_105, 47.44, 127.84, 1.79821
FILLER_0_42_133, 73.04, 127.84, 1.79808
FILLER_0_43_161, 85.84, 127.84, 1.79802
FILLER_0_42_189, 98.64, 127.84, 1.79796
FILLER_0_43_217, 111.44, 127.84, 1.7979
FILLER_0_42_245, 124.24, 127.84, 1.79784
FILLER_0_43_273, 137.04, 127.84, 1.79778
FILLER_0_42_301, 149.84, 127.84, 1.79772
FILLER_0_43_329, 162.64, 127.84, 1.79766
FILLER_0_43_385, 188.657, 127.84, 1.79759
_238_, 201.875, 127.84, 1.79758
FILLER_0_42_413, 201.875, 127.84, 1.79758
FILLER_0_43_441, 201.875, 127.84, 1.79758
FILLER_0_44_431, 201.875, 127.84, 1.79758
FILLER_0_43_497, 228.311, 127.84, 1.79758
FILLER_0_44_525, 241.528, 127.84, 1.79757
FILLER_0_43_553, 254.746, 127.84, 1.79757
FILLER_0_44_581, 267.964, 127.84, 1.79757
FILLER_0_43_609, 281.182, 127.84, 1.79757
PHY_80, 5.52, 122.4, 1.7982
PHY_82, 5.52, 122.4, 1.7982
input98, 5.52, 122.4, 1.7982
output136, 5.52, 122.4, 1.7982
PHY_81, 294.4, 122.4, 1.79743
PHY_83, 294.4, 122.4, 1.79743
input99, 294.4, 122.4, 1.79743
FILLER_0_41_617, 294.4, 122.4, 1.79743
FILLER_0_42_18, 13.68, 122.4, 1.79821
FILLER_0_41_53, 34.64, 122.4, 1.79817
FILLER_0_42_77, 34.64, 122.4, 1.79817
FILLER_0_41_105, 47.44, 122.4, 1.79812
FILLER_0_40_133, 73.04, 122.4, 1.798
FILLER_0_41_161, 85.84, 122.4, 1.79794
FILLER_0_40_189, 98.64, 122.4, 1.79789
FILLER_0_41_217, 111.44, 122.4, 1.79783
FILLER_0_40_245, 124.24, 122.4, 1.79777
FILLER_0_41_273, 137.04, 122.4, 1.79771
FILLER_0_40_301, 149.84, 122.4, 1.79766
FILLER_0_41_329, 162.64, 122.4, 1.7976
FILLER_0_41_385, 188.657, 122.4, 1.79751
FILLER_0_40_413, 201.875, 122.4, 1.79747
FILLER_0_41_441, 201.875, 122.4, 1.79747
_222_, 215.093, 122.4, 1.79744
FILLER_0_42_469, 215.093, 122.4, 1.79744
FILLER_0_41_498, 228.311, 122.4, 1.79744
FILLER_0_42_525, 241.528, 122.4, 1.79744
FILLER_0_41_553, 254.746, 122.4, 1.79743
FILLER_0_42_581, 267.964, 122.4, 1.79743
FILLER_0_41_609, 281.182, 122.4, 1.79743
PHY_76, 5.52, 116.96, 1.79817
PHY_78, 5.52, 116.96, 1.79817
input67, 5.52, 116.96, 1.79817
PHY_77, 294.4, 116.96, 1.79722
PHY_79, 294.4, 116.96, 1.79722
input6, 294.4, 116.96, 1.79722
FILLER_0_39_617, 294.4, 116.96, 1.79722
FILLER_0_40_77, 34.64, 116.96, 1.79811
FILLER_0_39_105, 47.44, 116.96, 1.79804
FILLER_0_38_133, 73.04, 116.96, 1.79792
FILLER_0_39_161, 85.84, 116.96, 1.79785
FILLER_0_38_189, 98.64, 116.96, 1.79779
FILLER_0_39_217, 111.44, 116.96, 1.79773
FILLER_0_38_245, 124.24, 116.96, 1.79766
FILLER_0_39_273, 137.04, 116.96, 1.7976
FILLER_0_38_301, 149.84, 116.96, 1.79754
FILLER_0_39_329, 162.64, 116.96, 1.79747
_403_, 188.657, 116.96, 1.79724
clkbuf_3_4__f_clk, 188.657, 116.96, 1.79724
FILLER_0_39_385, 188.657, 116.96, 1.79724
FILLER_0_39_405, 188.657, 116.96, 1.79724
_279_, 201.875, 116.96, 1.79722
_280_, 201.875, 116.96, 1.79722
FILLER_0_39_444, 215.093, 116.96, 1.79722
FILLER_0_40_469, 215.093, 116.96, 1.79722
FILLER_0_39_497, 228.311, 116.96, 1.79722
FILLER_0_40_525, 241.528, 116.96, 1.79722
FILLER_0_39_553, 254.746, 116.96, 1.79722
FILLER_0_40_581, 267.964, 116.96, 1.79722
FILLER_0_39_609, 281.182, 116.96, 1.79722
FILLER_0_40_613, 281.182, 116.96, 1.79722
PHY_72, 5.52, 111.52, 1.79811
PHY_74, 5.52, 111.52, 1.79811
PHY_73, 294.4, 111.52, 1.79733
PHY_75, 294.4, 111.52, 1.79733
FILLER_0_37_617, 294.4, 111.52, 1.79733
FILLER_0_37_51, 34.64, 111.52, 1.79806
FILLER_0_38_77, 34.64, 111.52, 1.79806
FILLER_0_37_105, 47.44, 111.52, 1.79801
FILLER_0_36_133, 73.04, 111.52, 1.7979
FILLER_0_37_161, 85.84, 111.52, 1.79785
FILLER_0_36_189, 98.64, 111.52, 1.79779
FILLER_0_37_217, 111.44, 111.52, 1.79774
FILLER_0_36_245, 124.24, 111.52, 1.79769
FILLER_0_37_273, 137.04, 111.52, 1.79764
FILLER_0_36_301, 149.84, 111.52, 1.79758
FILLER_0_37_329, 162.64, 111.52, 1.79753
FILLER_0_37_385, 188.657, 111.52, 1.79744
FILLER_0_38_404, 188.657, 111.52, 1.79744
FILLER_0_38_412, 188.657, 111.52, 1.79744
FILLER_0_36_413, 201.875, 111.52, 1.7974
FILLER_0_37_441, 201.875, 111.52, 1.7974
_272_, 215.093, 111.52, 1.79736
FILLER_0_38_466, 215.093, 111.52, 1.79736
FILLER_0_38_525, 241.528, 111.52, 1.79735
FILLER_0_37_553, 254.746, 111.52, 1.79734
FILLER_0_38_581, 267.964, 111.52, 1.79733
_285_, 281.182, 111.52, 1.79733
FILLER_0_37_597, 281.182, 111.52, 1.79733
PHY_68, 5.52, 106.08, 1.79803
PHY_70, 5.52, 106.08, 1.79803
input16, 5.52, 106.08, 1.79803
PHY_69, 294.4, 106.08, 1.79714
PHY_71, 294.4, 106.08, 1.79714
input18, 294.4, 106.08, 1.79714
input87, 294.4, 106.08, 1.79714
FILLER_0_35_617, 294.4, 106.08, 1.79714
FILLER_0_36_18, 13.68, 106.08, 1.79803
FILLER_0_35_51, 34.64, 106.08, 1.79798
FILLER_0_36_77, 34.64, 106.08, 1.79798
FILLER_0_35_105, 47.44, 106.08, 1.79792
FILLER_0_34_133, 73.04, 106.08, 1.7978
FILLER_0_35_161, 85.84, 106.08, 1.79774
FILLER_0_34_189, 98.64, 106.08, 1.79768
FILLER_0_35_217, 111.44, 106.08, 1.79762
FILLER_0_34_245, 124.24, 106.08, 1.79756
_304_, 137.04, 106.08, 1.7975
FILLER_0_35_273, 137.04, 106.08, 1.7975
_305_, 149.84, 106.08, 1.79745
_415_, 149.84, 106.08, 1.79745
FILLER_0_35_325, 149.84, 106.08, 1.79745
FILLER_0_35_333, 162.64, 106.08, 1.79743
FILLER_0_35_385, 188.657, 106.08, 1.79739
FILLER_0_34_413, 201.875, 106.08, 1.79735
FILLER_0_35_441, 201.875, 106.08, 1.79735
FILLER_0_36_469, 215.093, 106.08, 1.79732
FILLER_0_35_497, 228.311, 106.08, 1.79729
FILLER_0_36_525, 241.528, 106.08, 1.79725
FILLER_0_35_553, 254.746, 106.08, 1.79722
FILLER_0_36_581, 267.964, 106.08, 1.79718
_286_, 281.182, 106.08, 1.79715
_406_, 281.182, 106.08, 1.79715
FILLER_0_35_597, 281.182, 106.08, 1.79715
FILLER_0_35_605, 281.182, 106.08, 1.79715
FILLER_0_35_611, 281.182, 106.08, 1.79715
FILLER_0_36_601, 281.182, 106.08, 1.79715
PHY_64, 5.52, 100.64, 1.79794
PHY_66, 5.52, 100.64, 1.79794
input31, 5.52, 100.64, 1.79794
PHY_65, 294.4, 100.64, 1.79738
PHY_67, 294.4, 100.64, 1.79738
FILLER_0_33_617, 294.4, 100.64, 1.79738
FILLER_0_34_19, 13.68, 100.64, 1.79795
FILLER_0_33_51, 34.64, 100.64, 1.79786
FILLER_0_34_77, 34.64, 100.64, 1.79786
FILLER_0_33_105, 47.44, 100.64, 1.79777
FILLER_0_32_133, 73.04, 100.64, 1.7976
FILLER_0_33_161, 85.84, 100.64, 1.79751
FILLER_0_32_189, 98.64, 100.64, 1.79742
FILLER_0_33_217, 111.44, 100.64, 1.79733
clkbuf_3_1__f_clk, 124.24, 100.64, 1.79725
FILLER_0_32_245, 124.24, 100.64, 1.79725
FILLER_0_34_265, 124.24, 100.64, 1.79725
_417_, 137.04, 100.64, 1.79725
FILLER_0_33_273, 137.04, 100.64, 1.79725
FILLER_0_33_293, 137.04, 100.64, 1.79725
_308_, 149.84, 100.64, 1.79729
_309_, 149.84, 100.64, 1.79729
FILLER_0_32_301, 149.84, 100.64, 1.79729
FILLER_0_33_331, 162.64, 100.64, 1.79733
FILLER_0_33_385, 188.657, 100.64, 1.79738
FILLER_0_32_413, 201.875, 100.64, 1.79738
FILLER_0_33_441, 201.875, 100.64, 1.79738
FILLER_0_34_469, 215.093, 100.64, 1.79738
FILLER_0_33_497, 228.311, 100.64, 1.79738
FILLER_0_34_525, 241.528, 100.64, 1.79738
FILLER_0_33_553, 254.746, 100.64, 1.79738
FILLER_0_34_581, 267.964, 100.64, 1.79738
FILLER_0_33_609, 281.182, 100.64, 1.79738
PHY_60, 5.52, 95.2, 1.79791
PHY_62, 5.52, 95.2, 1.79791
output105, 5.52, 95.2, 1.79791
PHY_61, 294.4, 95.2, 1.79729
PHY_63, 294.4, 95.2, 1.79729
input78, 294.4, 95.2, 1.79729
FILLER_0_30_616, 294.4, 95.2, 1.79729
FILLER_0_31_617, 294.4, 95.2, 1.79729
FILLER_0_31_53, 34.64, 95.2, 1.79787
FILLER_0_32_77, 34.64, 95.2, 1.79787
FILLER_0_30_79, 47.44, 95.2, 1.79783
FILLER_0_31_105, 47.44, 95.2, 1.79783
FILLER_0_30_133, 73.04, 95.2, 1.79774
FILLER_0_31_161, 85.84, 95.2, 1.7977
FILLER_0_30_189, 98.64, 95.2, 1.79765
FILLER_0_31_217, 111.44, 95.2, 1.79761
FILLER_0_30_245, 124.24, 95.2, 1.79757
FILLER_0_31_273, 137.04, 95.2, 1.79752
FILLER_0_30_301, 149.84, 95.2, 1.79748
FILLER_0_30_309, 149.84, 95.2, 1.79748
FILLER_0_31_329, 162.64, 95.2, 1.79744
FILLER_0_32_354, 162.64, 95.2, 1.79744
FILLER_0_31_385, 188.657, 95.2, 1.79735
_273_, 201.875, 95.2, 1.7973
_274_, 201.875, 95.2, 1.7973
_400_, 201.875, 95.2, 1.7973
FILLER_0_30_413, 201.875, 95.2, 1.7973
FILLER_0_31_417, 201.875, 95.2, 1.7973
FILLER_0_31_444, 215.093, 95.2, 1.7973
FILLER_0_32_469, 215.093, 95.2, 1.7973
FILLER_0_30_473, 228.311, 95.2, 1.7973
FILLER_0_31_497, 228.311, 95.2, 1.7973
FILLER_0_32_525, 241.528, 95.2, 1.7973
FILLER_0_31_553, 254.746, 95.2, 1.79729
FILLER_0_32_581, 267.964, 95.2, 1.79729
_241_, 281.182, 95.2, 1.79729
FILLER_0_31_585, 281.182, 95.2, 1.79729
FILLER_0_31_609, 281.182, 95.2, 1.79729
PHY_56, 5.52, 89.76, 1.79786
PHY_58, 5.52, 89.76, 1.79786
input75, 5.52, 89.76, 1.79786
PHY_57, 294.4, 89.76, 1.79682
PHY_59, 294.4, 89.76, 1.79682
output123, 294.4, 89.76, 1.79682
FILLER_0_30_18, 13.68, 89.76, 1.79786
_211_, 34.64, 89.76, 1.79781
FILLER_0_29_51, 34.64, 89.76, 1.79781
FILLER_0_30_65, 34.64, 89.76, 1.79781
FILLER_0_30_73, 34.64, 89.76, 1.79781
_210_, 47.44, 89.76, 1.79776
FILLER_0_28_133, 73.04, 89.76, 1.79766
FILLER_0_29_161, 85.84, 89.76, 1.79761
FILLER_0_28_189, 98.64, 89.76, 1.79757
FILLER_0_29_217, 111.44, 89.76, 1.79752
FILLER_0_28_245, 124.24, 89.76, 1.79747
_218_, 137.04, 89.76, 1.79742
FILLER_0_29_273, 137.04, 89.76, 1.79742
_185_, 149.84, 89.76, 1.79738
_186_, 149.84, 89.76, 1.79738
FILLER_0_29_310, 149.84, 89.76, 1.79738
FILLER_0_29_331, 162.64, 89.76, 1.79734
FILLER_0_29_385, 188.657, 89.76, 1.79716
FILLER_0_28_413, 201.875, 89.76, 1.79702
FILLER_0_29_441, 201.875, 89.76, 1.79702
clkbuf_3_5__f_clk, 215.093, 89.76, 1.79688
FILLER_0_30_465, 215.093, 89.76, 1.79688
FILLER_0_29_493, 228.311, 89.76, 1.79687
FILLER_0_29_501, 241.528, 89.76, 1.79686
FILLER_0_30_525, 241.528, 89.76, 1.79686
FILLER_0_29_553, 254.746, 89.76, 1.79685
_187_, 267.964, 89.76, 1.79684
_188_, 267.964, 89.76, 1.79684
FILLER_0_28_563, 267.964, 89.76, 1.79684
FILLER_0_30_581, 267.964, 89.76, 1.79684
_242_, 281.182, 89.76, 1.79683
FILLER_0_29_609, 281.182, 89.76, 1.79683
PHY_52, 5.52, 84.32, 1.79781
PHY_54, 5.52, 84.32, 1.79781
input79, 5.52, 84.32, 1.79781
PHY_53, 294.4, 84.32, 1.79736
PHY_55, 294.4, 84.32, 1.79736
input3, 294.4, 84.32, 1.79736
FILLER_0_27_617, 294.4, 84.32, 1.79736
FILLER_0_28_77, 34.64, 84.32, 1.79777
FILLER_0_27_105, 47.44, 84.32, 1.79774
FILLER_0_26_133, 73.04, 84.32, 1.79766
FILLER_0_27_161, 85.84, 84.32, 1.79762
FILLER_0_26_189, 98.64, 84.32, 1.79759
FILLER_0_27_217, 111.44, 84.32, 1.79755
FILLER_0_26_245, 124.24, 84.32, 1.79751
_219_, 137.04, 84.32, 1.79748
FILLER_0_27_273, 137.04, 84.32, 1.79748
FILLER_0_26_301, 149.84, 84.32, 1.79744
FILLER_0_27_329, 162.64, 84.32, 1.79741
FILLER_0_27_385, 188.657, 84.32, 1.79737
FILLER_0_26_413, 201.875, 84.32, 1.79737
FILLER_0_27_441, 201.875, 84.32, 1.79737
FILLER_0_28_469, 215.093, 84.32, 1.79737
FILLER_0_27_497, 228.311, 84.32, 1.79737
FILLER_0_28_525, 241.528, 84.32, 1.79737
FILLER_0_27_553, 254.746, 84.32, 1.79737
FILLER_0_28_581, 267.964, 84.32, 1.79736
FILLER_0_27_609, 281.182, 84.32, 1.79736
PHY_48, 5.52, 78.88, 1.79776
PHY_50, 5.52, 78.88, 1.79776
input34, 5.52, 78.88, 1.79776
PHY_49, 294.4, 78.88, 1.79731
PHY_51, 294.4, 78.88, 1.79731
input45, 294.4, 78.88, 1.79731
FILLER_0_25_617, 294.4, 78.88, 1.79731
FILLER_0_26_77, 34.64, 78.88, 1.79772
FILLER_0_25_105, 47.44, 78.88, 1.79769
FILLER_0_24_133, 73.04, 78.88, 1.79762
FILLER_0_25_161, 85.84, 78.88, 1.79759
FILLER_0_24_189, 98.64, 78.88, 1.79755
FILLER_0_25_217, 111.44, 78.88, 1.79752
FILLER_0_24_245, 124.24, 78.88, 1.79748
FILLER_0_25_273, 137.04, 78.88, 1.79745
FILLER_0_24_301, 149.84, 78.88, 1.79742
FILLER_0_25_329, 162.64, 78.88, 1.79738
FILLER_0_25_385, 188.657, 78.88, 1.79734
FILLER_0_24_413, 201.875, 78.88, 1.79733
FILLER_0_25_441, 201.875, 78.88, 1.79733
_247_, 215.093, 78.88, 1.79732
_248_, 215.093, 78.88, 1.79732
FILLER_0_24_448, 215.093, 78.88, 1.79732
FILLER_0_26_469, 215.093, 78.88, 1.79732
FILLER_0_25_497, 228.311, 78.88, 1.79732
FILLER_0_26_525, 241.528, 78.88, 1.79732
FILLER_0_25_553, 254.746, 78.88, 1.79731
FILLER_0_26_581, 267.964, 78.88, 1.79731
FILLER_0_25_609, 281.182, 78.88, 1.79731
FILLER_0_26_613, 281.182, 78.88, 1.79731
PHY_44, 5.52, 73.44, 1.79771
PHY_46, 5.52, 73.44, 1.79771
PHY_45, 294.4, 73.44, 1.79731
PHY_47, 294.4, 73.44, 1.79731
input94, 294.4, 73.44, 1.79731
FILLER_0_23_617, 294.4, 73.44, 1.79731
FILLER_0_23_51, 34.64, 73.44, 1.79768
FILLER_0_24_77, 34.64, 73.44, 1.79768
FILLER_0_23_105, 47.44, 73.44, 1.79765
FILLER_0_22_133, 73.04, 73.44, 1.79758
FILLER_0_23_161, 85.84, 73.44, 1.79755
FILLER_0_22_189, 98.64, 73.44, 1.79752
FILLER_0_23_217, 111.44, 73.44, 1.79749
FILLER_0_22_245, 124.24, 73.44, 1.79746
FILLER_0_23_273, 137.04, 73.44, 1.79742
FILLER_0_22_301, 149.84, 73.44, 1.79739
FILLER_0_23_329, 162.64, 73.44, 1.79736
FILLER_0_23_385, 188.657, 73.44, 1.79733
FILLER_0_22_413, 201.875, 73.44, 1.79732
FILLER_0_23_441, 201.875, 73.44, 1.79732
FILLER_0_24_433, 201.875, 73.44, 1.79732
FILLER_0_24_441, 201.875, 73.44, 1.79732
FILLER_0_24_468, 215.093, 73.44, 1.79732
FILLER_0_23_497, 228.311, 73.44, 1.79732
FILLER_0_24_525, 241.528, 73.44, 1.79732
FILLER_0_23_553, 254.746, 73.44, 1.79732
FILLER_0_24_581, 267.964, 73.44, 1.79731
FILLER_0_23_609, 281.182, 73.44, 1.79731
PHY_40, 5.52, 68, 1.79761
PHY_42, 5.52, 68, 1.79761
output201, 5.52, 68, 1.79761
PHY_41, 294.4, 68, 1.79722
PHY_43, 294.4, 68, 1.79722
input72, 294.4, 68, 1.79722
FILLER_0_21_617, 294.4, 68, 1.79722
FILLER_0_22_21, 13.68, 68, 1.79762
FILLER_0_21_51, 34.64, 68, 1.79761
FILLER_0_22_77, 34.64, 68, 1.79761
FILLER_0_21_105, 47.44, 68, 1.79758
FILLER_0_20_133, 73.04, 68, 1.79752
FILLER_0_21_161, 85.84, 68, 1.79749
FILLER_0_20_189, 98.64, 68, 1.79746
FILLER_0_21_217, 111.44, 68, 1.79743
FILLER_0_20_245, 124.24, 68, 1.7974
FILLER_0_21_273, 137.04, 68, 1.79737
FILLER_0_20_301, 149.84, 68, 1.79734
FILLER_0_21_329, 162.64, 68, 1.79731
FILLER_0_21_385, 188.657, 68, 1.79726
_432_, 201.875, 68, 1.79723
FILLER_0_20_413, 201.875, 68, 1.79723
FILLER_0_21_417, 201.875, 68, 1.79723
FILLER_0_22_469, 215.093, 68, 1.79723
FILLER_0_20_471, 228.311, 68, 1.79723
FILLER_0_21_497, 228.311, 68, 1.79723
FILLER_0_22_525, 241.528, 68, 1.79723
FILLER_0_21_553, 254.746, 68, 1.79723
FILLER_0_22_581, 267.964, 68, 1.79722
FILLER_0_21_609, 281.182, 68, 1.79722
FILLER_0_22_613, 281.182, 68, 1.79722
PHY_36, 5.52, 62.56, 1.79757
PHY_38, 5.52, 62.56, 1.79757
input83, 5.52, 62.56, 1.79757
input96, 5.52, 62.56, 1.79757
PHY_37, 294.4, 62.56, 1.7972
PHY_39, 294.4, 62.56, 1.7972
FILLER_0_19_617, 294.4, 62.56, 1.7972
FILLER_0_20_19, 13.68, 62.56, 1.79757
FILLER_0_20_77, 34.64, 62.56, 1.7975
FILLER_0_19_105, 47.44, 62.56, 1.79743
FILLER_0_18_133, 73.04, 62.56, 1.79728
FILLER_0_19_161, 85.84, 62.56, 1.7972
FILLER_0_18_189, 98.64, 62.56, 1.79713
clkbuf_3_0__f_clk, 111.44, 62.56, 1.79705
FILLER_0_19_217, 111.44, 62.56, 1.79705
FILLER_0_19_237, 111.44, 62.56, 1.79705
FILLER_0_18_245, 124.24, 62.56, 1.79709
FILLER_0_19_274, 137.04, 62.56, 1.79712
FILLER_0_18_301, 149.84, 62.56, 1.79716
FILLER_0_19_329, 162.64, 62.56, 1.79719
FILLER_0_19_385, 188.657, 62.56, 1.79721
_340_, 201.875, 62.56, 1.7972
_341_, 201.875, 62.56, 1.7972
FILLER_0_18_413, 201.875, 62.56, 1.7972
FILLER_0_19_441, 201.875, 62.56, 1.7972
FILLER_0_19_497, 228.311, 62.56, 1.7972
FILLER_0_20_525, 241.528, 62.56, 1.7972
FILLER_0_19_553, 254.746, 62.56, 1.7972
FILLER_0_20_581, 267.964, 62.56, 1.7972
FILLER_0_19_609, 281.182, 62.56, 1.7972
FILLER_0_20_613, 281.182, 62.56, 1.7972
PHY_32, 5.52, 57.12, 1.79757
PHY_34, 5.52, 57.12, 1.79757
PHY_33, 294.4, 57.12, 1.79703
PHY_35, 294.4, 57.12, 1.79703
output188, 294.4, 57.12, 1.79703
FILLER_0_17_617, 294.4, 57.12, 1.79703
FILLER_0_17_51, 34.64, 57.12, 1.79754
FILLER_0_18_77, 34.64, 57.12, 1.79754
FILLER_0_17_105, 47.44, 57.12, 1.79751
FILLER_0_16_133, 73.04, 57.12, 1.79746
FILLER_0_17_161, 85.84, 57.12, 1.79743
FILLER_0_16_189, 98.64, 57.12, 1.7974
FILLER_0_17_217, 111.44, 57.12, 1.79738
FILLER_0_16_245, 124.24, 57.12, 1.79735
FILLER_0_17_273, 137.04, 57.12, 1.79732
FILLER_0_16_301, 149.84, 57.12, 1.7973
FILLER_0_17_329, 162.64, 57.12, 1.79727
FILLER_0_17_385, 188.657, 57.12, 1.79722
FILLER_0_16_413, 201.875, 57.12, 1.79719
FILLER_0_17_441, 201.875, 57.12, 1.79719
FILLER_0_18_469, 215.093, 57.12, 1.79717
FILLER_0_17_497, 228.311, 57.12, 1.79715
FILLER_0_18_525, 241.528, 57.12, 1.79712
FILLER_0_17_553, 254.746, 57.12, 1.7971
FILLER_0_18_581, 267.964, 57.12, 1.79708
FILLER_0_17_609, 281.182, 57.12, 1.79705
PHY_28, 5.52, 51.68, 1.79747
PHY_30, 5.52, 51.68, 1.79747
output193, 5.52, 51.68, 1.79747
PHY_29, 294.4, 51.68, 1.79721
PHY_31, 294.4, 51.68, 1.79721
input48, 294.4, 51.68, 1.79721
FILLER_0_15_617, 294.4, 51.68, 1.79721
FILLER_0_16_21, 13.68, 51.68, 1.79749
FILLER_0_15_51, 34.64, 51.68, 1.79749
FILLER_0_16_77, 34.64, 51.68, 1.79749
FILLER_0_15_105, 47.44, 51.68, 1.79746
FILLER_0_14_133, 73.04, 51.68, 1.79742
FILLER_0_15_161, 85.84, 51.68, 1.79739
FILLER_0_14_189, 98.64, 51.68, 1.79737
FILLER_0_15_217, 111.44, 51.68, 1.79735
FILLER_0_14_245, 124.24, 51.68, 1.79732
FILLER_0_15_273, 137.04, 51.68, 1.7973
FILLER_0_14_301, 149.84, 51.68, 1.79728
FILLER_0_15_329, 162.64, 51.68, 1.79726
FILLER_0_15_385, 188.657, 51.68, 1.79723
FILLER_0_14_413, 201.875, 51.68, 1.79723
FILLER_0_15_441, 201.875, 51.68, 1.79723
FILLER_0_16_469, 215.093, 51.68, 1.79723
FILLER_0_15_497, 228.311, 51.68, 1.79722
FILLER_0_16_525, 241.528, 51.68, 1.79722
FILLER_0_15_553, 254.746, 51.68, 1.79722
FILLER_0_16_581, 267.964, 51.68, 1.79722
FILLER_0_15_609, 281.182, 51.68, 1.79721
PHY_24, 5.52, 46.24, 1.79746
PHY_26, 5.52, 46.24, 1.79746
output125, 5.52, 46.24, 1.79746
PHY_25, 294.4, 46.24, 1.79698
PHY_27, 294.4, 46.24, 1.79698
output139, 294.4, 46.24, 1.79698
FILLER_0_13_617, 294.4, 46.24, 1.79698
FILLER_0_14_21, 13.68, 46.24, 1.79746
_454_, 34.64, 46.24, 1.79742
FILLER_0_13_51, 34.64, 46.24, 1.79742
FILLER_0_14_77, 34.64, 46.24, 1.79742
FILLER_0_12_81, 47.44, 46.24, 1.7974
FILLER_0_13_105, 47.44, 46.24, 1.7974
FILLER_0_12_133, 73.04, 46.24, 1.79736
FILLER_0_13_161, 85.84, 46.24, 1.79734
FILLER_0_12_189, 98.64, 46.24, 1.79732
FILLER_0_13_217, 111.44, 46.24, 1.7973
FILLER_0_12_245, 124.24, 46.24, 1.79727
FILLER_0_13_273, 137.04, 46.24, 1.79725
FILLER_0_12_301, 149.84, 46.24, 1.79723
FILLER_0_13_329, 162.64, 46.24, 1.79721
FILLER_0_13_385, 188.657, 46.24, 1.79717
FILLER_0_12_413, 201.875, 46.24, 1.79714
FILLER_0_13_441, 201.875, 46.24, 1.79714
FILLER_0_14_469, 215.093, 46.24, 1.79712
FILLER_0_13_497, 228.311, 46.24, 1.7971
FILLER_0_14_525, 241.528, 46.24, 1.79707
FILLER_0_13_553, 254.746, 46.24, 1.79705
FILLER_0_14_581, 267.964, 46.24, 1.79703
FILLER_0_13_609, 281.182, 46.24, 1.797
PHY_20, 5.52, 40.8, 1.79739
PHY_22, 5.52, 40.8, 1.79739
output147, 5.52, 40.8, 1.79739
PHY_21, 294.4, 40.8, 1.79692
PHY_23, 294.4, 40.8, 1.79692
output154, 294.4, 40.8, 1.79692
_385_, 34.64, 40.8, 1.79739
_386_, 34.64, 40.8, 1.79739
FILLER_0_11_53, 34.64, 40.8, 1.79739
FILLER_0_11_109, 60.24, 40.8, 1.79735
FILLER_0_10_133, 73.04, 40.8, 1.79733
FILLER_0_11_161, 85.84, 40.8, 1.79731
FILLER_0_10_189, 98.64, 40.8, 1.79729
FILLER_0_11_217, 111.44, 40.8, 1.79727
FILLER_0_10_245, 124.24, 40.8, 1.79725
FILLER_0_11_273, 137.04, 40.8, 1.79723
FILLER_0_10_301, 149.84, 40.8, 1.79721
FILLER_0_11_329, 162.64, 40.8, 1.79719
FILLER_0_11_385, 188.657, 40.8, 1.79714
FILLER_0_10_413, 201.875, 40.8, 1.79711
FILLER_0_11_441, 201.875, 40.8, 1.79711
FILLER_0_12_469, 215.093, 40.8, 1.79709
FILLER_0_11_497, 228.311, 40.8, 1.79706
FILLER_0_12_525, 241.528, 40.8, 1.79703
FILLER_0_11_553, 254.746, 40.8, 1.797
FILLER_0_12_581, 267.964, 40.8, 1.79698
FILLER_0_11_609, 281.182, 40.8, 1.79695
PHY_16, 5.52, 35.36, 1.79741
PHY_18, 5.52, 35.36, 1.79741
input50, 5.52, 35.36, 1.79741
PHY_17, 294.4, 35.36, 1.7969
PHY_19, 294.4, 35.36, 1.7969
output140, 294.4, 35.36, 1.7969
FILLER_0_10_77, 34.64, 35.36, 1.79739
FILLER_0_9_105, 47.44, 35.36, 1.79737
FILLER_0_8_133, 73.04, 35.36, 1.79732
FILLER_0_9_161, 85.84, 35.36, 1.7973
FILLER_0_8_189, 98.64, 35.36, 1.79728
FILLER_0_9_217, 111.44, 35.36, 1.79726
FILLER_0_8_245, 124.24, 35.36, 1.79723
FILLER_0_9_273, 137.04, 35.36, 1.79721
FILLER_0_8_301, 149.84, 35.36, 1.79719
FILLER_0_9_329, 162.64, 35.36, 1.79717
FILLER_0_9_385, 188.657, 35.36, 1.79712
FILLER_0_8_413, 201.875, 35.36, 1.79709
FILLER_0_9_441, 201.875, 35.36, 1.79709
FILLER_0_10_469, 215.093, 35.36, 1.79706
FILLER_0_9_497, 228.311, 35.36, 1.79704
FILLER_0_10_525, 241.528, 35.36, 1.79701
FILLER_0_9_553, 254.746, 35.36, 1.79698
FILLER_0_10_581, 267.964, 35.36, 1.79695
FILLER_0_9_609, 281.182, 35.36, 1.79693
PHY_12, 5.52, 29.92, 1.79738
PHY_14, 5.52, 29.92, 1.79738
input80, 5.52, 29.92, 1.79738
PHY_13, 294.4, 29.92, 1.79703
PHY_15, 294.4, 29.92, 1.79703
input89, 294.4, 29.92, 1.79703
FILLER_0_7_617, 294.4, 29.92, 1.79703
FILLER_0_8_77, 34.64, 29.92, 1.79735
FILLER_0_7_105, 47.44, 29.92, 1.79733
FILLER_0_6_133, 73.04, 29.92, 1.79728
_227_, 85.84, 29.92, 1.79726
FILLER_0_7_161, 85.84, 29.92, 1.79726
FILLER_0_7_217, 111.44, 29.92, 1.79721
FILLER_0_6_245, 124.24, 29.92, 1.79719
_374_, 137.04, 29.92, 1.79717
FILLER_0_6_277, 137.04, 29.92, 1.79717
FILLER_0_7_273, 137.04, 29.92, 1.79717
FILLER_0_7_329, 162.64, 29.92, 1.79713
_288_, 188.657, 29.92, 1.79707
FILLER_0_7_385, 188.657, 29.92, 1.79707
FILLER_0_7_405, 188.657, 29.92, 1.79707
_287_, 201.875, 29.92, 1.79703
_407_, 201.875, 29.92, 1.79703
FILLER_0_6_413, 201.875, 29.92, 1.79703
FILLER_0_7_445, 215.093, 29.92, 1.79703
FILLER_0_8_469, 215.093, 29.92, 1.79703
FILLER_0_7_497, 228.311, 29.92, 1.79703
FILLER_0_8_525, 241.528, 29.92, 1.79703
FILLER_0_7_553, 254.746, 29.92, 1.79703
FILLER_0_8_581, 267.964, 29.92, 1.79703
FILLER_0_7_609, 281.182, 29.92, 1.79703
PHY_8, 5.52, 24.48, 1.79734
PHY_10, 5.52, 24.48, 1.79734
input88, 5.52, 24.48, 1.79734
PHY_9, 294.4, 24.48, 1.79685
PHY_11, 294.4, 24.48, 1.79685
output142, 294.4, 24.48, 1.79685
FILLER_0_5_617, 294.4, 24.48, 1.79685
FILLER_0_6_77, 34.64, 24.48, 1.79731
FILLER_0_5_105, 47.44, 24.48, 1.79727
FILLER_0_4_133, 73.04, 24.48, 1.7972
_228_, 85.84, 24.48, 1.79717
FILLER_0_5_161, 85.84, 24.48, 1.79717
FILLER_0_5_169, 85.84, 24.48, 1.79717
FILLER_0_4_189, 98.64, 24.48, 1.79714
FILLER_0_5_215, 98.64, 24.48, 1.79714
FILLER_0_4_245, 124.24, 24.48, 1.79707
_373_, 137.04, 24.48, 1.79704
_448_, 137.04, 24.48, 1.79704
hold8, 137.04, 24.48, 1.79704
FILLER_0_5_273, 137.04, 24.48, 1.79704
FILLER_0_5_281, 137.04, 24.48, 1.79704
_239_, 149.84, 24.48, 1.79704
_266_, 149.84, 24.48, 1.79704
FILLER_0_5_331, 162.64, 24.48, 1.79706
FILLER_0_5_385, 188.657, 24.48, 1.79704
_284_, 201.875, 24.48, 1.79701
FILLER_0_5_441, 201.875, 24.48, 1.79701
FILLER_0_6_466, 215.093, 24.48, 1.79699
FILLER_0_5_497, 228.311, 24.48, 1.79696
FILLER_0_6_525, 241.528, 24.48, 1.79694
FILLER_0_5_553, 254.746, 24.48, 1.79692
FILLER_0_6_581, 267.964, 24.48, 1.79689
FILLER_0_5_609, 281.182, 24.48, 1.79687
FILLER_0_6_613, 281.182, 24.48, 1.79687
PHY_4, 5.52, 19.04, 1.7973
PHY_6, 5.52, 19.04, 1.7973
PHY_5, 294.4, 19.04, 1.79664
PHY_7, 294.4, 19.04, 1.79664
output158, 294.4, 19.04, 1.79664
FILLER_0_3_617, 294.4, 19.04, 1.79664
_457_, 13.68, 19.04, 1.7973
FILLER_0_2_9, 13.68, 19.04, 1.7973
FILLER_0_3_51, 34.64, 19.04, 1.79723
FILLER_0_4_77, 34.64, 19.04, 1.79723
FILLER_0_3_105, 47.44, 19.04, 1.79717
FILLER_0_2_133, 73.04, 19.04, 1.79704
_453_, 85.84, 19.04, 1.79697
FILLER_0_3_161, 85.84, 19.04, 1.79697
FILLER_0_2_221, 111.44, 19.04, 1.79689
FILLER_0_2_229, 111.44, 19.04, 1.79689
FILLER_0_3_217, 111.44, 19.04, 1.79689
_223_, 137.04, 19.04, 1.79681
_270_, 137.04, 19.04, 1.79681
_399_, 137.04, 19.04, 1.79681
FILLER_0_2_277, 137.04, 19.04, 1.79681
FILLER_0_3_273, 137.04, 19.04, 1.79681
FILLER_0_3_281, 137.04, 19.04, 1.79681
_224_, 149.84, 19.04, 1.79681
_240_, 149.84, 19.04, 1.79681
_265_, 149.84, 19.04, 1.79681
_366_, 149.84, 19.04, 1.79681
_444_, 149.84, 19.04, 1.79681
hold10, 149.84, 19.04, 1.79681
FILLER_0_3_330, 162.64, 19.04, 1.79688
_327_, 188.657, 19.04, 1.79684
_405_, 188.657, 19.04, 1.79684
_423_, 188.657, 19.04, 1.79684
FILLER_0_3_385, 188.657, 19.04, 1.79684
FILLER_0_3_402, 188.657, 19.04, 1.79684
_283_, 201.875, 19.04, 1.7968
FILLER_0_3_441, 201.875, 19.04, 1.7968
FILLER_0_4_469, 215.093, 19.04, 1.79678
FILLER_0_3_497, 228.311, 19.04, 1.79676
FILLER_0_4_525, 241.528, 19.04, 1.79673
FILLER_0_3_553, 254.746, 19.04, 1.79671
FILLER_0_4_581, 267.964, 19.04, 1.79669
FILLER_0_3_609, 281.182, 19.04, 1.79666
FILLER_0_4_613, 281.182, 19.04, 1.79666
PHY_0, 5.52, 13.6, 1.79692
PHY_2, 5.52, 13.6, 1.79692
input81, 5.52, 13.6, 1.79692
output138, 5.52, 13.6, 1.79692
output141, 5.52, 13.6, 1.79692
output176, 5.52, 13.6, 1.79692
PHY_1, 294.4, 13.6, 1.79539
PHY_3, 294.4, 13.6, 1.79539
output165, 294.4, 13.6, 1.79539
output171, 294.4, 13.6, 1.79539
output163, 13.68, 13.6, 1.79698
output168, 13.68, 13.6, 1.79698
output183, 13.68, 13.6, 1.79698
FILLER_0_0_19, 13.68, 13.6, 1.79698
input77, 34.64, 13.6, 1.79688
input92, 34.64, 13.6, 1.79688
output112, 34.64, 13.6, 1.79688
FILLER_0_0_62, 34.64, 13.6, 1.79688
FILLER_0_0_70, 34.64, 13.6, 1.79688
FILLER_0_0_76, 34.64, 13.6, 1.79688
FILLER_0_1_53, 34.64, 13.6, 1.79688
FILLER_0_2_77, 34.64, 13.6, 1.79688
input57, 47.44, 13.6, 1.79671
input71, 47.44, 13.6, 1.79671
FILLER_0_0_90, 47.44, 13.6, 1.79671
FILLER_0_0_98, 47.44, 13.6, 1.79671
FILLER_0_0_104, 47.44, 13.6, 1.79671
FILLER_0_1_105, 47.44, 13.6, 1.79671
output182, 60.24, 13.6, 1.79654
output191, 60.24, 13.6, 1.79654
FILLER_0_0_126, 60.24, 13.6, 1.79654
input86, 73.04, 13.6, 1.79642
output162, 73.04, 13.6, 1.79642
FILLER_0_0_141, 73.04, 13.6, 1.79642
FILLER_0_0_153, 73.04, 13.6, 1.79642
_383_, 85.84, 13.6, 1.79633
_384_, 85.84, 13.6, 1.79633
input25, 85.84, 13.6, 1.79633
output114, 85.84, 13.6, 1.79633
output156, 85.84, 13.6, 1.79633
FILLER_0_0_161, 85.84, 13.6, 1.79633
FILLER_0_0_169, 85.84, 13.6, 1.79633
FILLER_0_0_182, 85.84, 13.6, 1.79633
FILLER_0_1_161, 85.84, 13.6, 1.79633
FILLER_0_1_169, 85.84, 13.6, 1.79633
input28, 98.64, 13.6, 1.79628
input55, 98.64, 13.6, 1.79628
FILLER_0_0_191, 98.64, 13.6, 1.79628
FILLER_0_0_202, 98.64, 13.6, 1.79628
FILLER_0_0_210, 98.64, 13.6, 1.79628
FILLER_0_0_216, 98.64, 13.6, 1.79628
FILLER_0_1_213, 98.64, 13.6, 1.79628
_367_, 111.44, 13.6, 1.79623
_368_, 111.44, 13.6, 1.79623
_445_, 111.44, 13.6, 1.79623
output151, 111.44, 13.6, 1.79623
output192, 111.44, 13.6, 1.79623
FILLER_0_0_231, 111.44, 13.6, 1.79623
FILLER_0_1_221, 111.44, 13.6, 1.79623
input47, 124.24, 13.6, 1.79628
input93, 124.24, 13.6, 1.79628
FILLER_0_0_245, 124.24, 13.6, 1.79628
FILLER_0_0_253, 124.24, 13.6, 1.79628
FILLER_0_0_265, 124.24, 13.6, 1.79628
_269_, 137.04, 13.6, 1.79633
input26, 137.04, 13.6, 1.79633
input73, 137.04, 13.6, 1.79633
FILLER_0_0_273, 137.04, 13.6, 1.79633
FILLER_0_0_281, 137.04, 13.6, 1.79633
FILLER_0_0_293, 137.04, 13.6, 1.79633
FILLER_0_1_276, 137.04, 13.6, 1.79633
_365_, 149.84, 13.6, 1.79639
_397_, 149.84, 13.6, 1.79639
input51, 149.84, 13.6, 1.79639
output108, 149.84, 13.6, 1.79639
output186, 149.84, 13.6, 1.79639
FILLER_0_0_317, 149.84, 13.6, 1.79639
input7, 162.64, 13.6, 1.79652
output161, 162.64, 13.6, 1.79652
FILLER_0_0_328, 162.64, 13.6, 1.79652
FILLER_0_0_342, 162.64, 13.6, 1.79652
FILLER_0_0_350, 162.64, 13.6, 1.79652
FILLER_0_1_331, 162.64, 13.6, 1.79652
_321_, 188.657, 13.6, 1.79641
_322_, 188.657, 13.6, 1.79641
_328_, 188.657, 13.6, 1.79641
input30, 188.657, 13.6, 1.79641
input49, 188.657, 13.6, 1.79641
FILLER_0_0_393, 188.657, 13.6, 1.79641
output109, 201.875, 13.6, 1.79617
output144, 201.875, 13.6, 1.79617
output200, 201.875, 13.6, 1.79617
FILLER_0_0_417, 201.875, 13.6, 1.79617
FILLER_0_0_427, 201.875, 13.6, 1.79617
FILLER_0_1_438, 201.875, 13.6, 1.79617
input64, 215.093, 13.6, 1.79599
output177, 215.093, 13.6, 1.79599
FILLER_0_0_442, 215.093, 13.6, 1.79599
FILLER_0_0_455, 215.093, 13.6, 1.79599
FILLER_0_0_468, 215.093, 13.6, 1.79599
FILLER_0_2_466, 215.093, 13.6, 1.79599
output111, 228.311, 13.6, 1.79584
output164, 228.311, 13.6, 1.79584
FILLER_0_0_485, 228.311, 13.6, 1.79584
FILLER_0_1_497, 228.311, 13.6, 1.79584
input15, 241.528, 13.6, 1.79573
output119, 241.528, 13.6, 1.79573
FILLER_0_0_499, 241.528, 13.6, 1.79573
FILLER_0_0_511, 241.528, 13.6, 1.79573
FILLER_0_0_518, 241.528, 13.6, 1.79573
FILLER_0_2_525, 241.528, 13.6, 1.79573
input46, 254.746, 13.6, 1.79562
input66, 254.746, 13.6, 1.79562
FILLER_0_0_533, 254.746, 13.6, 1.79562
FILLER_0_1_553, 254.746, 13.6, 1.79562
input10, 267.964, 13.6, 1.79551
input91, 267.964, 13.6, 1.79551
output149, 267.964, 13.6, 1.79551
FILLER_0_0_570, 267.964, 13.6, 1.79551
FILLER_0_0_581, 267.964, 13.6, 1.79551
FILLER_0_2_581, 267.964, 13.6, 1.79551
input5, 281.182, 13.6, 1.79544
input56, 281.182, 13.6, 1.79544
input97, 281.182, 13.6, 1.79544
output120, 281.182, 13.6, 1.79544
output121, 281.182, 13.6, 1.79544
FILLER_0_0_595, 281.182, 13.6, 1.79544
FILLER_0_1_609, 281.182, 13.6, 1.79544
FILLER_0_2_613, 281.182, 13.6, 1.79544

