Instance name,  X location,  Y location,  Voltage 
input76, 178.74, 288.32, 0.00221438
FILLER_0_101_365, 178.74, 288.32, 0.00221438
input13, 178.74, 282.88, 0.00218347
FILLER_0_101_377, 178.74, 282.88, 0.00218347
FILLER_0_101_385, 178.74, 282.88, 0.00218347
_332_, 178.74, 277.44, 0.00211937
_412_, 178.74, 277.44, 0.00211937
_428_, 178.74, 277.44, 0.00211937
FILLER_0_98_377, 178.74, 277.44, 0.00211937
FILLER_0_99_388, 178.74, 277.44, 0.00211937
_298_, 178.74, 272, 0.00199421
_299_, 178.74, 272, 0.00199421
hold5, 178.74, 272, 0.00199421
FILLER_0_96_365, 178.74, 272, 0.00199421
FILLER_0_97_388, 178.74, 272, 0.00199421
FILLER_0_95_385, 178.74, 266.56, 0.00194413
FILLER_0_93_385, 178.74, 261.12, 0.00192806
FILLER_0_91_385, 178.74, 255.68, 0.00190437
FILLER_0_89_385, 178.74, 250.24, 0.00188369
FILLER_0_87_385, 178.74, 244.8, 0.00187116
FILLER_0_85_385, 178.74, 239.36, 0.00185688
clkbuf_3_6__f_clk, 178.74, 233.92, 0.00191854
FILLER_0_82_377, 178.74, 233.92, 0.00191854
FILLER_0_83_385, 178.74, 233.92, 0.00191854
FILLER_0_81_385, 178.74, 228.48, 0.00182765
FILLER_0_79_385, 178.74, 223.04, 0.00191162
FILLER_0_77_385, 178.74, 217.6, 0.00182161
FILLER_0_75_385, 178.74, 212.16, 0.00179697
FILLER_0_73_385, 178.74, 206.72, 0.001819
FILLER_0_71_383, 178.74, 201.28, 0.00178975
FILLER_0_69_385, 178.74, 195.84, 0.00183198
FILLER_0_67_385, 178.74, 190.4, 0.00175466
FILLER_0_65_385, 178.74, 184.96, 0.00172321
FILLER_0_63_385, 178.74, 179.52, 0.0018148
FILLER_0_61_385, 178.74, 174.08, 0.00187551
FILLER_0_59_385, 178.74, 168.64, 0.00199354
FILLER_0_57_385, 178.74, 163.2, 0.00208676
_317_, 178.74, 157.76, 0.00238432
_344_, 178.74, 157.76, 0.00238432
FILLER_0_53_374, 178.74, 157.76, 0.00238432
FILLER_0_55_385, 178.74, 157.76, 0.00238432
_326_, 178.74, 152.32, 0.00250604
_329_, 178.74, 152.32, 0.00250604
_345_, 178.74, 152.32, 0.00250604
_424_, 178.74, 152.32, 0.00250604
_427_, 178.74, 152.32, 0.00250604
_434_, 178.74, 152.32, 0.00250604
_330_, 178.74, 146.88, 0.00280102
_425_, 178.74, 146.88, 0.00280102
_323_, 178.74, 141.44, 0.00256073
_324_, 178.74, 141.44, 0.00256073
FILLER_0_49_385, 178.74, 141.44, 0.00256073
FILLER_0_47_385, 178.74, 136, 0.00260743
FILLER_0_45_385, 178.74, 130.56, 0.00247597
FILLER_0_43_385, 178.74, 125.12, 0.00247304
FILLER_0_41_385, 178.74, 119.68, 0.00253214
clkbuf_3_4__f_clk, 178.74, 114.24, 0.00266506
FILLER_0_38_377, 178.74, 114.24, 0.00266506
FILLER_0_39_385, 178.74, 114.24, 0.00266506
FILLER_0_37_385, 178.74, 108.8, 0.00262271
FILLER_0_35_385, 178.74, 103.36, 0.00267555
FILLER_0_33_385, 178.74, 97.92, 0.00265904
FILLER_0_31_385, 178.74, 92.48, 0.00277518
FILLER_0_29_385, 178.74, 87.04, 0.00267754
FILLER_0_27_385, 178.74, 81.6, 0.00269686
FILLER_0_25_385, 178.74, 76.16, 0.00272562
FILLER_0_23_385, 178.74, 70.72, 0.00276511
FILLER_0_21_385, 178.74, 65.28, 0.00277697
FILLER_0_19_385, 178.74, 59.84, 0.00285883
FILLER_0_17_385, 178.74, 54.4, 0.0028167
FILLER_0_15_385, 178.74, 48.96, 0.00285749
FILLER_0_13_385, 178.74, 43.52, 0.00288306
FILLER_0_11_385, 178.74, 38.08, 0.00290477
FILLER_0_9_385, 178.74, 32.64, 0.00290624
FILLER_0_7_385, 178.74, 27.2, 0.00298531
FILLER_0_5_385, 178.74, 21.76, 0.00301374
_426_, 178.74, 16.32, 0.00318914
FILLER_0_1_373, 178.74, 16.32, 0.00318914
FILLER_0_3_385, 178.74, 16.32, 0.00318914
_322_, 178.74, 10.88, 0.0033369
_328_, 178.74, 10.88, 0.0033369
input49, 178.74, 10.88, 0.0033369
output175, 178.74, 10.88, 0.0033369
output195, 178.74, 10.88, 0.0033369
FILLER_0_0_371, 178.74, 10.88, 0.0033369
FILLER_0_0_380, 178.74, 10.88, 0.0033369
FILLER_0_1_381, 178.74, 10.88, 0.0033369
FILLER_0_101_37, 25.14, 288.32, 0.00155018
output179, 25.14, 282.88, 0.00160541
FILLER_0_101_51, 25.14, 282.88, 0.00160541
FILLER_0_99_45, 25.14, 277.44, 0.0015018
FILLER_0_99_53, 25.14, 277.44, 0.0015018
FILLER_0_97_45, 25.14, 272, 0.00146661
FILLER_0_97_53, 25.14, 272, 0.00146661
FILLER_0_93_51, 25.14, 261.12, 0.00139996
FILLER_0_91_51, 25.14, 255.68, 0.00135432
FILLER_0_89_51, 25.14, 250.24, 0.00131663
FILLER_0_87_45, 25.14, 244.8, 0.00132035
FILLER_0_87_53, 25.14, 244.8, 0.00132035
FILLER_0_85_51, 25.14, 239.36, 0.00124714
FILLER_0_83_51, 25.14, 233.92, 0.0012055
FILLER_0_81_45, 25.14, 228.48, 0.00117907
FILLER_0_81_53, 25.14, 228.48, 0.00117907
FILLER_0_79_51, 25.14, 223.04, 0.00113712
FILLER_0_73_49, 25.14, 206.72, 0.000964841
FILLER_0_71_51, 25.14, 201.28, 0.000879957
FILLER_0_69_51, 25.14, 195.84, 0.000896493
FILLER_0_67_45, 25.14, 190.4, 0.000748728
FILLER_0_67_53, 25.14, 190.4, 0.000748728
FILLER_0_65_45, 25.14, 184.96, 0.000666407
FILLER_0_65_53, 25.14, 184.96, 0.000666407
FILLER_0_63_51, 25.14, 179.52, 0.000788599
FILLER_0_61_45, 25.14, 174.08, 0.000896532
FILLER_0_61_53, 25.14, 174.08, 0.000896532
FILLER_0_59_45, 25.14, 168.64, 0.00103482
FILLER_0_59_53, 25.14, 168.64, 0.00103482
FILLER_0_57_51, 25.14, 163.2, 0.00114111
FILLER_0_55_51, 25.14, 157.76, 0.00131041
FILLER_0_53_47, 25.14, 152.32, 0.00144911
FILLER_0_51_52, 25.14, 146.88, 0.00158722
FILLER_0_46_53, 25.14, 136, 0.00167272
FILLER_0_47_52, 25.14, 136, 0.00167272
FILLER_0_44_53, 25.14, 130.56, 0.00171809
FILLER_0_43_51, 25.14, 125.12, 0.00179049
FILLER_0_41_45, 25.14, 119.68, 0.00188437
FILLER_0_41_53, 25.14, 119.68, 0.00188437
FILLER_0_37_51, 25.14, 108.8, 0.00200586
FILLER_0_35_51, 25.14, 103.36, 0.00210157
FILLER_0_33_51, 25.14, 97.92, 0.00213369
FILLER_0_31_45, 25.14, 92.48, 0.00219755
FILLER_0_31_53, 25.14, 92.48, 0.00219755
FILLER_0_29_51, 25.14, 87.04, 0.00223893
FILLER_0_27_49, 25.14, 81.6, 0.00229211
FILLER_0_23_51, 25.14, 70.72, 0.00241246
FILLER_0_21_51, 25.14, 65.28, 0.00244163
FILLER_0_17_51, 25.14, 54.4, 0.00254774
FILLER_0_15_51, 25.14, 48.96, 0.0025748
_454_, 25.14, 43.52, 0.0026351
FILLER_0_12_41, 25.14, 43.52, 0.0026351
FILLER_0_12_49, 25.14, 43.52, 0.0026351
FILLER_0_13_51, 25.14, 43.52, 0.0026351
FILLER_0_11_45, 25.14, 38.08, 0.00266552
FILLER_0_11_53, 25.14, 38.08, 0.00266552
FILLER_0_3_51, 25.14, 16.32, 0.00282255
output112, 25.14, 10.88, 0.00297985
output152, 25.14, 10.88, 0.00297985
FILLER_0_0_42, 25.14, 10.88, 0.00297985
FILLER_0_1_53, 25.14, 10.88, 0.00297985
PHY_202, 5.52, 288.32, 0.00155115
PHY_203, 294.4, 288.32, 0.00312553
output170, 294.4, 288.32, 0.00312553
input65, 15.33, 288.32, 0.00155115
FILLER_0_101_20, 15.33, 288.32, 0.00155115
input60, 37.94, 288.32, 0.00168459
output131, 37.94, 288.32, 0.00168459
output199, 50.74, 288.32, 0.00181028
FILLER_0_101_85, 50.74, 288.32, 0.00181028
output145, 63.54, 288.32, 0.00190966
FILLER_0_101_113, 63.54, 288.32, 0.00190966
output116, 76.34, 288.32, 0.00198255
FILLER_0_101_149, 76.34, 288.32, 0.00198255
input9, 89.14, 288.32, 0.00204914
FILLER_0_101_175, 89.14, 288.32, 0.00204914
output104, 101.94, 288.32, 0.0021134
output133, 101.94, 288.32, 0.0021134
FILLER_0_101_203, 101.94, 288.32, 0.0021134
input39, 114.74, 288.32, 0.00215882
output128, 114.74, 288.32, 0.00215882
FILLER_0_101_231, 114.74, 288.32, 0.00215882
output101, 127.54, 288.32, 0.00219652
output115, 127.54, 288.32, 0.00219652
FILLER_0_101_259, 127.54, 288.32, 0.00219652
output185, 140.34, 288.32, 0.00222158
FILLER_0_101_289, 140.34, 288.32, 0.00222158
input68, 153.14, 288.32, 0.00222011
FILLER_0_101_314, 153.14, 288.32, 0.00222011
input58, 165.94, 288.32, 0.00221765
FILLER_0_101_337, 165.94, 288.32, 0.00221765
output146, 191.591, 288.32, 0.00241475
FILLER_0_101_401, 191.591, 288.32, 0.00241475
output184, 204.442, 288.32, 0.00258853
FILLER_0_101_429, 204.442, 288.32, 0.00258853
output196, 217.293, 288.32, 0.00273589
output197, 217.293, 288.32, 0.00273589
output113, 230.144, 288.32, 0.00283012
FILLER_0_101_477, 230.144, 288.32, 0.00283012
output187, 242.995, 288.32, 0.00291806
FILLER_0_101_505, 242.995, 288.32, 0.00291806
input32, 255.846, 288.32, 0.00297951
FILLER_0_101_538, 255.846, 288.32, 0.00297951
input61, 268.697, 288.32, 0.00303977
FILLER_0_101_566, 268.697, 288.32, 0.00303977
output106, 281.548, 288.32, 0.00309916
output172, 281.548, 288.32, 0.00309916
FILLER_0_101_595, 281.548, 288.32, 0.00309916
PHY_198, 5.52, 282.88, 0.00168568
PHY_200, 5.52, 282.88, 0.00168568
input22, 5.52, 282.88, 0.00168568
input90, 5.52, 282.88, 0.00168568
output107, 5.52, 282.88, 0.00168568
output198, 5.52, 282.88, 0.00168568
PHY_199, 294.4, 282.88, 0.00269511
PHY_201, 294.4, 282.88, 0.00269511
input24, 294.4, 282.88, 0.00269511
input40, 294.4, 282.88, 0.00269511
input59, 294.4, 282.88, 0.00269511
FILLER_0_99_617, 294.4, 282.88, 0.00269511
input82, 15.33, 282.88, 0.001656
output159, 15.33, 282.88, 0.001656
input44, 37.94, 282.88, 0.00172764
FILLER_0_100_77, 37.94, 282.88, 0.00172764
FILLER_0_101_76, 37.94, 282.88, 0.00172764
input12, 50.74, 282.88, 0.00184862
FILLER_0_101_100, 50.74, 282.88, 0.00184862
_393_, 63.54, 282.88, 0.00196918
output160, 63.54, 282.88, 0.00196918
FILLER_0_100_133, 63.54, 282.88, 0.00196918
FILLER_0_101_135, 63.54, 282.88, 0.00196918
_231_, 76.34, 282.88, 0.00204109
_232_, 76.34, 282.88, 0.00204109
output129, 76.34, 282.88, 0.00204109
FILLER_0_101_163, 76.34, 282.88, 0.00204109
input23, 89.14, 282.88, 0.00210461
FILLER_0_100_189, 89.14, 282.88, 0.00210461
FILLER_0_101_188, 89.14, 282.88, 0.00210461
FILLER_0_100_245, 114.74, 282.88, 0.00222944
FILLER_0_101_249, 114.74, 282.88, 0.00222944
input29, 127.54, 282.88, 0.00229186
FILLER_0_101_272, 127.54, 282.88, 0.00229186
_363_, 140.34, 282.88, 0.00235313
_431_, 140.34, 282.88, 0.00235313
output180, 140.34, 282.88, 0.00235313
hold3, 140.34, 282.88, 0.00235313
FILLER_0_100_297, 140.34, 282.88, 0.00235313
FILLER_0_100_305, 140.34, 282.88, 0.00235313
FILLER_0_101_303, 140.34, 282.88, 0.00235313
_195_, 153.14, 282.88, 0.00234154
_362_, 153.14, 282.88, 0.00234154
_442_, 153.14, 282.88, 0.00234154
input63, 153.14, 282.88, 0.00234154
output148, 153.14, 282.88, 0.00234154
FILLER_0_100_314, 153.14, 282.88, 0.00234154
FILLER_0_101_322, 153.14, 282.88, 0.00234154
input35, 165.94, 282.88, 0.00226305
FILLER_0_100_357, 165.94, 282.88, 0.00226305
FILLER_0_101_349, 165.94, 282.88, 0.00226305
FILLER_0_101_357, 165.94, 282.88, 0.00226305
_331_, 191.591, 282.88, 0.00228122
input85, 191.591, 282.88, 0.00228122
hold11, 191.591, 282.88, 0.00228122
FILLER_0_100_413, 191.591, 282.88, 0.00228122
FILLER_0_101_412, 191.591, 282.88, 0.00228122
input33, 204.442, 282.88, 0.00236132
FILLER_0_101_440, 204.442, 282.88, 0.00236132
_333_, 217.293, 282.88, 0.00244023
input54, 217.293, 282.88, 0.00244023
hold1, 217.293, 282.88, 0.00244023
FILLER_0_100_469, 217.293, 282.88, 0.00244023
FILLER_0_101_464, 217.293, 282.88, 0.00244023
input36, 230.144, 282.88, 0.0025021
FILLER_0_101_492, 230.144, 282.88, 0.0025021
input43, 242.995, 282.88, 0.00256357
FILLER_0_100_525, 242.995, 282.88, 0.00256357
FILLER_0_101_524, 242.995, 282.88, 0.00256357
output124, 255.846, 282.88, 0.00262381
FILLER_0_101_546, 255.846, 282.88, 0.00262381
FILLER_0_101_555, 255.846, 282.88, 0.00262381
output166, 268.697, 282.88, 0.00267775
FILLER_0_100_581, 268.697, 282.88, 0.00267775
FILLER_0_101_574, 268.697, 282.88, 0.00267775
FILLER_0_101_580, 268.697, 282.88, 0.00267775
input1, 281.548, 282.88, 0.00268889
input38, 281.548, 282.88, 0.00268889
input95, 281.548, 282.88, 0.00268889
FILLER_0_100_613, 281.548, 282.88, 0.00268889
PHY_194, 5.52, 277.44, 0.00151134
PHY_196, 5.52, 277.44, 0.00151134
output103, 5.52, 277.44, 0.00151134
PHY_195, 294.4, 277.44, 0.00240076
PHY_197, 294.4, 277.44, 0.00240076
FILLER_0_97_617, 294.4, 277.44, 0.00240076
FILLER_0_98_77, 37.94, 277.44, 0.00159917
_257_, 50.74, 277.44, 0.00169653
_258_, 50.74, 277.44, 0.00169653
FILLER_0_98_109, 50.74, 277.44, 0.00169653
FILLER_0_99_105, 50.74, 277.44, 0.00169653
_396_, 63.54, 277.44, 0.00178333
hold4, 63.54, 277.44, 0.00178333
FILLER_0_98_133, 63.54, 277.44, 0.00178333
FILLER_0_99_161, 76.34, 277.44, 0.00183722
FILLER_0_98_189, 89.14, 277.44, 0.00189111
FILLER_0_99_217, 101.94, 277.44, 0.001945
FILLER_0_98_245, 114.74, 277.44, 0.00199889
_364_, 127.54, 277.44, 0.00205278
_443_, 127.54, 277.44, 0.00205278
FILLER_0_98_265, 127.54, 277.44, 0.00205278
_196_, 140.34, 277.44, 0.00208013
FILLER_0_98_293, 140.34, 277.44, 0.00208013
FILLER_0_98_301, 140.34, 277.44, 0.00208013
_338_, 153.14, 277.44, 0.00210481
_339_, 153.14, 277.44, 0.00210481
_361_, 153.14, 277.44, 0.00210481
FILLER_0_99_333, 153.14, 277.44, 0.00210481
FILLER_0_98_355, 165.94, 277.44, 0.00211209
FILLER_0_98_415, 191.591, 277.44, 0.00219431
_334_, 204.442, 277.44, 0.00226926
_429_, 204.442, 277.44, 0.00226926
FILLER_0_98_433, 204.442, 277.44, 0.00226926
FILLER_0_99_434, 204.442, 277.44, 0.00226926
FILLER_0_98_470, 217.293, 277.44, 0.00231739
_346_, 230.144, 277.44, 0.00236553
_347_, 230.144, 277.44, 0.00236553
_435_, 230.144, 277.44, 0.00236553
FILLER_0_98_489, 230.144, 277.44, 0.00236553
FILLER_0_98_525, 242.995, 277.44, 0.00237727
FILLER_0_99_553, 255.846, 277.44, 0.00238902
_456_, 268.697, 277.44, 0.00240076
FILLER_0_98_581, 268.697, 277.44, 0.00240076
PHY_190, 5.52, 272, 0.00150674
PHY_192, 5.52, 272, 0.00150674
output143, 5.52, 272, 0.00150674
PHY_191, 294.4, 272, 0.00206753
PHY_193, 294.4, 272, 0.00206753
input74, 294.4, 272, 0.00206753
output122, 294.4, 272, 0.00206753
FILLER_0_95_617, 294.4, 272, 0.00206753
FILLER_0_96_77, 37.94, 272, 0.00152684
_264_, 50.74, 272, 0.00158706
FILLER_0_96_109, 50.74, 272, 0.00158706
FILLER_0_97_105, 50.74, 272, 0.00158706
_263_, 63.54, 272, 0.00164292
hold9, 63.54, 272, 0.00164292
FILLER_0_96_137, 63.54, 272, 0.00164292
FILLER_0_97_165, 76.34, 272, 0.00168195
FILLER_0_96_189, 89.14, 272, 0.00172099
FILLER_0_97_217, 101.94, 272, 0.00176002
FILLER_0_96_245, 114.74, 272, 0.00179905
FILLER_0_97_273, 127.54, 272, 0.00183808
FILLER_0_96_301, 140.34, 272, 0.00187711
FILLER_0_97_329, 153.14, 272, 0.00191615
FILLER_0_96_357, 165.94, 272, 0.00195518
FILLER_0_97_361, 165.94, 272, 0.00195518
FILLER_0_96_415, 191.591, 272, 0.00200236
FILLER_0_97_441, 204.442, 272, 0.0020105
FILLER_0_96_469, 217.293, 272, 0.00201865
FILLER_0_97_497, 230.144, 272, 0.0020268
FILLER_0_96_525, 242.995, 272, 0.00203494
FILLER_0_97_553, 255.846, 272, 0.00204309
FILLER_0_96_581, 268.697, 272, 0.00205124
FILLER_0_96_613, 281.548, 272, 0.00205938
FILLER_0_97_609, 281.548, 272, 0.00205938
PHY_186, 5.52, 266.56, 0.00140999
PHY_188, 5.52, 266.56, 0.00140999
input27, 5.52, 266.56, 0.00140999
PHY_187, 294.4, 266.56, 0.00194413
PHY_189, 294.4, 266.56, 0.00194413
FILLER_0_93_617, 294.4, 266.56, 0.00194413
FILLER_0_94_77, 37.94, 266.56, 0.00145332
FILLER_0_95_105, 50.74, 266.56, 0.00149794
FILLER_0_94_133, 63.54, 266.56, 0.00154256
FILLER_0_95_161, 76.34, 266.56, 0.00158718
FILLER_0_94_189, 89.14, 266.56, 0.0016318
FILLER_0_95_217, 101.94, 266.56, 0.00167641
FILLER_0_94_245, 114.74, 266.56, 0.00172103
FILLER_0_95_273, 127.54, 266.56, 0.00176565
FILLER_0_94_301, 140.34, 266.56, 0.00181027
FILLER_0_95_329, 153.14, 266.56, 0.00185489
FILLER_0_94_357, 165.94, 266.56, 0.00189951
FILLER_0_94_413, 191.591, 266.56, 0.00194413
FILLER_0_95_441, 204.442, 266.56, 0.00194413
FILLER_0_94_469, 217.293, 266.56, 0.00194413
FILLER_0_95_497, 230.144, 266.56, 0.00194413
FILLER_0_94_525, 242.995, 266.56, 0.00194413
FILLER_0_95_553, 255.846, 266.56, 0.00194413
FILLER_0_94_581, 268.697, 266.56, 0.00194413
FILLER_0_95_609, 281.548, 266.56, 0.00194413
PHY_182, 5.52, 261.12, 0.0014401
PHY_184, 5.52, 261.12, 0.0014401
output202, 5.52, 261.12, 0.0014401
PHY_183, 294.4, 261.12, 0.0019837
PHY_185, 294.4, 261.12, 0.0019837
output127, 294.4, 261.12, 0.0019837
FILLER_0_91_617, 294.4, 261.12, 0.0019837
FILLER_0_92_21, 15.33, 261.12, 0.00142003
FILLER_0_92_77, 37.94, 261.12, 0.00144397
FILLER_0_93_105, 50.74, 261.12, 0.00148797
FILLER_0_92_133, 63.54, 261.12, 0.00153198
FILLER_0_93_161, 76.34, 261.12, 0.00157599
FILLER_0_92_189, 89.14, 261.12, 0.00162
FILLER_0_93_217, 101.94, 261.12, 0.00166401
FILLER_0_92_245, 114.74, 261.12, 0.00170802
FILLER_0_93_273, 127.54, 261.12, 0.00175202
FILLER_0_92_301, 140.34, 261.12, 0.00179603
FILLER_0_93_329, 153.14, 261.12, 0.00184004
FILLER_0_92_357, 165.94, 261.12, 0.00188405
FILLER_0_92_413, 191.591, 261.12, 0.00193424
FILLER_0_93_441, 204.442, 261.12, 0.00194042
FILLER_0_92_469, 217.293, 261.12, 0.0019466
FILLER_0_93_497, 230.144, 261.12, 0.00195279
FILLER_0_92_525, 242.995, 261.12, 0.00195897
FILLER_0_93_553, 255.846, 261.12, 0.00196515
FILLER_0_92_581, 268.697, 261.12, 0.00197133
FILLER_0_92_613, 281.548, 261.12, 0.00197751
FILLER_0_93_609, 281.548, 261.12, 0.00197751
PHY_178, 5.52, 255.68, 0.00136384
PHY_180, 5.52, 255.68, 0.00136384
output132, 5.52, 255.68, 0.00136384
PHY_179, 294.4, 255.68, 0.00192863
PHY_181, 294.4, 255.68, 0.00192863
input19, 294.4, 255.68, 0.00192863
FILLER_0_89_617, 294.4, 255.68, 0.00192863
FILLER_0_90_21, 15.33, 255.68, 0.00135908
FILLER_0_90_77, 37.94, 255.68, 0.00140016
FILLER_0_91_105, 50.74, 255.68, 0.00144599
FILLER_0_90_133, 63.54, 255.68, 0.00149183
FILLER_0_91_161, 76.34, 255.68, 0.00153767
FILLER_0_90_189, 89.14, 255.68, 0.00158351
FILLER_0_91_217, 101.94, 255.68, 0.00162935
FILLER_0_90_245, 114.74, 255.68, 0.00167518
FILLER_0_91_273, 127.54, 255.68, 0.00172102
FILLER_0_90_301, 140.34, 255.68, 0.00176686
FILLER_0_91_329, 153.14, 255.68, 0.0018127
FILLER_0_90_357, 165.94, 255.68, 0.00185853
FILLER_0_90_413, 191.591, 255.68, 0.00190707
FILLER_0_91_441, 204.442, 255.68, 0.00190976
FILLER_0_90_469, 217.293, 255.68, 0.00191246
FILLER_0_91_497, 230.144, 255.68, 0.00191515
FILLER_0_90_525, 242.995, 255.68, 0.00191785
FILLER_0_91_553, 255.846, 255.68, 0.00192054
FILLER_0_90_581, 268.697, 255.68, 0.00192324
FILLER_0_90_613, 281.548, 255.68, 0.00192593
FILLER_0_91_609, 281.548, 255.68, 0.00192593
PHY_174, 5.52, 250.24, 0.00131663
PHY_176, 5.52, 250.24, 0.00131663
PHY_175, 294.4, 250.24, 0.00188369
PHY_177, 294.4, 250.24, 0.00188369
FILLER_0_87_617, 294.4, 250.24, 0.00188369
FILLER_0_88_77, 37.94, 250.24, 0.00136389
FILLER_0_89_105, 50.74, 250.24, 0.00141114
FILLER_0_88_133, 63.54, 250.24, 0.0014584
FILLER_0_89_161, 76.34, 250.24, 0.00150565
FILLER_0_88_189, 89.14, 250.24, 0.00155291
FILLER_0_89_217, 101.94, 250.24, 0.00160016
FILLER_0_88_245, 114.74, 250.24, 0.00164742
FILLER_0_89_273, 127.54, 250.24, 0.00169467
FILLER_0_88_301, 140.34, 250.24, 0.00174193
FILLER_0_89_329, 153.14, 250.24, 0.00178918
FILLER_0_88_357, 165.94, 250.24, 0.00183644
FILLER_0_88_413, 191.591, 250.24, 0.00188369
FILLER_0_89_441, 204.442, 250.24, 0.00188369
FILLER_0_88_469, 217.293, 250.24, 0.00188369
FILLER_0_89_497, 230.144, 250.24, 0.00188369
FILLER_0_88_525, 242.995, 250.24, 0.00188369
FILLER_0_89_553, 255.846, 250.24, 0.00188369
FILLER_0_88_581, 268.697, 250.24, 0.00188369
FILLER_0_89_609, 281.548, 250.24, 0.00188369
PHY_170, 5.52, 244.8, 0.00140075
PHY_172, 5.52, 244.8, 0.00140075
output153, 5.52, 244.8, 0.00140075
output189, 5.52, 244.8, 0.00140075
PHY_171, 294.4, 244.8, 0.00188991
PHY_173, 294.4, 244.8, 0.00188991
input84, 294.4, 244.8, 0.00188991
FILLER_0_85_617, 294.4, 244.8, 0.00188991
FILLER_0_86_21, 15.33, 244.8, 0.00136055
FILLER_0_86_77, 37.94, 244.8, 0.00136625
FILLER_0_87_105, 50.74, 244.8, 0.00141215
FILLER_0_86_133, 63.54, 244.8, 0.00145806
FILLER_0_87_161, 76.34, 244.8, 0.00150396
FILLER_0_86_189, 89.14, 244.8, 0.00154986
FILLER_0_87_217, 101.94, 244.8, 0.00159576
FILLER_0_86_245, 114.74, 244.8, 0.00164166
FILLER_0_87_273, 127.54, 244.8, 0.00168756
FILLER_0_86_301, 140.34, 244.8, 0.00173346
FILLER_0_87_329, 153.14, 244.8, 0.00177936
FILLER_0_86_357, 165.94, 244.8, 0.00182526
FILLER_0_86_413, 191.591, 244.8, 0.00187325
FILLER_0_87_441, 204.442, 244.8, 0.00187533
FILLER_0_86_469, 217.293, 244.8, 0.00187741
FILLER_0_87_497, 230.144, 244.8, 0.0018795
FILLER_0_86_525, 242.995, 244.8, 0.00188158
FILLER_0_87_553, 255.846, 244.8, 0.00188366
FILLER_0_86_581, 268.697, 244.8, 0.00188575
FILLER_0_87_609, 281.548, 244.8, 0.00188783
PHY_166, 5.52, 239.36, 0.00125668
PHY_168, 5.52, 239.36, 0.00125668
output130, 5.52, 239.36, 0.00125668
PHY_167, 294.4, 239.36, 0.00190635
PHY_169, 294.4, 239.36, 0.00190635
output117, 294.4, 239.36, 0.00190635
ANTENNA_2, 294.4, 239.36, 0.00190635
FILLER_0_83_617, 294.4, 239.36, 0.00190635
FILLER_0_84_21, 15.33, 239.36, 0.00125191
FILLER_0_84_77, 37.94, 239.36, 0.00129795
FILLER_0_85_105, 50.74, 239.36, 0.00134876
FILLER_0_84_133, 63.54, 239.36, 0.00139957
FILLER_0_85_161, 76.34, 239.36, 0.00145038
FILLER_0_84_189, 89.14, 239.36, 0.0015012
FILLER_0_85_217, 101.94, 239.36, 0.00155201
FILLER_0_84_245, 114.74, 239.36, 0.00160282
FILLER_0_85_273, 127.54, 239.36, 0.00165363
FILLER_0_84_301, 140.34, 239.36, 0.00170444
FILLER_0_85_329, 153.14, 239.36, 0.00175525
FILLER_0_84_357, 165.94, 239.36, 0.00180606
FILLER_0_84_413, 191.591, 239.36, 0.00186237
FILLER_0_85_441, 204.442, 239.36, 0.00186787
FILLER_0_84_469, 217.293, 239.36, 0.00187337
FILLER_0_85_497, 230.144, 239.36, 0.00187886
FILLER_0_84_525, 242.995, 239.36, 0.00188436
FILLER_0_85_553, 255.846, 239.36, 0.00188986
FILLER_0_84_581, 268.697, 239.36, 0.00189535
FILLER_0_84_613, 281.548, 239.36, 0.00190085
FILLER_0_85_609, 281.548, 239.36, 0.00190085
PHY_162, 5.52, 233.92, 0.0012055
PHY_164, 5.52, 233.92, 0.0012055
PHY_163, 294.4, 233.92, 0.00192588
PHY_165, 294.4, 233.92, 0.00192588
input2, 294.4, 233.92, 0.00192588
FILLER_0_81_617, 294.4, 233.92, 0.00192588
FILLER_0_82_77, 37.94, 233.92, 0.00126512
FILLER_0_83_105, 50.74, 233.92, 0.00132474
FILLER_0_82_133, 63.54, 233.92, 0.00138436
FILLER_0_83_161, 76.34, 233.92, 0.00144397
FILLER_0_82_189, 89.14, 233.92, 0.00150359
FILLER_0_83_217, 101.94, 233.92, 0.00156321
FILLER_0_82_245, 114.74, 233.92, 0.00162283
FILLER_0_83_273, 127.54, 233.92, 0.00168245
FILLER_0_82_301, 140.34, 233.92, 0.00174207
_235_, 153.14, 233.92, 0.00180168
FILLER_0_83_329, 153.14, 233.92, 0.00180168
FILLER_0_82_357, 165.94, 233.92, 0.00186011
FILLER_0_82_416, 191.591, 233.92, 0.00191936
FILLER_0_83_441, 204.442, 233.92, 0.00192017
FILLER_0_82_469, 217.293, 233.92, 0.00192099
FILLER_0_83_497, 230.144, 233.92, 0.0019218
FILLER_0_82_525, 242.995, 233.92, 0.00192262
FILLER_0_83_553, 255.846, 233.92, 0.00192343
FILLER_0_82_581, 268.697, 233.92, 0.00192425
FILLER_0_83_609, 281.548, 233.92, 0.00192507
PHY_158, 5.52, 228.48, 0.00122252
PHY_160, 5.52, 228.48, 0.00122252
output137, 5.52, 228.48, 0.00122252
PHY_159, 294.4, 228.48, 0.00182765
PHY_161, 294.4, 228.48, 0.00182765
FILLER_0_79_617, 294.4, 228.48, 0.00182765
_337_, 15.33, 228.48, 0.00120247
FILLER_0_80_77, 37.94, 228.48, 0.00123385
FILLER_0_81_105, 50.74, 228.48, 0.00128864
FILLER_0_80_133, 63.54, 228.48, 0.00134342
FILLER_0_81_161, 76.34, 228.48, 0.00139821
FILLER_0_80_189, 89.14, 228.48, 0.00145299
FILLER_0_81_217, 101.94, 228.48, 0.00150778
FILLER_0_80_245, 114.74, 228.48, 0.00156257
FILLER_0_81_273, 127.54, 228.48, 0.00161735
_236_, 140.34, 228.48, 0.00167214
FILLER_0_80_305, 140.34, 228.48, 0.00167214
FILLER_0_80_357, 165.94, 228.48, 0.00177581
FILLER_0_80_413, 191.591, 228.48, 0.00182765
FILLER_0_81_441, 204.442, 228.48, 0.00182765
FILLER_0_80_469, 217.293, 228.48, 0.00182765
FILLER_0_81_497, 230.144, 228.48, 0.00182765
FILLER_0_80_525, 242.995, 228.48, 0.00182765
FILLER_0_81_553, 255.846, 228.48, 0.00182765
FILLER_0_80_581, 268.697, 228.48, 0.00182765
FILLER_0_81_609, 281.548, 228.48, 0.00182765
_430_, 5.52, 223.04, 0.00118596
PHY_154, 5.52, 223.04, 0.00118596
PHY_156, 5.52, 223.04, 0.00118596
output118, 5.52, 223.04, 0.00118596
FILLER_0_79_9, 5.52, 223.04, 0.00118596
PHY_155, 294.4, 223.04, 0.00232724
PHY_157, 294.4, 223.04, 0.00232724
input8, 294.4, 223.04, 0.00232724
FILLER_0_77_617, 294.4, 223.04, 0.00232724
FILLER_0_78_25, 15.33, 223.04, 0.00116154
FILLER_0_78_77, 37.94, 223.04, 0.00120167
FILLER_0_79_105, 50.74, 223.04, 0.00126621
FILLER_0_78_133, 63.54, 223.04, 0.00133075
FILLER_0_79_161, 76.34, 223.04, 0.00139529
FILLER_0_78_189, 89.14, 223.04, 0.00145983
FILLER_0_79_217, 101.94, 223.04, 0.00152437
FILLER_0_78_245, 114.74, 223.04, 0.00158892
FILLER_0_79_273, 127.54, 223.04, 0.00165346
FILLER_0_78_301, 140.34, 223.04, 0.001718
FILLER_0_79_329, 153.14, 223.04, 0.00178254
FILLER_0_78_357, 165.94, 223.04, 0.00184708
FILLER_0_78_413, 191.591, 223.04, 0.00204605
FILLER_0_79_441, 204.442, 223.04, 0.00218047
clkbuf_3_7__f_clk, 217.293, 223.04, 0.00231489
FILLER_0_78_469, 217.293, 223.04, 0.00231489
FILLER_0_79_497, 230.144, 223.04, 0.00231695
FILLER_0_78_525, 242.995, 223.04, 0.00231901
FILLER_0_79_553, 255.846, 223.04, 0.00232107
FILLER_0_78_581, 268.697, 223.04, 0.00232313
FILLER_0_79_609, 281.548, 223.04, 0.00232519
_336_, 5.52, 217.6, 0.00113083
PHY_150, 5.52, 217.6, 0.00113083
PHY_152, 5.52, 217.6, 0.00113083
output178, 5.52, 217.6, 0.00113083
FILLER_0_77_3, 5.52, 217.6, 0.00113083
PHY_151, 294.4, 217.6, 0.00210504
PHY_153, 294.4, 217.6, 0.00210504
output169, 294.4, 217.6, 0.00210504
FILLER_0_75_617, 294.4, 217.6, 0.00210504
FILLER_0_76_21, 15.33, 217.6, 0.00110566
FILLER_0_76_77, 37.94, 217.6, 0.00114225
FILLER_0_77_105, 50.74, 217.6, 0.00120401
FILLER_0_76_133, 63.54, 217.6, 0.00126577
FILLER_0_77_161, 76.34, 217.6, 0.00132753
FILLER_0_76_189, 89.14, 217.6, 0.00138929
FILLER_0_77_217, 101.94, 217.6, 0.00145105
FILLER_0_76_245, 114.74, 217.6, 0.00151281
FILLER_0_77_273, 127.54, 217.6, 0.00157457
FILLER_0_76_301, 140.34, 217.6, 0.00163633
FILLER_0_77_329, 153.14, 217.6, 0.00169809
FILLER_0_76_357, 165.94, 217.6, 0.00175985
FILLER_0_76_413, 191.591, 217.6, 0.00185565
FILLER_0_77_441, 204.442, 217.6, 0.00188969
_245_, 217.293, 217.6, 0.00192373
_246_, 217.293, 217.6, 0.00192373
FILLER_0_77_493, 230.144, 217.6, 0.00195395
FILLER_0_77_501, 230.144, 217.6, 0.00195395
FILLER_0_76_525, 242.995, 217.6, 0.00198417
FILLER_0_77_553, 255.846, 217.6, 0.00201438
FILLER_0_76_581, 268.697, 217.6, 0.0020446
FILLER_0_76_613, 281.548, 217.6, 0.00207482
FILLER_0_77_609, 281.548, 217.6, 0.00207482
PHY_146, 5.52, 212.16, 0.00100639
PHY_148, 5.52, 212.16, 0.00100639
input62, 5.52, 212.16, 0.00100639
FILLER_0_74_3, 5.52, 212.16, 0.00100639
PHY_147, 294.4, 212.16, 0.00200582
PHY_149, 294.4, 212.16, 0.00200582
output190, 294.4, 212.16, 0.00200582
FILLER_0_73_617, 294.4, 212.16, 0.00200582
_380_, 15.33, 212.16, 0.00100605
FILLER_0_74_77, 37.94, 212.16, 0.00106855
FILLER_0_75_105, 50.74, 212.16, 0.00113477
FILLER_0_74_133, 63.54, 212.16, 0.00120099
FILLER_0_75_161, 76.34, 212.16, 0.00126721
FILLER_0_74_189, 89.14, 212.16, 0.00133343
FILLER_0_75_217, 101.94, 212.16, 0.00139965
FILLER_0_74_245, 114.74, 212.16, 0.00146587
FILLER_0_75_273, 127.54, 212.16, 0.00153209
FILLER_0_74_301, 140.34, 212.16, 0.00159831
FILLER_0_75_329, 153.14, 212.16, 0.00166453
FILLER_0_74_357, 165.94, 212.16, 0.00173075
FILLER_0_74_413, 191.591, 212.16, 0.00182017
FILLER_0_75_441, 204.442, 212.16, 0.00184338
FILLER_0_74_469, 217.293, 212.16, 0.00186659
FILLER_0_74_525, 242.995, 212.16, 0.001913
FILLER_0_75_553, 255.846, 212.16, 0.0019362
FILLER_0_74_581, 268.697, 212.16, 0.00195941
FILLER_0_74_613, 281.548, 212.16, 0.00198261
FILLER_0_75_609, 281.548, 212.16, 0.00198261
_379_, 5.52, 206.72, 0.00101371
_451_, 5.52, 206.72, 0.00101371
PHY_142, 5.52, 206.72, 0.00101371
PHY_144, 5.52, 206.72, 0.00101371
input53, 5.52, 206.72, 0.00101371
FILLER_0_72_6, 5.52, 206.72, 0.00101371
PHY_143, 294.4, 206.72, 0.00214628
PHY_145, 294.4, 206.72, 0.00214628
output194, 294.4, 206.72, 0.00214628
FILLER_0_71_617, 294.4, 206.72, 0.00214628
FILLER_0_72_18, 15.33, 206.72, 0.000989276
FILLER_0_72_77, 37.94, 206.72, 0.00103689
FILLER_0_73_105, 50.74, 206.72, 0.00110894
FILLER_0_72_133, 63.54, 206.72, 0.00118099
FILLER_0_73_161, 76.34, 206.72, 0.00125304
FILLER_0_72_189, 89.14, 206.72, 0.00132508
FILLER_0_73_217, 101.94, 206.72, 0.00139713
FILLER_0_72_245, 114.74, 206.72, 0.00146918
FILLER_0_73_273, 127.54, 206.72, 0.00154123
FILLER_0_72_301, 140.34, 206.72, 0.00161328
FILLER_0_73_329, 153.14, 206.72, 0.00168533
_387_, 165.94, 206.72, 0.00175738
_388_, 165.94, 206.72, 0.00175738
FILLER_0_72_345, 165.94, 206.72, 0.00175738
FILLER_0_72_356, 165.94, 206.72, 0.00175738
FILLER_0_73_349, 165.94, 206.72, 0.00175738
FILLER_0_72_413, 191.591, 206.72, 0.00187956
FILLER_0_73_441, 204.442, 206.72, 0.00194013
_382_, 217.293, 206.72, 0.0020007
_452_, 217.293, 206.72, 0.0020007
FILLER_0_72_469, 217.293, 206.72, 0.0020007
FILLER_0_73_461, 217.293, 206.72, 0.0020007
_381_, 230.144, 206.72, 0.00203036
FILLER_0_72_522, 242.995, 206.72, 0.00205354
FILLER_0_73_553, 255.846, 206.72, 0.00207673
FILLER_0_72_581, 268.697, 206.72, 0.00209991
FILLER_0_72_613, 281.548, 206.72, 0.0021231
FILLER_0_73_609, 281.548, 206.72, 0.0021231
PHY_138, 5.52, 201.28, 0.00088128
PHY_140, 5.52, 201.28, 0.00088128
input17, 5.52, 201.28, 0.00088128
PHY_139, 294.4, 201.28, 0.0019986
PHY_141, 294.4, 201.28, 0.0019986
output135, 294.4, 201.28, 0.0019986
FILLER_0_69_617, 294.4, 201.28, 0.0019986
FILLER_0_70_18, 15.33, 201.28, 0.000880618
FILLER_0_70_77, 37.94, 201.28, 0.000961618
FILLER_0_71_105, 50.74, 201.28, 0.00104328
_307_, 63.54, 201.28, 0.00112494
FILLER_0_70_133, 63.54, 201.28, 0.00112494
FILLER_0_71_161, 76.34, 201.28, 0.00120201
FILLER_0_70_189, 89.14, 201.28, 0.00127907
FILLER_0_71_217, 101.94, 201.28, 0.00135614
FILLER_0_70_245, 114.74, 201.28, 0.00143321
FILLER_0_71_273, 127.54, 201.28, 0.00151027
FILLER_0_70_301, 140.34, 201.28, 0.00158734
FILLER_0_71_329, 153.14, 201.28, 0.00166441
_455_, 165.94, 201.28, 0.00174147
FILLER_0_70_357, 165.94, 201.28, 0.00174147
FILLER_0_70_413, 191.591, 201.28, 0.00181295
FILLER_0_71_441, 204.442, 201.28, 0.00183616
FILLER_0_70_469, 217.293, 201.28, 0.00185937
FILLER_0_71_497, 230.144, 201.28, 0.00188257
FILLER_0_70_525, 242.995, 201.28, 0.00190578
FILLER_0_71_553, 255.846, 201.28, 0.00192898
FILLER_0_70_581, 268.697, 201.28, 0.00195219
FILLER_0_70_613, 281.548, 201.28, 0.0019754
FILLER_0_71_609, 281.548, 201.28, 0.0019754
PHY_134, 5.52, 195.84, 0.000896493
PHY_136, 5.52, 195.84, 0.000896493
PHY_135, 294.4, 195.84, 0.00237989
PHY_137, 294.4, 195.84, 0.00237989
output157, 294.4, 195.84, 0.00237989
FILLER_0_67_617, 294.4, 195.84, 0.00237989
FILLER_0_68_617, 294.4, 195.84, 0.00237989
FILLER_0_68_77, 37.94, 195.84, 0.00109245
clkbuf_3_2__f_clk, 50.74, 195.84, 0.0012884
FILLER_0_68_97, 50.74, 195.84, 0.0012884
FILLER_0_69_105, 50.74, 195.84, 0.0012884
_306_, 63.54, 195.84, 0.00138195
_416_, 63.54, 195.84, 0.00138195
FILLER_0_68_130, 63.54, 195.84, 0.00138195
FILLER_0_69_165, 76.34, 195.84, 0.00144362
FILLER_0_68_189, 89.14, 195.84, 0.0015053
FILLER_0_69_217, 101.94, 195.84, 0.00156697
FILLER_0_68_245, 114.74, 195.84, 0.00162865
FILLER_0_69_273, 127.54, 195.84, 0.00169032
_437_, 140.34, 195.84, 0.001752
FILLER_0_67_281, 140.34, 195.84, 0.001752
FILLER_0_68_301, 140.34, 195.84, 0.001752
_350_, 153.14, 195.84, 0.00178308
FILLER_0_69_329, 153.14, 195.84, 0.00178308
FILLER_0_68_357, 165.94, 195.84, 0.00180753
FILLER_0_68_413, 191.591, 195.84, 0.00189757
FILLER_0_69_441, 204.442, 195.84, 0.00196316
FILLER_0_68_469, 217.293, 195.84, 0.00202876
FILLER_0_69_497, 230.144, 195.84, 0.00209435
FILLER_0_68_525, 242.995, 195.84, 0.00215994
FILLER_0_69_553, 255.846, 195.84, 0.00222553
FILLER_0_68_581, 268.697, 195.84, 0.00229113
_319_, 281.548, 195.84, 0.00235672
_320_, 281.548, 195.84, 0.00235672
_422_, 281.548, 195.84, 0.00235672
hold2, 281.548, 195.84, 0.00235672
FILLER_0_68_589, 281.548, 195.84, 0.00235672
FILLER_0_69_609, 281.548, 195.84, 0.00235672
PHY_130, 5.52, 190.4, 0.00078893
PHY_132, 5.52, 190.4, 0.00078893
output150, 5.52, 190.4, 0.00078893
PHY_131, 294.4, 190.4, 0.00206144
PHY_133, 294.4, 190.4, 0.00206144
hold7, 294.4, 190.4, 0.00206144
FILLER_0_66_77, 37.94, 190.4, 0.000833665
FILLER_0_67_105, 50.74, 190.4, 0.000918603
FILLER_0_66_133, 63.54, 190.4, 0.00100354
FILLER_0_67_157, 76.34, 190.4, 0.00108848
FILLER_0_67_165, 76.34, 190.4, 0.00108848
FILLER_0_66_189, 89.14, 190.4, 0.00117342
FILLER_0_67_217, 101.94, 190.4, 0.00125835
FILLER_0_66_245, 114.74, 190.4, 0.00134329
FILLER_0_67_273, 127.54, 190.4, 0.00142823
_351_, 140.34, 190.4, 0.00151317
FILLER_0_66_289, 140.34, 190.4, 0.00151317
FILLER_0_66_300, 140.34, 190.4, 0.00151317
FILLER_0_67_332, 153.14, 190.4, 0.00159366
FILLER_0_66_357, 165.94, 190.4, 0.00167416
FILLER_0_66_413, 191.591, 190.4, 0.00179176
FILLER_0_67_441, 204.442, 190.4, 0.00182886
FILLER_0_66_469, 217.293, 190.4, 0.00186596
FILLER_0_67_497, 230.144, 190.4, 0.00190306
FILLER_0_66_525, 242.995, 190.4, 0.00194017
FILLER_0_67_553, 255.846, 190.4, 0.00197727
FILLER_0_66_581, 268.697, 190.4, 0.00201437
FILLER_0_67_585, 268.697, 190.4, 0.00201437
_278_, 281.548, 190.4, 0.00205147
_402_, 281.548, 190.4, 0.00205147
FILLER_0_65_597, 281.548, 190.4, 0.00205147
PHY_126, 5.52, 184.96, 0.000709554
PHY_128, 5.52, 184.96, 0.000709554
input21, 5.52, 184.96, 0.000709554
output174, 5.52, 184.96, 0.000709554
PHY_127, 294.4, 184.96, 0.00182996
PHY_129, 294.4, 184.96, 0.00182996
output102, 294.4, 184.96, 0.00182996
FILLER_0_63_617, 294.4, 184.96, 0.00182996
FILLER_0_64_19, 15.33, 184.96, 0.00068798
FILLER_0_64_77, 37.94, 184.96, 0.000755198
FILLER_0_65_105, 50.74, 184.96, 0.000843989
FILLER_0_64_133, 63.54, 184.96, 0.00093278
FILLER_0_65_161, 76.34, 184.96, 0.00102157
FILLER_0_63_181, 89.14, 184.96, 0.00111036
FILLER_0_64_189, 89.14, 184.96, 0.00111036
FILLER_0_65_217, 101.94, 184.96, 0.00119915
FILLER_0_64_245, 114.74, 184.96, 0.00128794
FILLER_0_65_273, 127.54, 184.96, 0.00137673
FILLER_0_64_301, 140.34, 184.96, 0.00146553
_204_, 153.14, 184.96, 0.00155432
_205_, 153.14, 184.96, 0.00155432
FILLER_0_64_309, 153.14, 184.96, 0.00155432
FILLER_0_64_319, 153.14, 184.96, 0.00155432
FILLER_0_65_329, 153.14, 184.96, 0.00155432
FILLER_0_64_413, 191.591, 184.96, 0.00173578
FILLER_0_65_441, 204.442, 184.96, 0.00174835
FILLER_0_64_469, 217.293, 184.96, 0.00176091
FILLER_0_65_497, 230.144, 184.96, 0.00177348
FILLER_0_64_525, 242.995, 184.96, 0.00178604
FILLER_0_65_553, 255.846, 184.96, 0.00179861
FILLER_0_64_581, 268.697, 184.96, 0.00181118
_277_, 281.548, 184.96, 0.00182374
FILLER_0_64_613, 281.548, 184.96, 0.00182374
PHY_122, 5.52, 179.52, 0.000788599
PHY_124, 5.52, 179.52, 0.000788599
PHY_123, 294.4, 179.52, 0.00181992
PHY_125, 294.4, 179.52, 0.00181992
input52, 294.4, 179.52, 0.00181992
FILLER_0_61_617, 294.4, 179.52, 0.00181992
FILLER_0_62_77, 37.94, 179.52, 0.000931966
FILLER_0_63_105, 50.74, 179.52, 0.00107533
FILLER_0_62_133, 63.54, 179.52, 0.0012187
FILLER_0_63_161, 76.34, 179.52, 0.00136206
clkbuf_3_3__f_clk, 89.14, 179.52, 0.00150543
FILLER_0_62_189, 89.14, 179.52, 0.00150543
FILLER_0_63_218, 101.94, 179.52, 0.00154963
FILLER_0_62_245, 114.74, 179.52, 0.00159382
FILLER_0_63_273, 127.54, 179.52, 0.00163802
FILLER_0_62_301, 140.34, 179.52, 0.00168221
FILLER_0_63_329, 153.14, 179.52, 0.00172641
FILLER_0_62_357, 165.94, 179.52, 0.00177061
FILLER_0_62_413, 191.591, 179.52, 0.00181537
FILLER_0_63_441, 204.442, 179.52, 0.00181594
FILLER_0_62_469, 217.293, 179.52, 0.00181651
FILLER_0_63_497, 230.144, 179.52, 0.00181708
FILLER_0_62_525, 242.995, 179.52, 0.00181765
FILLER_0_63_553, 255.846, 179.52, 0.00181821
FILLER_0_62_581, 268.697, 179.52, 0.00181878
FILLER_0_62_613, 281.548, 179.52, 0.00181935
FILLER_0_63_609, 281.548, 179.52, 0.00181935
PHY_118, 5.52, 174.08, 0.000936755
PHY_120, 5.52, 174.08, 0.000936755
output173, 5.52, 174.08, 0.000936755
PHY_119, 294.4, 174.08, 0.00190886
PHY_121, 294.4, 174.08, 0.00190886
input14, 294.4, 174.08, 0.00190886
input41, 294.4, 174.08, 0.00190886
FILLER_0_59_617, 294.4, 174.08, 0.00190886
FILLER_0_60_77, 37.94, 174.08, 0.000978114
FILLER_0_61_105, 50.74, 174.08, 0.0010597
FILLER_0_60_133, 63.54, 174.08, 0.00114128
FILLER_0_61_161, 76.34, 174.08, 0.00122286
FILLER_0_60_189, 89.14, 174.08, 0.00130444
FILLER_0_61_217, 101.94, 174.08, 0.00138602
FILLER_0_60_245, 114.74, 174.08, 0.0014676
FILLER_0_61_273, 127.54, 174.08, 0.00154919
FILLER_0_60_301, 140.34, 174.08, 0.00163077
FILLER_0_61_329, 153.14, 174.08, 0.00171235
FILLER_0_60_357, 165.94, 174.08, 0.00179393
FILLER_0_60_413, 191.591, 174.08, 0.00187922
FILLER_0_61_441, 204.442, 174.08, 0.00188292
FILLER_0_60_469, 217.293, 174.08, 0.00188663
FILLER_0_61_497, 230.144, 174.08, 0.00189033
FILLER_0_60_525, 242.995, 174.08, 0.00189404
FILLER_0_61_553, 255.846, 174.08, 0.00189774
FILLER_0_60_581, 268.697, 174.08, 0.00190145
FILLER_0_61_609, 281.548, 174.08, 0.00190515
PHY_114, 5.52, 168.64, 0.00107519
PHY_116, 5.52, 168.64, 0.00107519
output181, 5.52, 168.64, 0.00107519
PHY_115, 294.4, 168.64, 0.00199354
PHY_117, 294.4, 168.64, 0.00199354
FILLER_0_57_617, 294.4, 168.64, 0.00199354
FILLER_0_58_77, 37.94, 168.64, 0.00112623
FILLER_0_59_105, 50.74, 168.64, 0.00121764
FILLER_0_58_133, 63.54, 168.64, 0.00130904
FILLER_0_59_161, 76.34, 168.64, 0.00140045
FILLER_0_58_189, 89.14, 168.64, 0.00149186
FILLER_0_59_217, 101.94, 168.64, 0.00158326
FILLER_0_58_245, 114.74, 168.64, 0.00167467
_220_, 127.54, 168.64, 0.00176608
FILLER_0_57_261, 127.54, 168.64, 0.00176608
FILLER_0_58_265, 127.54, 168.64, 0.00176608
FILLER_0_58_273, 127.54, 168.64, 0.00176608
FILLER_0_59_273, 127.54, 168.64, 0.00176608
_419_, 140.34, 168.64, 0.00185629
FILLER_0_57_293, 140.34, 168.64, 0.00185629
FILLER_0_58_281, 140.34, 168.64, 0.00185629
_312_, 153.14, 168.64, 0.00190637
FILLER_0_59_329, 153.14, 168.64, 0.00190637
FILLER_0_58_354, 165.94, 168.64, 0.00194995
FILLER_0_58_413, 191.591, 168.64, 0.00199354
FILLER_0_59_441, 204.442, 168.64, 0.00199354
FILLER_0_58_469, 217.293, 168.64, 0.00199354
FILLER_0_59_497, 230.144, 168.64, 0.00199354
FILLER_0_58_525, 242.995, 168.64, 0.00199354
FILLER_0_59_553, 255.846, 168.64, 0.00199354
FILLER_0_58_581, 268.697, 168.64, 0.00199354
FILLER_0_59_609, 281.548, 168.64, 0.00199354
PHY_110, 5.52, 163.2, 0.00115063
PHY_112, 5.52, 163.2, 0.00115063
output110, 5.52, 163.2, 0.00115063
PHY_111, 294.4, 163.2, 0.00213953
PHY_113, 294.4, 163.2, 0.00213953
input20, 294.4, 163.2, 0.00213953
FILLER_0_55_617, 294.4, 163.2, 0.00213953
FILLER_0_56_21, 15.33, 163.2, 0.00114587
FILLER_0_56_77, 37.94, 163.2, 0.00122883
FILLER_0_57_105, 50.74, 163.2, 0.00131654
FILLER_0_56_133, 63.54, 163.2, 0.00140426
FILLER_0_57_161, 76.34, 163.2, 0.00149198
_209_, 89.14, 163.2, 0.00157969
FILLER_0_55_169, 89.14, 163.2, 0.00157969
FILLER_0_56_189, 89.14, 163.2, 0.00157969
FILLER_0_57_217, 101.94, 163.2, 0.00166456
FILLER_0_56_245, 114.74, 163.2, 0.00174943
_221_, 127.54, 163.2, 0.0018343
FILLER_0_57_274, 127.54, 163.2, 0.0018343
_311_, 140.34, 163.2, 0.00191625
_313_, 140.34, 163.2, 0.00191625
_355_, 140.34, 163.2, 0.00191625
FILLER_0_55_281, 140.34, 163.2, 0.00191625
FILLER_0_55_289, 140.34, 163.2, 0.00191625
FILLER_0_56_289, 140.34, 163.2, 0.00191625
FILLER_0_56_302, 140.34, 163.2, 0.00191625
_352_, 153.14, 163.2, 0.00198342
fanout204, 153.14, 163.2, 0.00198342
FILLER_0_56_354, 165.94, 163.2, 0.00203509
FILLER_0_56_413, 191.591, 163.2, 0.00209475
FILLER_0_57_441, 204.442, 163.2, 0.00210274
FILLER_0_56_469, 217.293, 163.2, 0.00211073
FILLER_0_57_497, 230.144, 163.2, 0.00211872
FILLER_0_56_525, 242.995, 163.2, 0.0021267
_255_, 255.846, 163.2, 0.00213469
FILLER_0_57_553, 255.846, 163.2, 0.00213469
FILLER_0_56_581, 268.697, 163.2, 0.0021363
FILLER_0_56_613, 281.548, 163.2, 0.00213792
FILLER_0_57_609, 281.548, 163.2, 0.00213792
PHY_106, 5.52, 157.76, 0.00131927
PHY_108, 5.52, 157.76, 0.00131927
input70, 5.52, 157.76, 0.00131927
PHY_107, 294.4, 157.76, 0.00290328
PHY_109, 294.4, 157.76, 0.00290328
output134, 294.4, 157.76, 0.00290328
FILLER_0_53_617, 294.4, 157.76, 0.00290328
_207_, 15.33, 157.76, 0.00131861
_342_, 15.33, 157.76, 0.00131861
FILLER_0_54_18, 15.33, 157.76, 0.00131861
FILLER_0_54_77, 37.94, 157.76, 0.00145621
FILLER_0_55_105, 50.74, 157.76, 0.00160201
FILLER_0_54_133, 63.54, 157.76, 0.00174781
_208_, 76.34, 157.76, 0.00189361
FILLER_0_55_161, 76.34, 157.76, 0.00189361
FILLER_0_55_218, 101.94, 157.76, 0.00218278
FILLER_0_54_245, 114.74, 157.76, 0.00232736
_262_, 127.54, 157.76, 0.00247194
_267_, 127.54, 157.76, 0.00247194
_293_, 127.54, 157.76, 0.00247194
FILLER_0_54_265, 127.54, 157.76, 0.00247194
FILLER_0_55_273, 127.54, 157.76, 0.00247194
_310_, 140.34, 157.76, 0.00256861
_354_, 140.34, 157.76, 0.00256861
_410_, 140.34, 157.76, 0.00256861
_439_, 140.34, 157.76, 0.00256861
fanout205, 140.34, 157.76, 0.00256861
FILLER_0_54_280, 140.34, 157.76, 0.00256861
_294_, 153.14, 157.76, 0.00255867
_295_, 153.14, 157.76, 0.00255867
_414_, 153.14, 157.76, 0.00255867
_438_, 153.14, 157.76, 0.00255867
FILLER_0_55_331, 153.14, 157.76, 0.00255867
_302_, 165.94, 157.76, 0.00247498
FILLER_0_54_356, 165.94, 157.76, 0.00247498
_421_, 191.591, 157.76, 0.0024949
FILLER_0_54_411, 191.591, 157.76, 0.0024949
FILLER_0_55_441, 204.442, 157.76, 0.00257669
_201_, 217.293, 157.76, 0.00265849
FILLER_0_54_457, 217.293, 157.76, 0.00265849
FILLER_0_54_466, 217.293, 157.76, 0.00265849
FILLER_0_55_497, 230.144, 157.76, 0.00271364
FILLER_0_54_525, 242.995, 157.76, 0.0027688
FILLER_0_55_529, 242.995, 157.76, 0.0027688
_256_, 255.846, 157.76, 0.00282396
_392_, 255.846, 157.76, 0.00282396
FILLER_0_54_578, 268.697, 157.76, 0.0028504
FILLER_0_54_613, 281.548, 157.76, 0.00287684
FILLER_0_55_609, 281.548, 157.76, 0.00287684
_433_, 5.52, 152.32, 0.0015007
PHY_102, 5.52, 152.32, 0.0015007
PHY_104, 5.52, 152.32, 0.0015007
input11, 5.52, 152.32, 0.0015007
FILLER_0_53_6, 5.52, 152.32, 0.0015007
PHY_103, 294.4, 152.32, 0.00283542
PHY_105, 294.4, 152.32, 0.00283542
fanout210, 294.4, 152.32, 0.00283542
_343_, 15.33, 152.32, 0.00147873
_349_, 15.33, 152.32, 0.00147873
FILLER_0_52_80, 37.94, 152.32, 0.00159998
FILLER_0_53_105, 50.74, 152.32, 0.00175086
FILLER_0_52_133, 63.54, 152.32, 0.00190174
FILLER_0_52_165, 76.34, 152.32, 0.00205262
FILLER_0_53_161, 76.34, 152.32, 0.00205262
_259_, 89.14, 152.32, 0.0022035
_260_, 89.14, 152.32, 0.0022035
_394_, 89.14, 152.32, 0.0022035
FILLER_0_52_185, 89.14, 152.32, 0.0022035
FILLER_0_52_193, 89.14, 152.32, 0.0022035
FILLER_0_53_217, 101.94, 152.32, 0.00231419
_268_, 114.74, 152.32, 0.00242488
FILLER_0_51_237, 114.74, 152.32, 0.00242488
FILLER_0_52_245, 114.74, 152.32, 0.00242488
FILLER_0_53_249, 114.74, 152.32, 0.00242488
_301_, 127.54, 152.32, 0.00253136
_395_, 127.54, 152.32, 0.00253136
_252_, 140.34, 152.32, 0.0025936
_300_, 140.34, 152.32, 0.0025936
_418_, 140.34, 152.32, 0.0025936
FILLER_0_51_281, 140.34, 152.32, 0.0025936
_303_, 153.14, 152.32, 0.00259764
_413_, 153.14, 152.32, 0.00259764
fanout203, 153.14, 152.32, 0.00259764
FILLER_0_53_358, 165.94, 152.32, 0.00255184
_282_, 191.591, 152.32, 0.00258804
_315_, 191.591, 152.32, 0.00258804
_316_, 191.591, 152.32, 0.00258804
fanout208, 204.442, 152.32, 0.00265423
FILLER_0_53_437, 204.442, 152.32, 0.00265423
FILLER_0_53_445, 204.442, 152.32, 0.00265423
_249_, 217.293, 152.32, 0.00271672
_357_, 217.293, 152.32, 0.00271672
fanout207, 217.293, 152.32, 0.00271672
FILLER_0_51_458, 217.293, 152.32, 0.00271672
FILLER_0_52_452, 217.293, 152.32, 0.00271672
FILLER_0_52_460, 217.293, 152.32, 0.00271672
_177_, 230.144, 152.32, 0.00275843
_181_, 230.144, 152.32, 0.00275843
FILLER_0_53_497, 230.144, 152.32, 0.00275843
FILLER_0_52_525, 242.995, 152.32, 0.0027776
FILLER_0_53_529, 242.995, 152.32, 0.0027776
FILLER_0_53_552, 255.846, 152.32, 0.00279678
_213_, 268.697, 152.32, 0.00281596
FILLER_0_52_581, 268.697, 152.32, 0.00281596
_377_, 281.548, 152.32, 0.00283203
fanout209, 281.548, 152.32, 0.00283203
FILLER_0_52_601, 281.548, 152.32, 0.00283203
FILLER_0_53_609, 281.548, 152.32, 0.00283203
_348_, 5.52, 146.88, 0.00164235
_436_, 5.52, 146.88, 0.00164235
PHY_98, 5.52, 146.88, 0.00164235
PHY_100, 5.52, 146.88, 0.00164235
ANTENNA_1, 5.52, 146.88, 0.00164235
PHY_99, 294.4, 146.88, 0.00387184
PHY_101, 294.4, 146.88, 0.00387184
input4, 294.4, 146.88, 0.00387184
FILLER_0_49_617, 294.4, 146.88, 0.00387184
_198_, 15.33, 146.88, 0.0016182
_202_, 15.33, 146.88, 0.0016182
_203_, 15.33, 146.88, 0.0016182
_206_, 15.33, 146.88, 0.0016182
FILLER_0_50_23, 15.33, 146.88, 0.0016182
FILLER_0_50_77, 37.94, 146.88, 0.00178021
FILLER_0_51_105, 50.74, 146.88, 0.00197321
FILLER_0_50_133, 63.54, 146.88, 0.00216621
FILLER_0_51_161, 76.34, 146.88, 0.00235921
FILLER_0_50_189, 89.14, 146.88, 0.00255221
FILLER_0_51_214, 101.94, 146.88, 0.00274521
_398_, 114.74, 146.88, 0.00293821
FILLER_0_50_245, 114.74, 146.88, 0.00293821
_184_, 127.54, 146.88, 0.00309543
_215_, 127.54, 146.88, 0.00309543
_261_, 127.54, 146.88, 0.00309543
_214_, 140.34, 146.88, 0.00323715
_296_, 140.34, 146.88, 0.00323715
_389_, 140.34, 146.88, 0.00323715
clkbuf_0_clk, 140.34, 146.88, 0.00323715
FILLER_0_50_282, 140.34, 146.88, 0.00323715
_297_, 153.14, 146.88, 0.00313177
_359_, 153.14, 146.88, 0.00313177
_360_, 153.14, 146.88, 0.00313177
_441_, 153.14, 146.88, 0.00313177
_353_, 165.94, 146.88, 0.00296925
FILLER_0_51_361, 165.94, 146.88, 0.00296925
_318_, 191.591, 146.88, 0.00313933
_325_, 191.591, 146.88, 0.00313933
_404_, 191.591, 146.88, 0.00313933
_420_, 191.591, 146.88, 0.00313933
FILLER_0_50_413, 191.591, 146.88, 0.00313933
_281_, 204.442, 146.88, 0.00338565
FILLER_0_50_442, 204.442, 146.88, 0.00338565
FILLER_0_51_444, 204.442, 146.88, 0.00338565
_243_, 217.293, 146.88, 0.00362536
_244_, 217.293, 146.88, 0.00362536
_253_, 217.293, 146.88, 0.00362536
_271_, 217.293, 146.88, 0.00362536
_356_, 217.293, 146.88, 0.00362536
_390_, 217.293, 146.88, 0.00362536
_179_, 230.144, 146.88, 0.00373575
_180_, 230.144, 146.88, 0.00373575
_250_, 230.144, 146.88, 0.00373575
_254_, 230.144, 146.88, 0.00373575
hold6, 230.144, 146.88, 0.00373575
FILLER_0_49_486, 230.144, 146.88, 0.00373575
FILLER_0_51_553, 255.846, 146.88, 0.00380316
FILLER_0_50_581, 268.697, 146.88, 0.00383687
_378_, 281.548, 146.88, 0.00387058
_450_, 281.548, 146.88, 0.00387058
FILLER_0_51_602, 281.548, 146.88, 0.00387058
FILLER_0_51_608, 281.548, 146.88, 0.00387058
PHY_94, 5.52, 141.44, 0.00158425
PHY_96, 5.52, 141.44, 0.00158425
input69, 5.52, 141.44, 0.00158425
FILLER_0_49_6, 5.52, 141.44, 0.00158425
PHY_95, 294.4, 141.44, 0.00308535
PHY_97, 294.4, 141.44, 0.00308535
input100, 294.4, 141.44, 0.00308535
output167, 294.4, 141.44, 0.00308535
FILLER_0_47_617, 294.4, 141.44, 0.00308535
_197_, 15.33, 141.44, 0.0015839
FILLER_0_48_77, 37.94, 141.44, 0.00169015
FILLER_0_49_105, 50.74, 141.44, 0.00179764
FILLER_0_48_133, 63.54, 141.44, 0.00190513
FILLER_0_49_161, 76.34, 141.44, 0.00201261
FILLER_0_48_189, 89.14, 141.44, 0.0021201
FILLER_0_49_217, 101.94, 141.44, 0.00222758
_183_, 114.74, 141.44, 0.00233507
FILLER_0_48_277, 127.54, 141.44, 0.00244137
FILLER_0_49_273, 127.54, 141.44, 0.00244137
_192_, 140.34, 141.44, 0.00254768
_194_, 140.34, 141.44, 0.00254768
_217_, 140.34, 141.44, 0.00254768
_251_, 140.34, 141.44, 0.00254768
_372_, 140.34, 141.44, 0.00254768
_411_, 140.34, 141.44, 0.00254768
ANTENNA_3, 140.34, 141.44, 0.00254768
FILLER_0_47_281, 140.34, 141.44, 0.00254768
FILLER_0_47_289, 140.34, 141.44, 0.00254768
_216_, 153.14, 141.44, 0.00258891
_371_, 153.14, 141.44, 0.00258891
_375_, 153.14, 141.44, 0.00258891
_449_, 153.14, 141.44, 0.00258891
FILLER_0_48_358, 165.94, 141.44, 0.00257482
_290_, 191.591, 141.44, 0.00271561
_370_, 191.591, 141.44, 0.00271561
_446_, 191.591, 141.44, 0.00271561
_289_, 204.442, 141.44, 0.00283261
_358_, 204.442, 141.44, 0.00283261
_369_, 204.442, 141.44, 0.00283261
_440_, 204.442, 141.44, 0.00283261
FILLER_0_49_436, 204.442, 141.44, 0.00283261
_391_, 217.293, 141.44, 0.00290325
fanout206, 217.293, 141.44, 0.00290325
FILLER_0_48_459, 217.293, 141.44, 0.00290325
FILLER_0_48_471, 217.293, 141.44, 0.00290325
_178_, 230.144, 141.44, 0.00294528
FILLER_0_49_494, 230.144, 141.44, 0.00294528
FILLER_0_48_525, 242.995, 141.44, 0.00298084
_212_, 255.846, 141.44, 0.0030164
_275_, 255.846, 141.44, 0.0030164
_276_, 255.846, 141.44, 0.0030164
FILLER_0_48_581, 268.697, 141.44, 0.00303938
FILLER_0_48_613, 281.548, 141.44, 0.00306236
FILLER_0_49_609, 281.548, 141.44, 0.00306236
PHY_90, 5.52, 136, 0.0016823
PHY_92, 5.52, 136, 0.0016823
output126, 5.52, 136, 0.0016823
PHY_91, 294.4, 136, 0.00325173
PHY_93, 294.4, 136, 0.00325173
output155, 294.4, 136, 0.00325173
FILLER_0_45_617, 294.4, 136, 0.00325173
_190_, 37.94, 136, 0.00177899
FILLER_0_46_73, 37.94, 136, 0.00177899
FILLER_0_46_81, 37.94, 136, 0.00177899
FILLER_0_47_105, 50.74, 136, 0.00188375
FILLER_0_46_133, 63.54, 136, 0.0019885
FILLER_0_47_161, 76.34, 136, 0.00209326
FILLER_0_46_189, 89.14, 136, 0.00219802
FILLER_0_47_217, 101.94, 136, 0.00230278
_230_, 114.74, 136, 0.00240753
FILLER_0_45_225, 114.74, 136, 0.00240753
FILLER_0_46_245, 114.74, 136, 0.00240753
FILLER_0_47_273, 127.54, 136, 0.00250735
_191_, 140.34, 136, 0.00260717
_200_, 140.34, 136, 0.00260717
_335_, 140.34, 136, 0.00260717
_447_, 140.34, 136, 0.00260717
FILLER_0_45_293, 140.34, 136, 0.00260717
FILLER_0_46_289, 140.34, 136, 0.00260717
_193_, 153.14, 136, 0.00262072
_199_, 153.14, 136, 0.00262072
_225_, 153.14, 136, 0.00262072
_226_, 153.14, 136, 0.00262072
_234_, 153.14, 136, 0.00262072
_376_, 153.14, 136, 0.00262072
ANTENNA_4, 153.14, 136, 0.00262072
_291_, 191.591, 136, 0.00279265
_408_, 191.591, 136, 0.00279265
FILLER_0_46_401, 191.591, 136, 0.00279265
FILLER_0_47_405, 191.591, 136, 0.00279265
_314_, 204.442, 136, 0.00292282
_182_, 217.293, 136, 0.00301161
FILLER_0_46_456, 217.293, 136, 0.00301161
FILLER_0_47_497, 230.144, 136, 0.00306862
FILLER_0_46_525, 242.995, 136, 0.00312564
_401_, 255.846, 136, 0.00318266
FILLER_0_47_553, 255.846, 136, 0.00318266
FILLER_0_46_579, 268.697, 136, 0.00320568
FILLER_0_47_609, 281.548, 136, 0.0032287
PHY_86, 5.52, 130.56, 0.00171883
PHY_88, 5.52, 130.56, 0.00171883
input37, 5.52, 130.56, 0.00171883
PHY_87, 294.4, 130.56, 0.00253055
PHY_89, 294.4, 130.56, 0.00253055
FILLER_0_43_617, 294.4, 130.56, 0.00253055
_189_, 37.94, 130.56, 0.00178326
FILLER_0_44_80, 37.94, 130.56, 0.00178326
FILLER_0_45_105, 50.74, 130.56, 0.00184722
FILLER_0_44_133, 63.54, 130.56, 0.00191119
FILLER_0_45_161, 76.34, 130.56, 0.00197515
FILLER_0_44_189, 89.14, 130.56, 0.00203912
_229_, 101.94, 130.56, 0.00210309
FILLER_0_45_217, 101.94, 130.56, 0.00210309
FILLER_0_45_269, 127.54, 130.56, 0.00222874
FILLER_0_45_277, 127.54, 130.56, 0.00222874
_233_, 140.34, 130.56, 0.00229156
FILLER_0_44_301, 140.34, 130.56, 0.00229156
FILLER_0_45_325, 153.14, 130.56, 0.00235303
FILLER_0_45_333, 153.14, 130.56, 0.00235303
FILLER_0_44_357, 165.94, 130.56, 0.0024145
_292_, 191.591, 130.56, 0.00252396
_409_, 191.591, 130.56, 0.00252396
FILLER_0_44_413, 191.591, 130.56, 0.00252396
FILLER_0_45_405, 191.591, 130.56, 0.00252396
_237_, 204.442, 130.56, 0.00253055
_238_, 204.442, 130.56, 0.00253055
FILLER_0_44_421, 204.442, 130.56, 0.00253055
FILLER_0_44_431, 204.442, 130.56, 0.00253055
FILLER_0_45_437, 204.442, 130.56, 0.00253055
FILLER_0_45_445, 204.442, 130.56, 0.00253055
FILLER_0_45_497, 230.144, 130.56, 0.00253055
FILLER_0_44_525, 242.995, 130.56, 0.00253055
FILLER_0_45_553, 255.846, 130.56, 0.00253055
FILLER_0_44_581, 268.697, 130.56, 0.00253055
FILLER_0_45_609, 281.548, 130.56, 0.00253055
PHY_82, 5.52, 125.12, 0.0017913
PHY_84, 5.52, 125.12, 0.0017913
input98, 5.52, 125.12, 0.0017913
PHY_83, 294.4, 125.12, 0.00249176
PHY_85, 294.4, 125.12, 0.00249176
input42, 294.4, 125.12, 0.00249176
FILLER_0_41_617, 294.4, 125.12, 0.00249176
FILLER_0_42_18, 15.33, 125.12, 0.00179089
FILLER_0_42_77, 37.94, 125.12, 0.00184737
FILLER_0_43_105, 50.74, 125.12, 0.00190425
FILLER_0_42_133, 63.54, 125.12, 0.00196113
FILLER_0_43_161, 76.34, 125.12, 0.00201801
FILLER_0_42_189, 89.14, 125.12, 0.00207489
FILLER_0_43_217, 101.94, 125.12, 0.00213177
FILLER_0_42_245, 114.74, 125.12, 0.00218865
FILLER_0_43_273, 127.54, 125.12, 0.00224553
FILLER_0_42_301, 140.34, 125.12, 0.00230241
FILLER_0_43_329, 153.14, 125.12, 0.00235929
FILLER_0_42_357, 165.94, 125.12, 0.00241616
FILLER_0_42_413, 191.591, 125.12, 0.00247512
FILLER_0_43_441, 204.442, 125.12, 0.0024772
FILLER_0_42_469, 217.293, 125.12, 0.00247928
FILLER_0_43_497, 230.144, 125.12, 0.00248136
FILLER_0_42_525, 242.995, 125.12, 0.00248344
FILLER_0_43_553, 255.846, 125.12, 0.00248552
FILLER_0_42_581, 268.697, 125.12, 0.0024876
FILLER_0_43_609, 281.548, 125.12, 0.00248968
PHY_78, 5.52, 119.68, 0.00192452
PHY_80, 5.52, 119.68, 0.00192452
output136, 5.52, 119.68, 0.00192452
PHY_79, 294.4, 119.68, 0.002645
PHY_81, 294.4, 119.68, 0.002645
input6, 294.4, 119.68, 0.002645
input99, 294.4, 119.68, 0.002645
FILLER_0_39_617, 294.4, 119.68, 0.002645
FILLER_0_40_77, 37.94, 119.68, 0.00193835
FILLER_0_41_105, 50.74, 119.68, 0.00199233
FILLER_0_40_133, 63.54, 119.68, 0.00204631
FILLER_0_41_161, 76.34, 119.68, 0.00210029
FILLER_0_40_189, 89.14, 119.68, 0.00215427
FILLER_0_41_217, 101.94, 119.68, 0.00220825
FILLER_0_40_245, 114.74, 119.68, 0.00226223
FILLER_0_41_273, 127.54, 119.68, 0.00231622
FILLER_0_40_301, 140.34, 119.68, 0.0023702
FILLER_0_41_329, 153.14, 119.68, 0.00242418
FILLER_0_40_357, 165.94, 119.68, 0.00247816
FILLER_0_40_413, 191.591, 119.68, 0.0025663
FILLER_0_41_441, 204.442, 119.68, 0.00260046
_222_, 217.293, 119.68, 0.00263462
FILLER_0_40_469, 217.293, 119.68, 0.00263462
FILLER_0_41_498, 230.144, 119.68, 0.00263635
FILLER_0_40_525, 242.995, 119.68, 0.00263808
FILLER_0_41_553, 255.846, 119.68, 0.00263981
FILLER_0_40_581, 268.697, 119.68, 0.00264154
FILLER_0_40_613, 281.548, 119.68, 0.00264327
FILLER_0_41_609, 281.548, 119.68, 0.00264327
PHY_74, 5.52, 114.24, 0.00194432
PHY_76, 5.52, 114.24, 0.00194432
input67, 5.52, 114.24, 0.00194432
PHY_75, 294.4, 114.24, 0.00271822
PHY_77, 294.4, 114.24, 0.00271822
FILLER_0_37_617, 294.4, 114.24, 0.00271822
FILLER_0_38_77, 37.94, 114.24, 0.00200238
FILLER_0_39_105, 50.74, 114.24, 0.00206263
FILLER_0_38_133, 63.54, 114.24, 0.00212287
FILLER_0_39_161, 76.34, 114.24, 0.00218311
FILLER_0_38_189, 89.14, 114.24, 0.00224336
FILLER_0_39_217, 101.94, 114.24, 0.0023036
FILLER_0_38_245, 114.74, 114.24, 0.00236384
FILLER_0_39_273, 127.54, 114.24, 0.00242408
FILLER_0_38_301, 140.34, 114.24, 0.00248433
FILLER_0_39_329, 153.14, 114.24, 0.00254457
FILLER_0_38_357, 165.94, 114.24, 0.00260481
_280_, 191.591, 114.24, 0.00271209
_403_, 191.591, 114.24, 0.00271209
FILLER_0_38_404, 191.591, 114.24, 0.00271209
FILLER_0_38_412, 191.591, 114.24, 0.00271209
FILLER_0_39_405, 191.591, 114.24, 0.00271209
_279_, 204.442, 114.24, 0.00271822
FILLER_0_39_444, 204.442, 114.24, 0.00271822
FILLER_0_38_466, 217.293, 114.24, 0.00271822
FILLER_0_39_497, 230.144, 114.24, 0.00271822
FILLER_0_38_525, 242.995, 114.24, 0.00271822
FILLER_0_39_553, 255.846, 114.24, 0.00271822
FILLER_0_38_581, 268.697, 114.24, 0.00271822
FILLER_0_37_597, 281.548, 114.24, 0.00271822
FILLER_0_39_609, 281.548, 114.24, 0.00271822
PHY_70, 5.52, 108.8, 0.00200816
PHY_72, 5.52, 108.8, 0.00200816
input16, 5.52, 108.8, 0.00200816
PHY_71, 294.4, 108.8, 0.0029866
PHY_73, 294.4, 108.8, 0.0029866
input87, 294.4, 108.8, 0.0029866
FILLER_0_35_617, 294.4, 108.8, 0.0029866
FILLER_0_36_18, 15.33, 108.8, 0.00200701
FILLER_0_36_77, 37.94, 108.8, 0.00205891
FILLER_0_37_105, 50.74, 108.8, 0.00211195
FILLER_0_36_133, 63.54, 108.8, 0.00216499
FILLER_0_37_161, 76.34, 108.8, 0.00221803
FILLER_0_36_189, 89.14, 108.8, 0.00227108
FILLER_0_37_217, 101.94, 108.8, 0.00232412
FILLER_0_36_245, 114.74, 108.8, 0.00237716
FILLER_0_37_273, 127.54, 108.8, 0.0024302
_304_, 140.34, 108.8, 0.00248325
FILLER_0_36_301, 140.34, 108.8, 0.00248325
FILLER_0_37_329, 153.14, 108.8, 0.00252973
FILLER_0_36_357, 165.94, 108.8, 0.00257622
FILLER_0_36_413, 191.591, 108.8, 0.00268803
FILLER_0_37_441, 204.442, 108.8, 0.00275336
_272_, 217.293, 108.8, 0.00281868
FILLER_0_36_469, 217.293, 108.8, 0.00281868
FILLER_0_36_525, 242.995, 108.8, 0.00288563
FILLER_0_37_553, 255.846, 108.8, 0.00291911
FILLER_0_36_581, 268.697, 108.8, 0.00295258
_285_, 281.548, 108.8, 0.00298605
_406_, 281.548, 108.8, 0.00298605
FILLER_0_35_597, 281.548, 108.8, 0.00298605
FILLER_0_36_601, 281.548, 108.8, 0.00298605
PHY_66, 5.52, 103.36, 0.00210505
PHY_68, 5.52, 103.36, 0.00210505
input31, 5.52, 103.36, 0.00210505
PHY_67, 294.4, 103.36, 0.00272872
PHY_69, 294.4, 103.36, 0.00272872
input18, 294.4, 103.36, 0.00272872
FILLER_0_33_617, 294.4, 103.36, 0.00272872
FILLER_0_34_19, 15.33, 103.36, 0.00210331
FILLER_0_34_77, 37.94, 103.36, 0.00219099
FILLER_0_35_105, 50.74, 103.36, 0.00228041
FILLER_0_34_133, 63.54, 103.36, 0.00236982
FILLER_0_35_161, 76.34, 103.36, 0.00245924
FILLER_0_34_189, 89.14, 103.36, 0.00254866
FILLER_0_35_217, 101.94, 103.36, 0.00263808
FILLER_0_34_245, 114.74, 103.36, 0.00272749
clkbuf_3_1__f_clk, 127.54, 103.36, 0.00281691
FILLER_0_34_265, 127.54, 103.36, 0.00281691
FILLER_0_35_273, 127.54, 103.36, 0.00281691
_305_, 140.34, 103.36, 0.00281241
_415_, 140.34, 103.36, 0.00281241
FILLER_0_33_293, 140.34, 103.36, 0.00281241
FILLER_0_35_325, 153.14, 103.36, 0.00276679
FILLER_0_35_333, 153.14, 103.36, 0.00276679
FILLER_0_34_357, 165.94, 103.36, 0.00272117
FILLER_0_34_413, 191.591, 103.36, 0.00268193
FILLER_0_35_441, 204.442, 103.36, 0.00268831
FILLER_0_34_469, 217.293, 103.36, 0.0026947
FILLER_0_35_497, 230.144, 103.36, 0.00270108
FILLER_0_34_525, 242.995, 103.36, 0.00270746
FILLER_0_35_553, 255.846, 103.36, 0.00271384
FILLER_0_34_581, 268.697, 103.36, 0.00272023
_286_, 281.548, 103.36, 0.00272661
FILLER_0_35_605, 281.548, 103.36, 0.00272661
FILLER_0_35_611, 281.548, 103.36, 0.00272661
PHY_62, 5.52, 97.92, 0.00213369
PHY_64, 5.52, 97.92, 0.00213369
PHY_63, 294.4, 97.92, 0.00270346
PHY_65, 294.4, 97.92, 0.00270346
input78, 294.4, 97.92, 0.00270346
FILLER_0_31_617, 294.4, 97.92, 0.00270346
FILLER_0_32_77, 37.94, 97.92, 0.0021868
FILLER_0_33_105, 50.74, 97.92, 0.0022399
FILLER_0_32_133, 63.54, 97.92, 0.002293
FILLER_0_33_161, 76.34, 97.92, 0.0023461
FILLER_0_32_189, 89.14, 97.92, 0.00239921
FILLER_0_33_217, 101.94, 97.92, 0.00245231
FILLER_0_32_245, 114.74, 97.92, 0.00250541
FILLER_0_33_273, 127.54, 97.92, 0.00255851
_309_, 140.34, 97.92, 0.00261161
_417_, 140.34, 97.92, 0.00261161
FILLER_0_32_301, 140.34, 97.92, 0.00261161
_308_, 153.14, 97.92, 0.00263147
FILLER_0_33_331, 153.14, 97.92, 0.00263147
FILLER_0_32_354, 165.94, 97.92, 0.00264525
FILLER_0_32_413, 191.591, 97.92, 0.00267269
_273_, 204.442, 97.92, 0.00268634
_274_, 204.442, 97.92, 0.00268634
FILLER_0_33_441, 204.442, 97.92, 0.00268634
FILLER_0_32_469, 217.293, 97.92, 0.00268896
FILLER_0_33_497, 230.144, 97.92, 0.00269157
FILLER_0_32_525, 242.995, 97.92, 0.00269418
FILLER_0_33_553, 255.846, 97.92, 0.00269679
FILLER_0_32_581, 268.697, 97.92, 0.0026994
_241_, 281.548, 97.92, 0.00270201
FILLER_0_33_609, 281.548, 97.92, 0.00270201
PHY_58, 5.52, 92.48, 0.00220919
PHY_60, 5.52, 92.48, 0.00220919
input75, 5.52, 92.48, 0.00220919
output105, 5.52, 92.48, 0.00220919
PHY_59, 294.4, 92.48, 0.00327468
PHY_61, 294.4, 92.48, 0.00327468
output123, 294.4, 92.48, 0.00327468
FILLER_0_30_616, 294.4, 92.48, 0.00327468
FILLER_0_30_18, 15.33, 92.48, 0.00220337
_211_, 37.94, 92.48, 0.00224832
FILLER_0_30_65, 37.94, 92.48, 0.00224832
FILLER_0_30_73, 37.94, 92.48, 0.00224832
FILLER_0_30_79, 37.94, 92.48, 0.00224832
FILLER_0_31_105, 50.74, 92.48, 0.00229761
FILLER_0_30_133, 63.54, 92.48, 0.0023469
FILLER_0_31_161, 76.34, 92.48, 0.00239619
FILLER_0_30_189, 89.14, 92.48, 0.00244548
FILLER_0_31_217, 101.94, 92.48, 0.00249477
FILLER_0_30_245, 114.74, 92.48, 0.00254406
FILLER_0_31_273, 127.54, 92.48, 0.00259335
_218_, 140.34, 92.48, 0.00264264
FILLER_0_30_301, 140.34, 92.48, 0.00264264
_185_, 153.14, 92.48, 0.00269074
_186_, 153.14, 92.48, 0.00269074
FILLER_0_29_310, 153.14, 92.48, 0.00269074
FILLER_0_30_309, 153.14, 92.48, 0.00269074
FILLER_0_31_329, 153.14, 92.48, 0.00269074
FILLER_0_30_356, 165.94, 92.48, 0.00273296
FILLER_0_30_413, 191.591, 92.48, 0.00293542
FILLER_0_31_417, 191.591, 92.48, 0.00293542
_400_, 204.442, 92.48, 0.00309565
FILLER_0_31_444, 204.442, 92.48, 0.00309565
clkbuf_3_5__f_clk, 217.293, 92.48, 0.00322719
FILLER_0_30_465, 217.293, 92.48, 0.00322719
FILLER_0_30_473, 217.293, 92.48, 0.00322719
FILLER_0_31_497, 230.144, 92.48, 0.00323543
FILLER_0_30_525, 242.995, 92.48, 0.00324367
FILLER_0_31_553, 255.846, 92.48, 0.00325192
FILLER_0_30_581, 268.697, 92.48, 0.00326016
FILLER_0_31_585, 268.697, 92.48, 0.00326016
_242_, 281.548, 92.48, 0.0032684
FILLER_0_31_609, 281.548, 92.48, 0.0032684
PHY_54, 5.52, 87.04, 0.00223893
PHY_56, 5.52, 87.04, 0.00223893
PHY_55, 294.4, 87.04, 0.00269441
PHY_57, 294.4, 87.04, 0.00269441
FILLER_0_27_617, 294.4, 87.04, 0.00269441
_210_, 37.94, 87.04, 0.00227741
FILLER_0_28_77, 37.94, 87.04, 0.00227741
FILLER_0_28_133, 63.54, 87.04, 0.00235198
FILLER_0_29_161, 76.34, 87.04, 0.00238926
FILLER_0_28_189, 89.14, 87.04, 0.00242655
FILLER_0_29_217, 101.94, 87.04, 0.00246383
FILLER_0_28_245, 114.74, 87.04, 0.00250112
FILLER_0_29_273, 127.54, 87.04, 0.0025384
_219_, 140.34, 87.04, 0.00257568
FILLER_0_29_331, 153.14, 87.04, 0.00260964
FILLER_0_28_357, 165.94, 87.04, 0.00264359
FILLER_0_28_413, 191.591, 87.04, 0.00268012
FILLER_0_29_441, 204.442, 87.04, 0.00268269
FILLER_0_28_469, 217.293, 87.04, 0.00268526
FILLER_0_29_493, 230.144, 87.04, 0.00268784
FILLER_0_29_501, 230.144, 87.04, 0.00268784
FILLER_0_28_525, 242.995, 87.04, 0.00269041
_187_, 255.846, 87.04, 0.00269298
FILLER_0_29_553, 255.846, 87.04, 0.00269298
_188_, 268.697, 87.04, 0.00269441
FILLER_0_28_563, 268.697, 87.04, 0.00269441
FILLER_0_28_581, 268.697, 87.04, 0.00269441
FILLER_0_29_609, 281.548, 87.04, 0.00269441
PHY_50, 5.52, 81.6, 0.00229564
PHY_52, 5.52, 81.6, 0.00229564
input79, 5.52, 81.6, 0.00229564
PHY_51, 294.4, 81.6, 0.00270847
PHY_53, 294.4, 81.6, 0.00270847
input3, 294.4, 81.6, 0.00270847
FILLER_0_25_617, 294.4, 81.6, 0.00270847
FILLER_0_26_77, 37.94, 81.6, 0.00232584
FILLER_0_27_105, 50.74, 81.6, 0.00235957
FILLER_0_26_133, 63.54, 81.6, 0.0023933
FILLER_0_27_161, 76.34, 81.6, 0.00242703
FILLER_0_26_189, 89.14, 81.6, 0.00246076
FILLER_0_27_217, 101.94, 81.6, 0.00249448
FILLER_0_26_245, 114.74, 81.6, 0.00252821
FILLER_0_27_273, 127.54, 81.6, 0.00256194
FILLER_0_26_301, 140.34, 81.6, 0.00259567
FILLER_0_27_329, 153.14, 81.6, 0.0026294
FILLER_0_26_357, 165.94, 81.6, 0.00266313
FILLER_0_26_413, 191.591, 81.6, 0.00269815
FILLER_0_27_441, 204.442, 81.6, 0.00269944
FILLER_0_26_469, 217.293, 81.6, 0.00270073
FILLER_0_27_497, 230.144, 81.6, 0.00270202
FILLER_0_26_525, 242.995, 81.6, 0.00270331
FILLER_0_27_553, 255.846, 81.6, 0.0027046
FILLER_0_26_581, 268.697, 81.6, 0.00270589
FILLER_0_26_613, 281.548, 81.6, 0.00270718
FILLER_0_27_609, 281.548, 81.6, 0.00270718
PHY_46, 5.52, 76.16, 0.00234765
PHY_48, 5.52, 76.16, 0.00234765
input34, 5.52, 76.16, 0.00234765
PHY_47, 294.4, 76.16, 0.00275936
PHY_49, 294.4, 76.16, 0.00275936
input45, 294.4, 76.16, 0.00275936
FILLER_0_23_617, 294.4, 76.16, 0.00275936
FILLER_0_24_77, 37.94, 76.16, 0.00237582
FILLER_0_25_105, 50.74, 76.16, 0.00240762
FILLER_0_24_133, 63.54, 76.16, 0.00243942
FILLER_0_25_161, 76.34, 76.16, 0.00247122
FILLER_0_24_189, 89.14, 76.16, 0.00250302
FILLER_0_25_217, 101.94, 76.16, 0.00253482
FILLER_0_24_245, 114.74, 76.16, 0.00256662
FILLER_0_25_273, 127.54, 76.16, 0.00259842
FILLER_0_24_301, 140.34, 76.16, 0.00263022
FILLER_0_25_329, 153.14, 76.16, 0.00266202
FILLER_0_24_357, 165.94, 76.16, 0.00269382
FILLER_0_24_413, 191.591, 76.16, 0.00273406
_248_, 204.442, 76.16, 0.0027425
FILLER_0_24_433, 204.442, 76.16, 0.0027425
FILLER_0_24_441, 204.442, 76.16, 0.0027425
FILLER_0_25_441, 204.442, 76.16, 0.0027425
_247_, 217.293, 76.16, 0.00274594
FILLER_0_24_448, 217.293, 76.16, 0.00274594
FILLER_0_24_468, 217.293, 76.16, 0.00274594
FILLER_0_25_497, 230.144, 76.16, 0.00274817
FILLER_0_24_525, 242.995, 76.16, 0.00275041
FILLER_0_25_553, 255.846, 76.16, 0.00275265
FILLER_0_24_581, 268.697, 76.16, 0.00275489
FILLER_0_25_609, 281.548, 76.16, 0.00275712
PHY_42, 5.52, 70.72, 0.00245258
PHY_44, 5.52, 70.72, 0.00245258
output201, 5.52, 70.72, 0.00245258
PHY_43, 294.4, 70.72, 0.00283421
PHY_45, 294.4, 70.72, 0.00283421
input94, 294.4, 70.72, 0.00283421
FILLER_0_21_617, 294.4, 70.72, 0.00283421
FILLER_0_22_21, 15.33, 70.72, 0.00243252
FILLER_0_22_77, 37.94, 70.72, 0.00244185
FILLER_0_23_105, 50.74, 70.72, 0.00247124
FILLER_0_22_133, 63.54, 70.72, 0.00250062
FILLER_0_23_161, 76.34, 70.72, 0.00253001
FILLER_0_22_189, 89.14, 70.72, 0.0025594
FILLER_0_23_217, 101.94, 70.72, 0.00258879
FILLER_0_22_245, 114.74, 70.72, 0.00261818
FILLER_0_23_273, 127.54, 70.72, 0.00264756
FILLER_0_22_301, 140.34, 70.72, 0.00267695
FILLER_0_23_329, 153.14, 70.72, 0.00270634
FILLER_0_22_357, 165.94, 70.72, 0.00273573
FILLER_0_22_413, 191.591, 70.72, 0.00279256
_432_, 204.442, 70.72, 0.00282
FILLER_0_23_441, 204.442, 70.72, 0.00282
FILLER_0_22_469, 217.293, 70.72, 0.00282203
FILLER_0_23_497, 230.144, 70.72, 0.00282406
FILLER_0_22_525, 242.995, 70.72, 0.00282609
FILLER_0_23_553, 255.846, 70.72, 0.00282812
FILLER_0_22_581, 268.697, 70.72, 0.00283015
FILLER_0_22_613, 281.548, 70.72, 0.00283218
FILLER_0_23_609, 281.548, 70.72, 0.00283218
PHY_38, 5.52, 65.28, 0.00244495
PHY_40, 5.52, 65.28, 0.00244495
input83, 5.52, 65.28, 0.00244495
PHY_39, 294.4, 65.28, 0.00280847
PHY_41, 294.4, 65.28, 0.00280847
input72, 294.4, 65.28, 0.00280847
FILLER_0_19_617, 294.4, 65.28, 0.00280847
FILLER_0_20_19, 15.33, 65.28, 0.00244329
FILLER_0_20_77, 37.94, 65.28, 0.00246958
FILLER_0_21_105, 50.74, 65.28, 0.00249752
FILLER_0_20_133, 63.54, 65.28, 0.00252547
FILLER_0_21_161, 76.34, 65.28, 0.00255341
FILLER_0_20_189, 89.14, 65.28, 0.00258136
FILLER_0_21_217, 101.94, 65.28, 0.0026093
FILLER_0_19_237, 114.74, 65.28, 0.00263724
FILLER_0_20_245, 114.74, 65.28, 0.00263724
FILLER_0_21_273, 127.54, 65.28, 0.00266519
FILLER_0_20_301, 140.34, 65.28, 0.00269313
FILLER_0_21_329, 153.14, 65.28, 0.00272108
FILLER_0_20_357, 165.94, 65.28, 0.00274902
FILLER_0_20_413, 191.591, 65.28, 0.00278876
FILLER_0_21_417, 191.591, 65.28, 0.00278876
_340_, 204.442, 65.28, 0.00280055
_341_, 204.442, 65.28, 0.00280055
FILLER_0_20_471, 217.293, 65.28, 0.00280168
FILLER_0_21_497, 230.144, 65.28, 0.00280281
FILLER_0_20_525, 242.995, 65.28, 0.00280394
FILLER_0_21_553, 255.846, 65.28, 0.00280507
FILLER_0_20_581, 268.697, 65.28, 0.00280621
FILLER_0_20_613, 281.548, 65.28, 0.00280734
FILLER_0_21_609, 281.548, 65.28, 0.00280734
PHY_34, 5.52, 59.84, 0.00252484
PHY_36, 5.52, 59.84, 0.00252484
input96, 5.52, 59.84, 0.00252484
PHY_35, 294.4, 59.84, 0.00306593
PHY_37, 294.4, 59.84, 0.00306593
output188, 294.4, 59.84, 0.00306593
FILLER_0_17_617, 294.4, 59.84, 0.00306593
FILLER_0_18_77, 37.94, 59.84, 0.00259667
FILLER_0_19_105, 50.74, 59.84, 0.0026698
FILLER_0_18_133, 63.54, 59.84, 0.00274293
FILLER_0_19_161, 76.34, 59.84, 0.00281606
FILLER_0_18_189, 89.14, 59.84, 0.00288919
FILLER_0_19_217, 101.94, 59.84, 0.00296232
clkbuf_3_0__f_clk, 114.74, 59.84, 0.00303545
FILLER_0_18_245, 114.74, 59.84, 0.00303545
FILLER_0_19_274, 127.54, 59.84, 0.00300012
FILLER_0_18_301, 140.34, 59.84, 0.0029648
FILLER_0_19_329, 153.14, 59.84, 0.00292948
FILLER_0_18_357, 165.94, 59.84, 0.00289416
FILLER_0_18_413, 191.591, 59.84, 0.00288184
FILLER_0_19_441, 204.442, 59.84, 0.00290485
FILLER_0_18_469, 217.293, 59.84, 0.00292786
FILLER_0_19_497, 230.144, 59.84, 0.00295087
FILLER_0_18_525, 242.995, 59.84, 0.00297389
FILLER_0_19_553, 255.846, 59.84, 0.0029969
FILLER_0_18_581, 268.697, 59.84, 0.00301991
FILLER_0_19_609, 281.548, 59.84, 0.00304292
PHY_30, 5.52, 54.4, 0.00258781
PHY_32, 5.52, 54.4, 0.00258781
output193, 5.52, 54.4, 0.00258781
PHY_31, 294.4, 54.4, 0.0028167
PHY_33, 294.4, 54.4, 0.0028167
FILLER_0_15_617, 294.4, 54.4, 0.0028167
FILLER_0_16_21, 15.33, 54.4, 0.00256777
FILLER_0_16_77, 37.94, 54.4, 0.00257015
FILLER_0_17_105, 50.74, 54.4, 0.00259256
FILLER_0_16_133, 63.54, 54.4, 0.00261498
FILLER_0_17_161, 76.34, 54.4, 0.00263739
FILLER_0_16_189, 89.14, 54.4, 0.0026598
FILLER_0_17_217, 101.94, 54.4, 0.00268222
FILLER_0_16_245, 114.74, 54.4, 0.00270463
FILLER_0_17_273, 127.54, 54.4, 0.00272705
FILLER_0_16_301, 140.34, 54.4, 0.00274946
FILLER_0_17_329, 153.14, 54.4, 0.00277187
FILLER_0_16_357, 165.94, 54.4, 0.00279429
FILLER_0_16_413, 191.591, 54.4, 0.0028167
FILLER_0_17_441, 204.442, 54.4, 0.0028167
FILLER_0_16_469, 217.293, 54.4, 0.0028167
FILLER_0_17_497, 230.144, 54.4, 0.0028167
FILLER_0_16_525, 242.995, 54.4, 0.0028167
FILLER_0_17_553, 255.846, 54.4, 0.0028167
FILLER_0_16_581, 268.697, 54.4, 0.0028167
FILLER_0_17_609, 281.548, 54.4, 0.0028167
PHY_26, 5.52, 48.96, 0.00258431
PHY_28, 5.52, 48.96, 0.00258431
output125, 5.52, 48.96, 0.00258431
PHY_27, 294.4, 48.96, 0.00308545
PHY_29, 294.4, 48.96, 0.00308545
input48, 294.4, 48.96, 0.00308545
output139, 294.4, 48.96, 0.00308545
FILLER_0_13_617, 294.4, 48.96, 0.00308545
FILLER_0_14_21, 15.33, 48.96, 0.00257955
FILLER_0_14_77, 37.94, 48.96, 0.00259835
FILLER_0_15_105, 50.74, 48.96, 0.00262191
FILLER_0_14_133, 63.54, 48.96, 0.00264547
FILLER_0_15_161, 76.34, 48.96, 0.00266903
FILLER_0_14_189, 89.14, 48.96, 0.00269259
FILLER_0_15_217, 101.94, 48.96, 0.00271614
FILLER_0_14_245, 114.74, 48.96, 0.0027397
FILLER_0_15_273, 127.54, 48.96, 0.00276326
FILLER_0_14_301, 140.34, 48.96, 0.00278682
FILLER_0_15_329, 153.14, 48.96, 0.00281038
FILLER_0_14_357, 165.94, 48.96, 0.00283393
FILLER_0_14_413, 191.591, 48.96, 0.00288282
FILLER_0_15_441, 204.442, 48.96, 0.00290815
FILLER_0_14_469, 217.293, 48.96, 0.00293348
FILLER_0_15_497, 230.144, 48.96, 0.0029588
FILLER_0_14_525, 242.995, 48.96, 0.00298413
FILLER_0_15_553, 255.846, 48.96, 0.00300946
FILLER_0_14_581, 268.697, 48.96, 0.00303479
FILLER_0_15_609, 281.548, 48.96, 0.00306012
PHY_22, 5.52, 43.52, 0.0026351
PHY_24, 5.52, 43.52, 0.0026351
PHY_23, 294.4, 43.52, 0.00311901
PHY_25, 294.4, 43.52, 0.00311901
output154, 294.4, 43.52, 0.00311901
_385_, 37.94, 43.52, 0.00266587
_386_, 37.94, 43.52, 0.00266587
FILLER_0_12_81, 37.94, 43.52, 0.00266587
FILLER_0_13_105, 50.74, 43.52, 0.00268561
FILLER_0_12_133, 63.54, 43.52, 0.00270535
FILLER_0_13_161, 76.34, 43.52, 0.0027251
FILLER_0_12_189, 89.14, 43.52, 0.00274484
FILLER_0_13_217, 101.94, 43.52, 0.00276459
FILLER_0_12_245, 114.74, 43.52, 0.00278433
FILLER_0_13_273, 127.54, 43.52, 0.00280408
FILLER_0_12_301, 140.34, 43.52, 0.00282382
FILLER_0_13_329, 153.14, 43.52, 0.00284357
FILLER_0_12_357, 165.94, 43.52, 0.00286331
FILLER_0_12_413, 191.591, 43.52, 0.00290927
FILLER_0_13_441, 204.442, 43.52, 0.00293549
FILLER_0_12_469, 217.293, 43.52, 0.00296171
FILLER_0_13_497, 230.144, 43.52, 0.00298793
FILLER_0_12_525, 242.995, 43.52, 0.00301414
FILLER_0_13_553, 255.846, 43.52, 0.00304036
FILLER_0_12_581, 268.697, 43.52, 0.00306658
FILLER_0_13_609, 281.548, 43.52, 0.00309279
PHY_18, 5.52, 38.08, 0.00270557
PHY_20, 5.52, 38.08, 0.00270557
output147, 5.52, 38.08, 0.00270557
PHY_19, 294.4, 38.08, 0.00314403
PHY_21, 294.4, 38.08, 0.00314403
output140, 294.4, 38.08, 0.00314403
FILLER_0_10_77, 37.94, 38.08, 0.00268545
FILLER_0_11_109, 50.74, 38.08, 0.00270539
FILLER_0_10_133, 63.54, 38.08, 0.00272533
FILLER_0_11_161, 76.34, 38.08, 0.00274527
FILLER_0_10_189, 89.14, 38.08, 0.00276521
FILLER_0_11_217, 101.94, 38.08, 0.00278515
FILLER_0_10_245, 114.74, 38.08, 0.00280508
FILLER_0_11_273, 127.54, 38.08, 0.00282502
FILLER_0_10_301, 140.34, 38.08, 0.00284496
FILLER_0_11_329, 153.14, 38.08, 0.0028649
FILLER_0_10_357, 165.94, 38.08, 0.00288484
FILLER_0_10_413, 191.591, 38.08, 0.00293136
FILLER_0_11_441, 204.442, 38.08, 0.00295794
FILLER_0_10_469, 217.293, 38.08, 0.00298452
FILLER_0_11_497, 230.144, 38.08, 0.00301111
FILLER_0_10_525, 242.995, 38.08, 0.00303769
FILLER_0_11_553, 255.846, 38.08, 0.00306428
FILLER_0_10_581, 268.697, 38.08, 0.00309086
FILLER_0_11_609, 281.548, 38.08, 0.00311744
PHY_14, 5.52, 32.64, 0.00268257
PHY_16, 5.52, 32.64, 0.00268257
input50, 5.52, 32.64, 0.00268257
PHY_15, 294.4, 32.64, 0.00290624
PHY_17, 294.4, 32.64, 0.00290624
FILLER_0_7_617, 294.4, 32.64, 0.00290624
FILLER_0_8_77, 37.94, 32.64, 0.00269944
FILLER_0_9_105, 50.74, 32.64, 0.00271824
FILLER_0_8_133, 63.54, 32.64, 0.00273704
FILLER_0_9_161, 76.34, 32.64, 0.00275584
FILLER_0_8_189, 89.14, 32.64, 0.00277464
FILLER_0_9_217, 101.94, 32.64, 0.00279344
FILLER_0_8_245, 114.74, 32.64, 0.00281224
FILLER_0_9_273, 127.54, 32.64, 0.00283104
FILLER_0_8_301, 140.34, 32.64, 0.00284984
FILLER_0_9_329, 153.14, 32.64, 0.00286864
FILLER_0_8_357, 165.94, 32.64, 0.00288744
FILLER_0_8_413, 191.591, 32.64, 0.00290624
FILLER_0_9_441, 204.442, 32.64, 0.00290624
FILLER_0_8_469, 217.293, 32.64, 0.00290624
FILLER_0_9_497, 230.144, 32.64, 0.00290624
FILLER_0_8_525, 242.995, 32.64, 0.00290624
FILLER_0_9_553, 255.846, 32.64, 0.00290624
FILLER_0_8_581, 268.697, 32.64, 0.00290624
FILLER_0_9_609, 281.548, 32.64, 0.00290624
PHY_10, 5.52, 27.2, 0.00271933
PHY_12, 5.52, 27.2, 0.00271933
input80, 5.52, 27.2, 0.00271933
PHY_11, 294.4, 27.2, 0.00303917
PHY_13, 294.4, 27.2, 0.00303917
input89, 294.4, 27.2, 0.00303917
FILLER_0_5_617, 294.4, 27.2, 0.00303917
FILLER_0_6_77, 37.94, 27.2, 0.00275019
FILLER_0_7_105, 50.74, 27.2, 0.00278254
FILLER_0_6_133, 63.54, 27.2, 0.0028149
_227_, 76.34, 27.2, 0.00284725
FILLER_0_7_161, 76.34, 27.2, 0.00284725
_228_, 89.14, 27.2, 0.00287841
FILLER_0_5_169, 89.14, 27.2, 0.00287841
FILLER_0_7_217, 101.94, 27.2, 0.00290833
FILLER_0_6_245, 114.74, 27.2, 0.00293825
FILLER_0_6_277, 127.54, 27.2, 0.00296817
FILLER_0_7_273, 127.54, 27.2, 0.00296817
_373_, 140.34, 27.2, 0.00299809
_374_, 140.34, 27.2, 0.00299809
_448_, 140.34, 27.2, 0.00299809
FILLER_0_5_281, 140.34, 27.2, 0.00299809
FILLER_0_7_329, 153.14, 27.2, 0.00299383
FILLER_0_6_357, 165.94, 27.2, 0.00298957
_288_, 191.591, 27.2, 0.00302537
_407_, 191.591, 27.2, 0.00302537
FILLER_0_6_413, 191.591, 27.2, 0.00302537
FILLER_0_7_405, 191.591, 27.2, 0.00302537
_287_, 204.442, 27.2, 0.00303281
FILLER_0_7_445, 204.442, 27.2, 0.00303281
FILLER_0_6_466, 217.293, 27.2, 0.00303372
FILLER_0_7_497, 230.144, 27.2, 0.00303463
FILLER_0_6_525, 242.995, 27.2, 0.00303553
FILLER_0_7_553, 255.846, 27.2, 0.00303644
FILLER_0_6_581, 268.697, 27.2, 0.00303735
FILLER_0_6_613, 281.548, 27.2, 0.00303826
FILLER_0_7_609, 281.548, 27.2, 0.00303826
PHY_6, 5.52, 21.76, 0.00274413
PHY_8, 5.52, 21.76, 0.00274413
input88, 5.52, 21.76, 0.00274413
PHY_7, 294.4, 21.76, 0.00323235
PHY_9, 294.4, 21.76, 0.00323235
output142, 294.4, 21.76, 0.00323235
FILLER_0_3_617, 294.4, 21.76, 0.00323235
FILLER_0_4_77, 37.94, 21.76, 0.00277007
FILLER_0_5_105, 50.74, 21.76, 0.00280068
FILLER_0_4_133, 63.54, 21.76, 0.00283129
FILLER_0_5_161, 76.34, 21.76, 0.0028619
FILLER_0_4_189, 89.14, 21.76, 0.00289251
FILLER_0_5_215, 101.94, 21.76, 0.00292312
FILLER_0_4_245, 114.74, 21.76, 0.00295373
FILLER_0_5_273, 127.54, 21.76, 0.00298434
_266_, 140.34, 21.76, 0.00301495
_270_, 140.34, 21.76, 0.00301495
hold8, 140.34, 21.76, 0.00301495
FILLER_0_3_281, 140.34, 21.76, 0.00301495
_239_, 153.14, 21.76, 0.00302609
_240_, 153.14, 21.76, 0.00302609
hold10, 153.14, 21.76, 0.00302609
FILLER_0_5_331, 153.14, 21.76, 0.00302609
_284_, 191.591, 21.76, 0.00304785
_327_, 191.591, 21.76, 0.00304785
FILLER_0_3_402, 191.591, 21.76, 0.00304785
FILLER_0_5_441, 204.442, 21.76, 0.00307091
FILLER_0_4_469, 217.293, 21.76, 0.00309397
FILLER_0_5_497, 230.144, 21.76, 0.00311704
FILLER_0_4_525, 242.995, 21.76, 0.0031401
FILLER_0_5_553, 255.846, 21.76, 0.00316316
FILLER_0_4_581, 268.697, 21.76, 0.00318622
FILLER_0_4_613, 281.548, 21.76, 0.00320928
FILLER_0_5_609, 281.548, 21.76, 0.00320928
PHY_2, 5.52, 16.32, 0.002865
PHY_4, 5.52, 16.32, 0.002865
output138, 5.52, 16.32, 0.002865
FILLER_0_2_9, 5.52, 16.32, 0.002865
PHY_3, 294.4, 16.32, 0.00372365
PHY_5, 294.4, 16.32, 0.00372365
output158, 294.4, 16.32, 0.00372365
output171, 294.4, 16.32, 0.00372365
_457_, 15.33, 16.32, 0.00284496
output168, 15.33, 16.32, 0.00284496
FILLER_0_2_77, 37.94, 16.32, 0.00290799
FILLER_0_3_105, 50.74, 16.32, 0.00299343
FILLER_0_2_133, 63.54, 16.32, 0.00307887
_453_, 76.34, 16.32, 0.00316431
FILLER_0_3_161, 76.34, 16.32, 0.00316431
_383_, 89.14, 16.32, 0.0032242
_384_, 89.14, 16.32, 0.0032242
FILLER_0_1_169, 89.14, 16.32, 0.0032242
FILLER_0_2_221, 101.94, 16.32, 0.00327313
FILLER_0_3_217, 101.94, 16.32, 0.00327313
_445_, 114.74, 16.32, 0.00332205
FILLER_0_2_229, 114.74, 16.32, 0.00332205
FILLER_0_2_277, 127.54, 16.32, 0.00334063
FILLER_0_3_273, 127.54, 16.32, 0.00334063
_223_, 140.34, 16.32, 0.00335922
_265_, 140.34, 16.32, 0.00335922
_269_, 140.34, 16.32, 0.00335922
_399_, 140.34, 16.32, 0.00335922
_224_, 153.14, 16.32, 0.00332844
_366_, 153.14, 16.32, 0.00332844
_444_, 153.14, 16.32, 0.00332844
FILLER_0_3_330, 153.14, 16.32, 0.00332844
FILLER_0_2_356, 165.94, 16.32, 0.00325879
_321_, 191.591, 16.32, 0.00331718
_405_, 191.591, 16.32, 0.00331718
_423_, 191.591, 16.32, 0.00331718
_283_, 204.442, 16.32, 0.0033737
FILLER_0_3_441, 204.442, 16.32, 0.0033737
FILLER_0_2_466, 217.293, 16.32, 0.00342369
FILLER_0_3_497, 230.144, 16.32, 0.00347369
FILLER_0_2_525, 242.995, 16.32, 0.00352368
FILLER_0_3_553, 255.846, 16.32, 0.00357367
FILLER_0_2_581, 268.697, 16.32, 0.00362366
FILLER_0_2_613, 281.548, 16.32, 0.00367366
FILLER_0_3_609, 281.548, 16.32, 0.00367366
PHY_0, 5.52, 10.88, 0.00310521
input81, 5.52, 10.88, 0.00310521
output141, 5.52, 10.88, 0.00310521
output176, 5.52, 10.88, 0.00310521
PHY_1, 294.4, 10.88, 0.00432087
output165, 294.4, 10.88, 0.00432087
output163, 15.33, 10.88, 0.00306269
output183, 15.33, 10.88, 0.00306269
FILLER_0_0_19, 15.33, 10.88, 0.00306269
FILLER_0_0_29, 15.33, 10.88, 0.00306269
input77, 37.94, 10.88, 0.00313702
input92, 37.94, 10.88, 0.00313702
FILLER_0_0_62, 37.94, 10.88, 0.00313702
FILLER_0_0_70, 37.94, 10.88, 0.00313702
FILLER_0_0_76, 37.94, 10.88, 0.00313702
input57, 50.74, 10.88, 0.0032916
input71, 50.74, 10.88, 0.0032916
FILLER_0_0_90, 50.74, 10.88, 0.0032916
FILLER_0_0_98, 50.74, 10.88, 0.0032916
FILLER_0_0_104, 50.74, 10.88, 0.0032916
FILLER_0_1_105, 50.74, 10.88, 0.0032916
output162, 63.54, 10.88, 0.00344472
output182, 63.54, 10.88, 0.00344472
output191, 63.54, 10.88, 0.00344472
FILLER_0_0_126, 63.54, 10.88, 0.00344472
input25, 76.34, 10.88, 0.00351905
input86, 76.34, 10.88, 0.00351905
FILLER_0_0_141, 76.34, 10.88, 0.00351905
FILLER_0_0_153, 76.34, 10.88, 0.00351905
FILLER_0_0_161, 76.34, 10.88, 0.00351905
FILLER_0_1_161, 76.34, 10.88, 0.00351905
output114, 89.14, 10.88, 0.00359074
output156, 89.14, 10.88, 0.00359074
FILLER_0_0_169, 89.14, 10.88, 0.00359074
FILLER_0_0_182, 89.14, 10.88, 0.00359074
FILLER_0_0_191, 89.14, 10.88, 0.00359074
input28, 101.94, 10.88, 0.00362983
input55, 101.94, 10.88, 0.00362983
FILLER_0_0_202, 101.94, 10.88, 0.00362983
FILLER_0_0_210, 101.94, 10.88, 0.00362983
FILLER_0_0_216, 101.94, 10.88, 0.00362983
FILLER_0_1_213, 101.94, 10.88, 0.00362983
FILLER_0_1_221, 101.94, 10.88, 0.00362983
_367_, 114.74, 10.88, 0.00366767
_368_, 114.74, 10.88, 0.00366767
input47, 114.74, 10.88, 0.00366767
output151, 114.74, 10.88, 0.00366767
output192, 114.74, 10.88, 0.00366767
FILLER_0_0_231, 114.74, 10.88, 0.00366767
FILLER_0_0_245, 114.74, 10.88, 0.00366767
input26, 127.54, 10.88, 0.00364194
input93, 127.54, 10.88, 0.00364194
FILLER_0_0_253, 127.54, 10.88, 0.00364194
FILLER_0_0_265, 127.54, 10.88, 0.00364194
FILLER_0_0_273, 127.54, 10.88, 0.00364194
FILLER_0_1_276, 127.54, 10.88, 0.00364194
_397_, 140.34, 10.88, 0.00361347
input73, 140.34, 10.88, 0.00361347
output108, 140.34, 10.88, 0.00361347
FILLER_0_0_281, 140.34, 10.88, 0.00361347
FILLER_0_0_293, 140.34, 10.88, 0.00361347
_365_, 153.14, 10.88, 0.00355346
input51, 153.14, 10.88, 0.00355346
output186, 153.14, 10.88, 0.00355346
FILLER_0_0_317, 153.14, 10.88, 0.00355346
FILLER_0_0_328, 153.14, 10.88, 0.00355346
FILLER_0_1_331, 153.14, 10.88, 0.00355346
input7, 165.94, 10.88, 0.00345884
output161, 165.94, 10.88, 0.00345884
FILLER_0_0_342, 165.94, 10.88, 0.00345884
FILLER_0_0_350, 165.94, 10.88, 0.00345884
FILLER_0_0_359, 165.94, 10.88, 0.00345884
input30, 191.591, 10.88, 0.00354343
FILLER_0_0_393, 191.591, 10.88, 0.00354343
FILLER_0_0_417, 191.591, 10.88, 0.00354343
output109, 204.442, 10.88, 0.00374898
output144, 204.442, 10.88, 0.00374898
output200, 204.442, 10.88, 0.00374898
FILLER_0_0_427, 204.442, 10.88, 0.00374898
FILLER_0_0_442, 204.442, 10.88, 0.00374898
FILLER_0_1_438, 204.442, 10.88, 0.00374898
input64, 217.293, 10.88, 0.00389531
output177, 217.293, 10.88, 0.00389531
FILLER_0_0_455, 217.293, 10.88, 0.00389531
FILLER_0_0_468, 217.293, 10.88, 0.00389531
output111, 230.144, 10.88, 0.00401424
output164, 230.144, 10.88, 0.00401424
FILLER_0_0_485, 230.144, 10.88, 0.00401424
FILLER_0_0_499, 230.144, 10.88, 0.00401424
FILLER_0_1_497, 230.144, 10.88, 0.00401424
input15, 242.995, 10.88, 0.00410046
input46, 242.995, 10.88, 0.00410046
output119, 242.995, 10.88, 0.00410046
FILLER_0_0_511, 242.995, 10.88, 0.00410046
FILLER_0_0_518, 242.995, 10.88, 0.00410046
input66, 255.846, 10.88, 0.0041771
FILLER_0_0_533, 255.846, 10.88, 0.0041771
FILLER_0_1_553, 255.846, 10.88, 0.0041771
input10, 268.697, 10.88, 0.00425098
input91, 268.697, 10.88, 0.00425098
output149, 268.697, 10.88, 0.00425098
FILLER_0_0_570, 268.697, 10.88, 0.00425098
FILLER_0_0_581, 268.697, 10.88, 0.00425098
input5, 281.548, 10.88, 0.00429455
input56, 281.548, 10.88, 0.00429455
input97, 281.548, 10.88, 0.00429455
output120, 281.548, 10.88, 0.00429455
output121, 281.548, 10.88, 0.00429455
FILLER_0_0_595, 281.548, 10.88, 0.00429455
FILLER_0_1_609, 281.548, 10.88, 0.00429455

