Partial/Required:  2.81, Required:    400.0, Partial:   1126.0, Net: net90, Pin: _245_/A, Layer: met1
Partial/Required:  2.67, Required:    400.0, Partial:  1069.78, Net: net31, Pin: _273_/A0, Layer: met1
Partial/Required:  2.29, Required:    400.0, Partial:   914.22, Net: net19, Pin: _310_/A0, Layer: met1
Partial/Required:  2.20, Required:    400.0, Partial:    879.0, Net: net14, Pin: _300_/A0, Layer: met1
Partial/Required:  2.18, Required:    400.0, Partial:   870.78, Net: net60, Pin: _331_/A0, Layer: met1
Partial/Required:  2.01, Required:    400.0, Partial:   803.44, Net: net78, Pin: _185_/A, Layer: met1
Partial/Required:  1.99, Required:    400.0, Partial:   797.22, Net: net84, Pin: _235_/A, Layer: met1
Partial/Required:  1.95, Required:    400.0, Partial:    781.0, Net: net18, Pin: _308_/A0, Layer: met1
Partial/Required:  1.91, Required:    400.0, Partial:   765.56, Net: net38, Pin: _350_/A0, Layer: met1
Partial/Required:  1.86, Required:    400.0, Partial:    745.0, Net: net50, Pin: _373_/A0, Layer: met1
Partial/Required:  1.67, Required:    400.0, Partial:   669.11, Net: net125, Pin: output125/A, Layer: met1
Partial/Required:  1.67, Required:    400.0, Partial:   667.89, Net: net95, Pin: _195_/A, Layer: met1
Partial/Required:  1.62, Required:    400.0, Partial:   646.43, Net: net136, Pin: output136/A, Layer: met1
Partial/Required:  1.57, Required:    400.0, Partial:   626.71, Net: net137, Pin: output137/A, Layer: met1
Partial/Required:  1.56, Required:    400.0, Partial:   624.33, Net: net9, Pin: _291_/A0, Layer: met1
Partial/Required:  1.51, Required:    400.0, Partial:    604.1, Net: net181, Pin: output181/A, Layer: met1
Partial/Required:  1.31, Required:    400.0, Partial:   523.64, Net: net194, Pin: output194/A, Layer: met1
Partial/Required:  1.26, Required:    400.0, Partial:   502.33, Net: net10, Pin: _294_/A0, Layer: met1
Partial/Required:  1.17, Required:    400.0, Partial:   467.23, Net: net187, Pin: output187/A, Layer: met2
Partial/Required:  1.16, Required:    400.0, Partial:    462.0, Net: net174, Pin: output174/A, Layer: met1
Partial/Required:  1.15, Required:    400.0, Partial:   461.44, Net: net133, Pin: _189_/B, Layer: met1
Partial/Required:  1.15, Required:    400.0, Partial:   460.49, Net: net202, Pin: output202/A, Layer: met1
Partial/Required:  1.14, Required:    400.0, Partial:    457.4, Net: net118, Pin: output118/A, Layer: met1
Partial/Required:  1.14, Required:    400.0, Partial:   456.33, Net: net56, Pin: _327_/A0, Layer: met1
Partial/Required:  1.12, Required:    400.0, Partial:   448.89, Net: _079_, Pin: _220_/B, Layer: met1
Partial/Required:  1.11, Required:    400.0, Partial:   442.41, Net: net147, Pin: output147/A, Layer: met1
Partial/Required:  1.04, Required:    400.0, Partial:   415.93, Net: net100, Pin: fanout205/A, Layer: met1
Partial/Required:  1.03, Required:    400.0, Partial:   412.25, Net: net155, Pin: output155/A, Layer: met1
Partial/Required:  1.02, Required:    400.0, Partial:   409.67, Net: _115_, Pin: _379_/S, Layer: met1
