
===========================================================================
report_checks -unconstrained
===========================================================================
======================= Typical Corner ===================================

Startpoint: rst_n (input port clocked by clk)
Endpoint: _429_ (recovery check against rising-edge clock clk)
Path Group: asynchronous
Path Type: max

Fanout     Cap    Slew   Delay    Time   Description
-----------------------------------------------------------------------------
                          0.00    0.00   clock clk (rise edge)
                          0.00    0.00   clock network delay (propagated)
                          2.00    2.00 ^ input external delay
                  0.02    0.01    2.01 ^ rst_n (in)
     1    0.00                           rst_n (net)
                  0.02    0.00    2.01 ^ input10/A (sky130_fd_sc_hd__buf_1)
                  0.15    0.15    2.16 ^ input10/X (sky130_fd_sc_hd__buf_1)
     2    0.01                           net10 (net)
                  0.15    0.00    2.16 ^ fanout27/A (sky130_fd_sc_hd__buf_2)
                  0.18    0.25    2.42 ^ fanout27/X (sky130_fd_sc_hd__buf_2)
     7    0.04                           net27 (net)
                  0.18    0.00    2.42 ^ fanout25/A (sky130_fd_sc_hd__clkbuf_4)
                  0.15    0.27    2.69 ^ fanout25/X (sky130_fd_sc_hd__clkbuf_4)
    10    0.05                           net25 (net)
                  0.15    0.00    2.69 ^ _429_/SET_B (sky130_fd_sc_hd__dfstp_1)
                                  2.69   data arrival time

                         10.00   10.00   clock clk (rise edge)
                          0.00   10.00   clock source latency
                  0.09    0.06   10.06 ^ clk (in)
     1    0.02                           clk (net)
                  0.09    0.00   10.06 ^ clkbuf_0_clk/A (sky130_fd_sc_hd__clkbuf_16)
                  0.10    0.18   10.24 ^ clkbuf_0_clk/X (sky130_fd_sc_hd__clkbuf_16)
     8    0.09                           clknet_0_clk (net)
                  0.10    0.00   10.24 ^ clkbuf_3_5__f_clk/A (sky130_fd_sc_hd__clkbuf_16)
                  0.04    0.14   10.38 ^ clkbuf_3_5__f_clk/X (sky130_fd_sc_hd__clkbuf_16)
     6    0.02                           clknet_3_5__leaf_clk (net)
                  0.04    0.00   10.38 ^ _429_/CLK (sky130_fd_sc_hd__dfstp_1)
                         -0.25   10.13   clock uncertainty
                          0.00   10.13   clock reconvergence pessimism
                          0.13   10.26   library recovery time
                                 10.26   data required time
-----------------------------------------------------------------------------
                                 10.26   data required time
                                 -2.69   data arrival time
-----------------------------------------------------------------------------
                                  7.56   slack (MET)


Startpoint: _429_ (rising edge-triggered flip-flop clocked by clk)
Endpoint: tx_out (output port clocked by clk)
Path Group: clk
Path Type: max

Fanout     Cap    Slew   Delay    Time   Description
-----------------------------------------------------------------------------
                          0.00    0.00   clock clk (rise edge)
                          0.00    0.00   clock source latency
                  0.09    0.07    0.07 ^ clk (in)
     1    0.02                           clk (net)
                  0.09    0.00    0.07 ^ clkbuf_0_clk/A (sky130_fd_sc_hd__clkbuf_16)
                  0.10    0.20    0.27 ^ clkbuf_0_clk/X (sky130_fd_sc_hd__clkbuf_16)
     8    0.09                           clknet_0_clk (net)
                  0.10    0.00    0.27 ^ clkbuf_3_5__f_clk/A (sky130_fd_sc_hd__clkbuf_16)
                  0.04    0.15    0.42 ^ clkbuf_3_5__f_clk/X (sky130_fd_sc_hd__clkbuf_16)
     6    0.02                           clknet_3_5__leaf_clk (net)
                  0.04    0.00    0.42 ^ _429_/CLK (sky130_fd_sc_hd__dfstp_1)
                  0.04    0.51    0.93 ^ _429_/Q (sky130_fd_sc_hd__dfstp_1)
     1    0.00                           net22 (net)
                  0.04    0.00    0.93 ^ output22/A (sky130_fd_sc_hd__buf_2)
                  0.17    0.21    1.14 ^ output22/X (sky130_fd_sc_hd__buf_2)
     1    0.03                           tx_out (net)
                  0.17    0.00    1.14 ^ tx_out (out)
                                  1.14   data arrival time

                         10.00   10.00   clock clk (rise edge)
                          0.00   10.00   clock network delay (propagated)
                         -0.25    9.75   clock uncertainty
                          0.00    9.75   clock reconvergence pessimism
                         -2.00    7.75   output external delay
                                  7.75   data required time
-----------------------------------------------------------------------------
                                  7.75   data required time
                                 -1.14   data arrival time
-----------------------------------------------------------------------------
                                  6.61   slack (MET)




===========================================================================
report_checks --slack_max -0.01
============================================================================
======================= Typical Corner ===================================

No paths found.


===========================================================================
 report_check_types -max_slew -max_cap -max_fanout -violators
============================================================================
======================= Typical Corner ===================================



===========================================================================
report_parasitic_annotation -report_unannotated
============================================================================
Found 0 unannotated drivers.
Found 0 partially unannotated drivers.

===========================================================================
max slew violation count 0
max fanout violation count 0
max cap violation count 0
============================================================================

===========================================================================
check_setup -verbose -unconstrained_endpoints -multiple_clock -no_clock -no_input_delay -loops -generated_clocks
===========================================================================
