
===========================================================================
 report_power
============================================================================
======================= Fastest Corner ===================================

Group                  Internal  Switching    Leakage      Total
                          Power      Power      Power      Power (Watts)
----------------------------------------------------------------
Sequential             3.54e-04   7.47e-05   2.85e-07   4.29e-04  40.4%
Combinational          3.87e-04   2.47e-04   3.46e-09   6.33e-04  59.6%
Macro                  0.00e+00   0.00e+00   0.00e+00   0.00e+00   0.0%
Pad                    0.00e+00   0.00e+00   0.00e+00   0.00e+00   0.0%
----------------------------------------------------------------
Total                  7.41e-04   3.22e-04   2.88e-07   1.06e-03 100.0%
                          69.7%      30.3%       0.0%

======================= Slowest Corner ===================================

Group                  Internal  Switching    Leakage      Total
                          Power      Power      Power      Power (Watts)
----------------------------------------------------------------
Sequential             2.38e-04   4.82e-05   1.17e-06   2.88e-04  39.7%
Combinational          2.76e-04   1.60e-04   1.51e-06   4.37e-04  60.3%
Macro                  0.00e+00   0.00e+00   0.00e+00   0.00e+00   0.0%
Pad                    0.00e+00   0.00e+00   0.00e+00   0.00e+00   0.0%
----------------------------------------------------------------
Total                  5.14e-04   2.08e-04   2.68e-06   7.25e-04 100.0%
                          70.9%      28.7%       0.4%

======================= Typical Corner ===================================

Group                  Internal  Switching    Leakage      Total
                          Power      Power      Power      Power (Watts)
----------------------------------------------------------------
Sequential             3.06e-04   6.22e-05   2.85e-07   3.69e-04  40.2%
Combinational          3.42e-04   2.07e-04   1.84e-09   5.48e-04  59.8%
Macro                  0.00e+00   0.00e+00   0.00e+00   0.00e+00   0.0%
Pad                    0.00e+00   0.00e+00   0.00e+00   0.00e+00   0.0%
----------------------------------------------------------------
Total                  6.48e-04   2.69e-04   2.87e-07   9.17e-04 100.0%
                          70.7%      29.3%       0.0%

